../Core/Src/main.c:137:6:HAL_SPI_TxRxCpltCallback	24	static,ignoring_inline_asm
../Core/Src/main.c:148:6:HAL_TIM_PWM_PulseFinishedHalfCpltCallback	24	static
../Core/Src/main.c:184:7:get_pitch	24	static
../Core/Src/main.c:188:7:get_roll	16	static
../Core/Src/main.c:192:6:init_PIDs	8	static
../Core/Src/main.c:207:6:CRSF_IdleHandler	24	static
../Core/Src/main.c:239:5:main	16	static
../Core/Src/main.c:342:6:SystemClock_Config	88	static
../Core/Src/main.c:395:6:HAL_TIM_PeriodElapsedCallback	16	static
../Core/Src/main.c:419:6:Error_Handler	4	static,ignoring_inline_asm
