../Core/Src/stm32f4xx_it.c:83:6:NMI_Handler	4	static
../Core/Src/stm32f4xx_it.c:98:6:HardFault_Handler	4	static
../Core/Src/stm32f4xx_it.c:113:6:MemManage_Handler	4	static
../Core/Src/stm32f4xx_it.c:128:6:BusFault_Handler	4	static
../Core/Src/stm32f4xx_it.c:143:6:UsageFault_Handler	4	static
../Core/Src/stm32f4xx_it.c:158:6:DebugMon_Handler	4	static
../Core/Src/stm32f4xx_it.c:178:6:DMA1_Stream0_IRQHandler	8	static
../Core/Src/stm32f4xx_it.c:192:6:DMA1_Stream2_IRQHandler	8	static
../Core/Src/stm32f4xx_it.c:206:6:DMA1_Stream3_IRQHandler	8	static
../Core/Src/stm32f4xx_it.c:220:6:DMA1_Stream4_IRQHandler	8	static
../Core/Src/stm32f4xx_it.c:234:6:TIM2_IRQHandler	8	static
../Core/Src/stm32f4xx_it.c:248:6:TIM4_IRQHandler	8	static
../Core/Src/stm32f4xx_it.c:262:6:SPI1_IRQHandler	8	static
../Core/Src/stm32f4xx_it.c:276:6:DMA1_Stream7_IRQHandler	8	static
../Core/Src/stm32f4xx_it.c:290:6:DMA2_Stream0_IRQHandler	8	static
../Core/Src/stm32f4xx_it.c:304:6:DMA2_Stream1_IRQHandler	8	static
../Core/Src/stm32f4xx_it.c:318:6:DMA2_Stream3_IRQHandler	8	static
../Core/Src/stm32f4xx_it.c:332:6:OTG_FS_IRQHandler	8	static
../Core/Src/stm32f4xx_it.c:346:6:USART6_IRQHandler	16	static,ignoring_inline_asm
