Archive member included to satisfy reference by file (symbol)

D:/STM32CubeIDE_1.19.0/STM32CubeIDE/plugins/com.st.stm32cube.ide.mcu.externaltools.gnu-tools-for-stm32.13.3.rel1.win32_1.0.100.202509120712/tools/bin/../lib/gcc/arm-none-eabi/13.3.1/../../../../arm-none-eabi/lib/thumb/v7e-m+fp/hard\libc_nano.a(libc_a-exit.o)
                              D:/STM32CubeIDE_1.19.0/STM32CubeIDE/plugins/com.st.stm32cube.ide.mcu.externaltools.gnu-tools-for-stm32.13.3.rel1.win32_1.0.100.202509120712/tools/bin/../lib/gcc/arm-none-eabi/13.3.1/../../../../arm-none-eabi/lib/thumb/v7e-m+fp/hard/crt0.o (exit)
D:/STM32CubeIDE_1.19.0/STM32CubeIDE/plugins/com.st.stm32cube.ide.mcu.externaltools.gnu-tools-for-stm32.13.3.rel1.win32_1.0.100.202509120712/tools/bin/../lib/gcc/arm-none-eabi/13.3.1/../../../../arm-none-eabi/lib/thumb/v7e-m+fp/hard\libc_nano.a(libc_a-nano-vfprintf_float.o)
                              (_printf_float)
D:/STM32CubeIDE_1.19.0/STM32CubeIDE/plugins/com.st.stm32cube.ide.mcu.externaltools.gnu-tools-for-stm32.13.3.rel1.win32_1.0.100.202509120712/tools/bin/../lib/gcc/arm-none-eabi/13.3.1/../../../../arm-none-eabi/lib/thumb/v7e-m+fp/hard\libc_nano.a(libc_a-nano-vfprintf_i.o)
                              D:/STM32CubeIDE_1.19.0/STM32CubeIDE/plugins/com.st.stm32cube.ide.mcu.externaltools.gnu-tools-for-stm32.13.3.rel1.win32_1.0.100.202509120712/tools/bin/../lib/gcc/arm-none-eabi/13.3.1/../../../../arm-none-eabi/lib/thumb/v7e-m+fp/hard\libc_nano.a(libc_a-nano-vfprintf_float.o) (_printf_common)
D:/STM32CubeIDE_1.19.0/STM32CubeIDE/plugins/com.st.stm32cube.ide.mcu.externaltools.gnu-tools-for-stm32.13.3.rel1.win32_1.0.100.202509120712/tools/bin/../lib/gcc/arm-none-eabi/13.3.1/../../../../arm-none-eabi/lib/thumb/v7e-m+fp/hard\libc_nano.a(libc_a-findfp.o)
                              D:/STM32CubeIDE_1.19.0/STM32CubeIDE/plugins/com.st.stm32cube.ide.mcu.externaltools.gnu-tools-for-stm32.13.3.rel1.win32_1.0.100.202509120712/tools/bin/../lib/gcc/arm-none-eabi/13.3.1/../../../../arm-none-eabi/lib/thumb/v7e-m+fp/hard\libc_nano.a(libc_a-exit.o) (__stdio_exit_handler)
D:/STM32CubeIDE_1.19.0/STM32CubeIDE/plugins/com.st.stm32cube.ide.mcu.externaltools.gnu-tools-for-stm32.13.3.rel1.win32_1.0.100.202509120712/tools/bin/../lib/gcc/arm-none-eabi/13.3.1/../../../../arm-none-eabi/lib/thumb/v7e-m+fp/hard\libc_nano.a(libc_a-fwalk.o)
                              D:/STM32CubeIDE_1.19.0/STM32CubeIDE/plugins/com.st.stm32cube.ide.mcu.externaltools.gnu-tools-for-stm32.13.3.rel1.win32_1.0.100.202509120712/tools/bin/../lib/gcc/arm-none-eabi/13.3.1/../../../../arm-none-eabi/lib/thumb/v7e-m+fp/hard\libc_nano.a(libc_a-findfp.o) (_fwalk_sglue)
D:/STM32CubeIDE_1.19.0/STM32CubeIDE/plugins/com.st.stm32cube.ide.mcu.externaltools.gnu-tools-for-stm32.13.3.rel1.win32_1.0.100.202509120712/tools/bin/../lib/gcc/arm-none-eabi/13.3.1/../../../../arm-none-eabi/lib/thumb/v7e-m+fp/hard\libc_nano.a(libc_a-stdio.o)
                              D:/STM32CubeIDE_1.19.0/STM32CubeIDE/plugins/com.st.stm32cube.ide.mcu.externaltools.gnu-tools-for-stm32.13.3.rel1.win32_1.0.100.202509120712/tools/bin/../lib/gcc/arm-none-eabi/13.3.1/../../../../arm-none-eabi/lib/thumb/v7e-m+fp/hard\libc_nano.a(libc_a-findfp.o) (__sread)
D:/STM32CubeIDE_1.19.0/STM32CubeIDE/plugins/com.st.stm32cube.ide.mcu.externaltools.gnu-tools-for-stm32.13.3.rel1.win32_1.0.100.202509120712/tools/bin/../lib/gcc/arm-none-eabi/13.3.1/../../../../arm-none-eabi/lib/thumb/v7e-m+fp/hard\libc_nano.a(libc_a-memset.o)
                              D:/STM32CubeIDE_1.19.0/STM32CubeIDE/plugins/com.st.stm32cube.ide.mcu.externaltools.gnu-tools-for-stm32.13.3.rel1.win32_1.0.100.202509120712/tools/bin/../lib/gcc/arm-none-eabi/13.3.1/../../../../arm-none-eabi/lib/thumb/v7e-m+fp/hard/crt0.o (memset)
D:/STM32CubeIDE_1.19.0/STM32CubeIDE/plugins/com.st.stm32cube.ide.mcu.externaltools.gnu-tools-for-stm32.13.3.rel1.win32_1.0.100.202509120712/tools/bin/../lib/gcc/arm-none-eabi/13.3.1/../../../../arm-none-eabi/lib/thumb/v7e-m+fp/hard\libc_nano.a(libc_a-localeconv.o)
                              D:/STM32CubeIDE_1.19.0/STM32CubeIDE/plugins/com.st.stm32cube.ide.mcu.externaltools.gnu-tools-for-stm32.13.3.rel1.win32_1.0.100.202509120712/tools/bin/../lib/gcc/arm-none-eabi/13.3.1/../../../../arm-none-eabi/lib/thumb/v7e-m+fp/hard\libc_nano.a(libc_a-nano-vfprintf_float.o) (_localeconv_r)
D:/STM32CubeIDE_1.19.0/STM32CubeIDE/plugins/com.st.stm32cube.ide.mcu.externaltools.gnu-tools-for-stm32.13.3.rel1.win32_1.0.100.202509120712/tools/bin/../lib/gcc/arm-none-eabi/13.3.1/../../../../arm-none-eabi/lib/thumb/v7e-m+fp/hard\libc_nano.a(libc_a-closer.o)
                              D:/STM32CubeIDE_1.19.0/STM32CubeIDE/plugins/com.st.stm32cube.ide.mcu.externaltools.gnu-tools-for-stm32.13.3.rel1.win32_1.0.100.202509120712/tools/bin/../lib/gcc/arm-none-eabi/13.3.1/../../../../arm-none-eabi/lib/thumb/v7e-m+fp/hard\libc_nano.a(libc_a-stdio.o) (_close_r)
[...]
Memory Configuration

Name             Origin             Length             Attributes
CCMRAM           0x10000000         0x00010000         xrw
RAM              0x20000000         0x00020000         xrw
FLASH            0x08000000         0x00100000         xr
*default*        0x00000000         0xffffffff

Linker script and memory map

LOAD D:/STM32CubeIDE_1.19.0/STM32CubeIDE/plugins/com.st.stm32cube.ide.mcu.externaltools.gnu-tools-for-stm32.13.3.rel1.win32_1.0.100.202509120712/tools/bin/../lib/gcc/arm-none-eabi/13.3.1/thumb/v7e-m+fp/hard/crti.o
LOAD D:/STM32CubeIDE_1.19.0/STM32CubeIDE/plugins/com.st.stm32cube.ide.mcu.externaltools.gnu-tools-for-stm32.13.3.rel1.win32_1.0.100.202509120712/tools/bin/../lib/gcc/arm-none-eabi/13.3.1/thumb/v7e-m+fp/hard/crtbegin.o
LOAD D:/STM32CubeIDE_1.19.0/STM32CubeIDE/plugins/com.st.stm32cube.ide.mcu.externaltools.gnu-tools-for-stm32.13.3.rel1.win32_1.0.100.202509120712/tools/bin/../lib/gcc/arm-none-eabi/13.3.1/../../../../arm-none-eabi/lib/thumb/v7e-m+fp/hard/crt0.o
LOAD ./Core/Src/CRsF.o
LOAD ./Core/Src/adc.o
LOAD ./Core/Src/blackbox.o
LOAD ./Core/Src/dma.o
LOAD ./Core/Src/dshot.o
LOAD ./Core/Src/ekf.o
LOAD ./Core/Src/filter.o
LOAD ./Core/Src/gpio.o
LOAD ./Core/Src/main.o
LOAD ./Core/Src/mpu6000.o
LOAD ./Core/Src/pid.o
LOAD ./Core/Src/spi.o
LOAD ./Core/Src/stm32f4xx_hal_msp.o
LOAD ./Core/Src/stm32f4xx_it.o
LOAD ./Core/Src/syscalls.o
LOAD ./Core/Src/sysmem.o
LOAD ./Core/Src/system_stm32f4xx.o
LOAD ./Core/Src/tim.o
LOAD ./Core/Src/timer_logging.o
LOAD ./Core/Src/usart.o
LOAD ./Core/Src/w25q256.o
LOAD ./Core/Startup/startup_stm32f405rgtx.o
LOAD ./Drivers/STM32F4xx_HAL_Driver/Src/stm32f4xx_hal.o
LOAD ./Drivers/STM32F4xx_HAL_Driver/Src/stm32f4xx_hal_adc.o
LOAD ./Drivers/STM32F4xx_HAL_Driver/Src/stm32f4xx_hal_adc_ex.o
LOAD ./Drivers/STM32F4xx_HAL_Driver/Src/stm32f4xx_hal_cortex.o
LOAD ./Drivers/STM32F4xx_HAL_Driver/Src/stm32f4xx_hal_dma.o
LOAD ./Drivers/STM32F4xx_HAL_Driver/Src/stm32f4xx_hal_dma_ex.o
LOAD ./Drivers/STM32F4xx_HAL_Driver/Src/stm32f4xx_hal_exti.o
LOAD ./Drivers/STM32F4xx_HAL_Driver/Src/stm32f4xx_hal_flash.o
LOAD ./Drivers/STM32F4xx_HAL_Driver/Src/stm32f4xx_hal_flash_ex.o
LOAD ./Drivers/STM32F4xx_HAL_Driver/Src/stm32f4xx_hal_flash_ramfunc.o
LOAD ./Drivers/STM32F4xx_HAL_Driver/Src/stm32f4xx_hal_gpio.o
LOAD ./Drivers/STM32F4xx_HAL_Driver/Src/stm32f4xx_hal_pcd.o
LOAD ./Drivers/STM32F4xx_HAL_Driver/Src/stm32f4xx_hal_pcd_ex.o
LOAD ./Drivers/STM32F4xx_HAL_Driver/Src/stm32f4xx_hal_pwr.o
LOAD ./Drivers/STM32F4xx_HAL_Driver/Src/stm32f4xx_hal_pwr_ex.o
LOAD ./Drivers/STM32F4xx_HAL_Driver/Src/stm32f4xx_hal_rcc.o
LOAD ./Drivers/STM32F4xx_HAL_Driver/Src/stm32f4xx_hal_rcc_ex.o
LOAD ./Drivers/STM32F4xx_HAL_Driver/Src/stm32f4xx_hal_spi.o
LOAD ./Drivers/STM32F4xx_HAL_Driver/Src/stm32f4xx_hal_tim.o
LOAD ./Drivers/STM32F4xx_HAL_Driver/Src/stm32f4xx_hal_tim_ex.o
LOAD ./Drivers/STM32F4xx_HAL_Driver/Src/stm32f4xx_hal_uart.o
LOAD ./Drivers/STM32F4xx_HAL_Driver/Src/stm32f4xx_ll_adc.o
LOAD ./Drivers/STM32F4xx_HAL_Driver/Src/stm32f4xx_ll_usb.o
LOAD ./Middlewares/ST/STM32_USB_Device_Library/Class/CDC/Src/usbd_cdc.o
LOAD ./Middlewares/ST/STM32_USB_Device_Library/Core/Src/usbd_core.o
LOAD ./Middlewares/ST/STM32_USB_Device_Library/Core/Src/usbd_ctlreq.o
LOAD ./Middlewares/ST/STM32_USB_Device_Library/Core/Src/usbd_ioreq.o
LOAD ./USB_DEVICE/App/usb_device.o
LOAD ./USB_DEVICE/App/usbd_cdc_if.o
LOAD ./USB_DEVICE/App/usbd_desc.o
LOAD ./USB_DEVICE/Target/usbd_conf.o
START GROUP
LOAD D:/STM32CubeIDE_1.19.0/STM32CubeIDE/plugins/com.st.stm32cube.ide.mcu.externaltools.gnu-tools-for-stm32.13.3.rel1.win32_1.0.100.202509120712/tools/bin/../lib/gcc/arm-none-eabi/13.3.1/../../../../arm-none-eabi/lib/thumb/v7e-m+fp/hard\libc_nano.a
LOAD D:/STM32CubeIDE_1.19.0/STM32CubeIDE/plugins/com.st.stm32cube.ide.mcu.externaltools.gnu-tools-for-stm32.13.3.rel1.win32_1.0.100.202509120712/tools/bin/../lib/gcc/arm-none-eabi/13.3.1/../../../../arm-none-eabi/lib/thumb/v7e-m+fp/hard\libm.a
END GROUP
START GROUP
LOAD D:/STM32CubeIDE_1.19.0/STM32CubeIDE/plugins/com.st.stm32cube.ide.mcu.externaltools.gnu-tools-for-stm32.13.3.rel1.win32_1.0.100.202509120712/tools/bin/../lib/gcc/arm-none-eabi/13.3.1/thumb/v7e-m+fp/hard\libgcc.a
LOAD D:/STM32CubeIDE_1.19.0/STM32CubeIDE/plugins/com.st.stm32cube.ide.mcu.externaltools.gnu-tools-for-stm32.13.3.rel1.win32_1.0.100.202509120712/tools/bin/../lib/gcc/arm-none-eabi/13.3.1/../../../../arm-none-eabi/lib/thumb/v7e-m+fp/hard\libc_nano.a
END GROUP
START GROUP
LOAD D:/STM32CubeIDE_1.19.0/STM32CubeIDE/plugins/com.st.stm32cube.ide.mcu.externaltools.gnu-tools-for-stm32.13.3.rel1.win32_1.0.100.202509120712/tools/bin/../lib/gcc/arm-none-eabi/13.3.1/thumb/v7e-m+fp/hard\libgcc.a
LOAD D:/STM32CubeIDE_1.19.0/STM32CubeIDE/plugins/com.st.stm32cube.ide.mcu.externaltools.gnu-tools-for-stm32.13.3.rel1.win32_1.0.100.202509120712/tools/bin/../lib/gcc/arm-none-eabi/13.3.1/../../../../arm-none-eabi/lib/thumb/v7e-m+fp/hard\libc_nano.a
LOAD D:/STM32CubeIDE_1.19.0/STM32CubeIDE/plugins/com.st.stm32cube.ide.mcu.externaltools.gnu-tools-for-stm32.13.3.rel1.win32_1.0.100.202509120712/tools/bin/../lib/gcc/arm-none-eabi/13.3.1/../../../../arm-none-eabi/lib/thumb/v7e-m+fp/hard\libnosys.a
END GROUP
START GROUP
LOAD D:/STM32CubeIDE_1.19.0/STM32CubeIDE/plugins/com.st.stm32cube.ide.mcu.externaltools.gnu-tools-for-stm32.13.3.rel1.win32_1.0.100.202509120712/tools/bin/../lib/gcc/arm-none-eabi/13.3.1/thumb/v7e-m+fp/hard\libgcc.a
LOAD D:/STM32CubeIDE_1.19.0/STM32CubeIDE/plugins/com.st.stm32cube.ide.mcu.externaltools.gnu-tools-for-stm32.13.3.rel1.win32_1.0.100.202509120712/tools/bin/../lib/gcc/arm-none-eabi/13.3.1/../../../../arm-none-eabi/lib/thumb/v7e-m+fp/hard\libc_nano.a
LOAD D:/STM32CubeIDE_1.19.0/STM32CubeIDE/plugins/com.st.stm32cube.ide.mcu.externaltools.gnu-tools-for-stm32.13.3.rel1.win32_1.0.100.202509120712/tools/bin/../lib/gcc/arm-none-eabi/13.3.1/../../../../arm-none-eabi/lib/thumb/v7e-m+fp/hard\libnosys.a
END GROUP
LOAD D:/STM32CubeIDE_1.19.0/STM32CubeIDE/plugins/com.st.stm32cube.ide.mcu.externaltools.gnu-tools-for-stm32.13.3.rel1.win32_1.0.100.202509120712/tools/bin/../lib/gcc/arm-none-eabi/13.3.1/thumb/v7e-m+fp/hard/crtend.o
LOAD D:/STM32CubeIDE_1.19.0/STM32CubeIDE/plugins/com.st.stm32cube.ide.mcu.externaltools.gnu-tools-for-stm32.13.3.rel1.win32_1.0.100.202509120712/tools/bin/../lib/gcc/arm-none-eabi/13.3.1/thumb/v7e-m+fp/hard/crtn.o
                0x20020000                        _estack = (ORIGIN (RAM) + LENGTH (RAM))
                0x00000200                        _Min_Heap_Size = 0x200
                0x00000400                        _Min_Stack_Size = 0x400

.isr_vector     0x08000000      0x188
                0x08000000                        . = ALIGN (0x4)
 *(.isr_vector)
 .isr_vector    0x08000000      0x188 ./Core/Startup/startup_stm32f405rgtx.o
                0x08000000                g_pfnVectors
                0x08000188                        . = ALIGN (0x4)

.text           0x08000190    0x139f0
                0x08000190                        . = ALIGN (0x4)
 *(.text)
 .text          0x08000190       0x40 D:/STM32CubeIDE_1.19.0/STM32CubeIDE/plugins/com.st.stm32cube.ide.mcu.externaltools.gnu-tools-for-stm32.13.3.rel1.win32_1.0.100.202509120712/tools/bin/../lib/gcc/arm-none-eabi/13.3.1/thumb/v7e-m+fp/hard/crtbegin.o
 .text          0x080001d0       0x14 D:/STM32CubeIDE_1.19.0/STM32CubeIDE/plugins/com.st.stm32cube.ide.mcu.externaltools.gnu-tools-for-stm32.13.3.rel1.win32_1.0.100.202509120712/tools/bin/../lib/gcc/arm-none-eabi/13.3.1/../../../../arm-none-eabi/lib/thumb/v7e-m+fp/hard\libc_nano.a(libc_a-strcmp.o)
                0x080001d0                strcmp
 *fill*         0x080001e4        0xc 
 .text          0x080001f0       0xa0 D:/STM32CubeIDE_1.19.0/STM32CubeIDE/plugins/com.st.stm32cube.ide.mcu.externaltools.gnu-tools-for-stm32.13.3.rel1.win32_1.0.100.202509120712/tools/bin/../lib/gcc/arm-none-eabi/13.3.1/../../../../arm-none-eabi/lib/thumb/v7e-m+fp/hard\libc_nano.a(libc_a-memchr.o)
                0x080001f0                memchr
 .text          0x08000290       0x10 D:/STM32CubeIDE_1.19.0/STM32CubeIDE/plugins/com.st.stm32cube.ide.mcu.externaltools.gnu-tools-for-stm32.13.3.rel1.win32_1.0.100.202509120712/tools/bin/../lib/gcc/arm-none-eabi/13.3.1/../../../../arm-none-eabi/lib/thumb/v7e-m+fp/hard\libc_nano.a(libc_a-strlen.o)
                0x08000290                strlen
 .text          0x080002a0      0x378 D:/STM32CubeIDE_1.19.0/STM32CubeIDE/plugins/com.st.stm32cube.ide.mcu.externaltools.gnu-tools-for-stm32.13.3.rel1.win32_1.0.100.202509120712/tools/bin/../lib/gcc/arm-none-eabi/13.3.1/thumb/v7e-m+fp/hard\libgcc.a(_arm_addsubdf3.o)
                0x080002a0                __aeabi_drsub
                0x080002a8                __aeabi_dsub
                0x080002a8                __subdf3
                0x080002ac                __aeabi_dadd
                0x080002ac                __adddf3
                0x08000524                __floatunsidf
                0x08000524                __aeabi_ui2d
                0x08000544                __floatsidf
                0x08000544                __aeabi_i2d
                0x08000568                __aeabi_f2d
                0x08000568                __extendsfdf2
                0x080005ac                __floatundidf
                0x080005ac                __aeabi_ul2d
                0x080005bc                __floatdidf
                0x080005bc                __aeabi_l2d
 .text          0x08000618      0x424 D:/STM32CubeIDE_1.19.0/STM32CubeIDE/plugins/com.st.stm32cube.ide.mcu.externaltools.gnu-tools-for-stm32.13.3.rel1.win32_1.0.100.202509120712/tools/bin/../lib/gcc/arm-none-eabi/13.3.1/thumb/v7e-m+fp/hard\libgcc.a(_arm_muldivdf3.o)
                0x08000618                __aeabi_dmul
                0x08000618                __muldf3
                0x0800086c                __divdf3
                0x0800086c                __aeabi_ddiv
 .text          0x08000a3c      0x110 D:/STM32CubeIDE_1.19.0/STM32CubeIDE/plugins/com.st.stm32cube.ide.mcu.externaltools.gnu-tools-for-stm32.13.3.rel1.win32_1.0.100.202509120712/tools/bin/../lib/gcc/arm-none-eabi/13.3.1/thumb/v7e-m+fp/hard\libgcc.a(_arm_cmpdf2.o)
                0x08000a3c                __gtdf2
                0x08000a3c                __gedf2
                0x08000a44                __ltdf2
                0x08000a44                __ledf2
                0x08000a4c                __nedf2
                0x08000a4c                __eqdf2
                0x08000a4c                __cmpdf2
                0x08000ac8                __aeabi_cdrcmple
                0x08000ad8                __aeabi_cdcmpeq
                0x08000ad8                __aeabi_cdcmple
                0x08000ae8                __aeabi_dcmpeq
                0x08000afc                __aeabi_dcmplt
                0x08000b10                __aeabi_dcmple
                0x08000b24                __aeabi_dcmpge
                0x08000b38                __aeabi_dcmpgt
 .text          0x08000b4c       0x2c D:/STM32CubeIDE_1.19.0/STM32CubeIDE/plugins/com.st.stm32cube.ide.mcu.externaltools.gnu-tools-for-stm32.13.3.rel1.win32_1.0.100.202509120712/tools/bin/../lib/gcc/arm-none-eabi/13.3.1/thumb/v7e-m+fp/hard\libgcc.a(_arm_unorddf2.o)
                0x08000b4c                __unorddf2
                0x08000b4c                __aeabi_dcmpun
 .text          0x08000b78       0x50 D:/STM32CubeIDE_1.19.0/STM32CubeIDE/plugins/com.st.stm32cube.ide.mcu.externaltools.gnu-tools-for-stm32.13.3.rel1.win32_1.0.100.202509120712/tools/bin/../lib/gcc/arm-none-eabi/13.3.1/thumb/v7e-m+fp/hard\libgcc.a(_arm_fixdfsi.o)
                0x08000b78                __aeabi_d2iz
                0x08000b78                __fixdfsi
 .text          0x08000bc8       0xa0 D:/STM32CubeIDE_1.19.0/STM32CubeIDE/plugins/com.st.stm32cube.ide.mcu.externaltools.gnu-tools-for-stm32.13.3.rel1.win32_1.0.100.202509120712/tools/bin/../lib/gcc/arm-none-eabi/13.3.1/thumb/v7e-m+fp/hard\libgcc.a(_arm_truncdfsf2.o)
                0x08000bc8                __truncdfsf2
                0x08000bc8                __aeabi_d2f
 .text          0x08000c68       0x30 D:/STM32CubeIDE_1.19.0/STM32CubeIDE/plugins/com.st.stm32cube.ide.mcu.externaltools.gnu-tools-for-stm32.13.3.rel1.win32_1.0.100.202509120712/tools/bin/../lib/gcc/arm-none-eabi/13.3.1/thumb/v7e-m+fp/hard\libgcc.a(_aeabi_uldivmod.o)
                0x08000c68                __aeabi_uldivmod
 .text          0x08000c98      0x2f8 D:/STM32CubeIDE_1.19.0/STM32CubeIDE/plugins/com.st.stm32cube.ide.mcu.externaltools.gnu-tools-for-stm32.13.3.rel1.win32_1.0.100.202509120712/tools/bin/../lib/gcc/arm-none-eabi/13.3.1/thumb/v7e-m+fp/hard\libgcc.a(_udivmoddi4.o)
                0x08000c98                __udivmoddi4
 .text          0x08000f90        0x4 D:/STM32CubeIDE_1.19.0/STM32CubeIDE/plugins/com.st.stm32cube.ide.mcu.externaltools.gnu-tools-for-stm32.13.3.rel1.win32_1.0.100.202509120712/tools/bin/../lib/gcc/arm-none-eabi/13.3.1/thumb/v7e-m+fp/hard\libgcc.a(_dvmd_tls.o)
                0x08000f90                __aeabi_idiv0
                0x08000f90                __aeabi_ldiv0
 *(.text*)
 .text.Check_valid_Frame
                0x08000f94       0x58 ./Core/Src/CRsF.o
                0x08000f94                Check_valid_Frame
 .text.Payload_CRsF
                0x08000fec      0x2d8 ./Core/Src/CRsF.o
                0x08000fec                Payload_CRsF
 .text.getCRC8  0x080012c4       0x72 ./Core/Src/CRsF.o
                0x080012c4                getCRC8
 *fill*         0x08001336        0x2 
 .text.Check_Status
                0x08001338      0x110 ./Core/Src/CRsF.o
                0x08001338                Check_Status
 .text.map_float
                0x08001448       0x5c ./Core/Src/CRsF.o
                0x08001448                map_float
 .text.CRsF_Process
                0x080014a4      0x1a0 ./Core/Src/CRsF.o
                0x080014a4                CRsF_Process
 .text.MX_ADC1_Init
                0x08001644       0xa4 ./Core/Src/adc.o
                0x08001644                MX_ADC1_Init
 .text.HAL_ADC_MspInit
                0x080016e8      0x100 ./Core/Src/adc.o
                0x080016e8                HAL_ADC_MspInit
 .text.MX_DMA_Init
                0x080017e8       0xdc ./Core/Src/dma.o
                0x080017e8                MX_DMA_Init
 .text.Dshot_CalculateCRCandTelemtryBit
                0x080018c4       0x38 ./Core/Src/dshot.o
                0x080018c4                Dshot_CalculateCRCandTelemtryBit
 .text.Dshot_GetDshotFrame
                0x080018fc       0x2c ./Core/Src/dshot.o
                0x080018fc                Dshot_GetDshotFrame
 .text.Dshot_DMABuffer_init
                0x08001928       0x34 ./Core/Src/dshot.o
                0x08001928                Dshot_DMABuffer_init
 .text.Dshot_MemoryBuffer_init
                0x0800195c       0x34 ./Core/Src/dshot.o
                0x0800195c                Dshot_MemoryBuffer_init
 .text.Dshot_Calibrate
                0x08001990       0x34 ./Core/Src/dshot.o
                0x08001990                Dshot_Calibrate
 .text.Dshot_PrepareFrame
                0x080019c4       0x5e ./Core/Src/dshot.o
                0x080019c4                Dshot_PrepareFrame
 .text.quat_normalize
                0x08001a22       0xf0 ./Core/Src/ekf.o
 .text.mat_transpose_3x6
                0x08001b12       0x70 ./Core/Src/ekf.o
 .text.mat_transpose_6x3
                0x08001b82       0x70 ./Core/Src/ekf.o
 .text.mat_transpose_6x6
                0x08001bf2       0x70 ./Core/Src/ekf.o
 .text.mat_mul_6x6X6x6
                0x08001c62       0xb8 ./Core/Src/ekf.o
 .text.mat_mul_6x6X6x3
                0x08001d1a       0xb8 ./Core/Src/ekf.o
 .text.mat_mul_6x3X3x6
                0x08001dd2       0xb8 ./Core/Src/ekf.o
 .text.mat_mul_6x3X3x3
                0x08001e8a       0xb8 ./Core/Src/ekf.o
 .text.mat_mul_3x6X6x6
                0x08001f42       0xb8 ./Core/Src/ekf.o
 .text.mat_mul_3x6X6x3
                0x08001ffa       0xb8 ./Core/Src/ekf.o
 .text.mat_symmetrize_6x6
                0x080020b2       0xb4 ./Core/Src/ekf.o
 *fill*         0x08002166        0x2 
 .text.EKF_Init
                0x08002168       0xc4 ./Core/Src/ekf.o
                0x08002168                EKF_Init
 .text.EKF_get_dynamics_matrices
                0x0800222c      0x30a ./Core/Src/ekf.o
                0x0800222c                EKF_get_dynamics_matrices
 *fill*         0x08002536        0x2 
 .text.EKF_Predict
                0x08002538      0x288 ./Core/Src/ekf.o
                0x08002538                EKF_Predict
 .text.EKF_AccelModel
                0x080027c0      0x1cc ./Core/Src/ekf.o
                0x080027c0                EKF_AccelModel
 .text.EKF_UpdateAccel
                0x0800298c      0x844 ./Core/Src/ekf.o
                0x0800298c                EKF_UpdateAccel
 .text.quad_to_euler
                0x080031d0       0xb4 ./Core/Src/ekf.o
                0x080031d0                quad_to_euler
 .text.IIR_Filter_1D_Init
                0x08003284       0x38 ./Core/Src/filter.o
                0x08003284                IIR_Filter_1D_Init
 .text.IIR_Filter_1D_Update
                0x080032bc       0x66 ./Core/Src/filter.o
                0x080032bc                IIR_Filter_1D_Update
 .text.IIR_Filter_3D_Init
                0x08003322       0x4c ./Core/Src/filter.o
                0x08003322                IIR_Filter_3D_Init
 .text.IIR_Filter_3D_Update
                0x0800336e       0x68 ./Core/Src/filter.o
                0x0800336e                IIR_Filter_3D_Update
 *fill*         0x080033d6        0x2 
 .text.MX_GPIO_Init
                0x080033d8       0xe8 ./Core/Src/gpio.o
                0x080033d8                MX_GPIO_Init
 .text.HAL_TIM_PeriodElapsedCallback
                0x080034c0       0x78 ./Core/Src/main.o
                0x080034c0                HAL_TIM_PeriodElapsedCallback
 .text.HAL_ADC_ConvCpltCallback
                0x08003538       0x88 ./Core/Src/main.o
                0x08003538                HAL_ADC_ConvCpltCallback
 .text.HAL_SPI_TxRxCpltCallback
                0x080035c0       0x40 ./Core/Src/main.o
                0x080035c0                HAL_SPI_TxRxCpltCallback
 .text.HAL_TIM_PWM_PulseFinishedHalfCpltCallback
                0x08003600       0xe4 ./Core/Src/main.o
                0x08003600                HAL_TIM_PWM_PulseFinishedHalfCpltCallback
 .text.constrain
                0x080036e4       0x52 ./Core/Src/main.o
 *fill*         0x08003736        0x2 
 .text.init_PIDs
                0x08003738       0xdc ./Core/Src/main.o
                0x08003738                init_PIDs
 .text.CRSF_IdleHandler
                0x08003814       0xcc ./Core/Src/main.o
                0x08003814                CRSF_IdleHandler
 .text.main     0x080038e0      0x8d8 ./Core/Src/main.o
                0x080038e0                main
 .text.SystemClock_Config
                0x080041b8       0xd4 ./Core/Src/main.o
                0x080041b8                SystemClock_Config
 .text.Error_Handler
                0x0800428c        0xc ./Core/Src/main.o
                0x0800428c                Error_Handler
 .text.MPU6000_Read
                0x08004298       0x58 ./Core/Src/mpu6000.o
                0x08004298                MPU6000_Read
 .text.MPU6000_Write
                0x080042f0       0x50 ./Core/Src/mpu6000.o
                0x080042f0                MPU6000_Write
 .text.MPU6000_Init
                0x08004340       0x98 ./Core/Src/mpu6000.o
                0x08004340                MPU6000_Init
 .text.MPU6000_Start_DMA
                0x080043d8       0x6c ./Core/Src/mpu6000.o
                0x080043d8                MPU6000_Start_DMA
 .text.MPU6000_Read_Blocking
                0x08004444       0x68 ./Core/Src/mpu6000.o
                0x08004444                MPU6000_Read_Blocking
 .text.MPU6000_Process_DMA
                0x080044ac      0x210 ./Core/Src/mpu6000.o
                0x080044ac                MPU6000_Process_DMA
 .text.MPU6000_Process
                0x080046bc      0x198 ./Core/Src/mpu6000.o
                0x080046bc                MPU6000_Process
 .text.MPU6000_Calibrate
                0x08004854      0x186 ./Core/Src/mpu6000.o
                0x08004854                MPU6000_Calibrate
 .text.PID_Init
                0x080049da       0x86 ./Core/Src/pid.o
                0x080049da                PID_Init
 .text.PID_Double_Calculation
                0x08004a60      0x250 ./Core/Src/pid.o
                0x08004a60                PID_Double_Calculation
 .text.PID_Yaw_Angle_Calculation
                0x08004cb0      0x118 ./Core/Src/pid.o
                0x08004cb0                PID_Yaw_Angle_Calculation
 .text.PID_Yaw_Rate_Calculation
                0x08004dc8       0xd2 ./Core/Src/pid.o
                0x08004dc8                PID_Yaw_Rate_Calculation
 *fill*         0x08004e9a        0x2 
 .text.MX_SPI1_Init
                0x08004e9c       0x6c ./Core/Src/spi.o
                0x08004e9c                MX_SPI1_Init
 .text.MX_SPI3_Init
                0x08004f08       0x6c ./Core/Src/spi.o
                0x08004f08                MX_SPI3_Init
 .text.HAL_SPI_MspInit
                0x08004f74      0x250 ./Core/Src/spi.o
                0x08004f74                HAL_SPI_MspInit
 .text.HAL_MspInit
                0x080051c4       0x50 ./Core/Src/stm32f4xx_hal_msp.o
                0x080051c4                HAL_MspInit
 .text.NMI_Handler
                0x08005214        0x8 ./Core/Src/stm32f4xx_it.o
                0x08005214                NMI_Handler
 .text.HardFault_Handler
                0x0800521c        0x8 ./Core/Src/stm32f4xx_it.o
                0x0800521c                HardFault_Handler
 .text.MemManage_Handler
                0x08005224        0x8 ./Core/Src/stm32f4xx_it.o
                0x08005224                MemManage_Handler
 .text.BusFault_Handler
                0x0800522c        0x8 ./Core/Src/stm32f4xx_it.o
                0x0800522c                BusFault_Handler
 .text.UsageFault_Handler
                0x08005234        0x8 ./Core/Src/stm32f4xx_it.o
                0x08005234                UsageFault_Handler
 .text.SVC_Handler
                0x0800523c        0xe ./Core/Src/stm32f4xx_it.o
                0x0800523c                SVC_Handler
 .text.DebugMon_Handler
                0x0800524a        0xe ./Core/Src/stm32f4xx_it.o
                0x0800524a                DebugMon_Handler
 .text.PendSV_Handler
                0x08005258        0xe ./Core/Src/stm32f4xx_it.o
                0x08005258                PendSV_Handler
 .text.SysTick_Handler
                0x08005266        0xc ./Core/Src/stm32f4xx_it.o
                0x08005266                SysTick_Handler
 *fill*         0x08005272        0x2 
 .text.DMA1_Stream0_IRQHandler
                0x08005274       0x14 ./Core/Src/stm32f4xx_it.o
                0x08005274                DMA1_Stream0_IRQHandler
 .text.DMA1_Stream1_IRQHandler
                0x08005288       0x14 ./Core/Src/stm32f4xx_it.o
                0x08005288                DMA1_Stream1_IRQHandler
 .text.DMA1_Stream2_IRQHandler
                0x0800529c       0x14 ./Core/Src/stm32f4xx_it.o
                0x0800529c                DMA1_Stream2_IRQHandler
 .text.DMA1_Stream5_IRQHandler
                0x080052b0       0x14 ./Core/Src/stm32f4xx_it.o
                0x080052b0                DMA1_Stream5_IRQHandler
 .text.ADC_IRQHandler
                0x080052c4       0x14 ./Core/Src/stm32f4xx_it.o
                0x080052c4                ADC_IRQHandler
 .text.TIM2_IRQHandler
                0x080052d8       0x14 ./Core/Src/stm32f4xx_it.o
                0x080052d8                TIM2_IRQHandler
 .text.TIM4_IRQHandler
                0x080052ec       0x14 ./Core/Src/stm32f4xx_it.o
                0x080052ec                TIM4_IRQHandler
 .text.SPI1_IRQHandler
                0x08005300       0x14 ./Core/Src/stm32f4xx_it.o
                0x08005300                SPI1_IRQHandler
 .text.DMA1_Stream7_IRQHandler
                0x08005314       0x14 ./Core/Src/stm32f4xx_it.o
                0x08005314                DMA1_Stream7_IRQHandler
 .text.SPI3_IRQHandler
                0x08005328       0x14 ./Core/Src/stm32f4xx_it.o
                0x08005328                SPI3_IRQHandler
 .text.DMA2_Stream0_IRQHandler
                0x0800533c       0x14 ./Core/Src/stm32f4xx_it.o
                0x0800533c                DMA2_Stream0_IRQHandler
 .text.DMA2_Stream1_IRQHandler
                0x08005350       0x14 ./Core/Src/stm32f4xx_it.o
                0x08005350                DMA2_Stream1_IRQHandler
 .text.DMA2_Stream3_IRQHandler
                0x08005364       0x14 ./Core/Src/stm32f4xx_it.o
                0x08005364                DMA2_Stream3_IRQHandler
 .text.DMA2_Stream4_IRQHandler
                0x08005378       0x14 ./Core/Src/stm32f4xx_it.o
                0x08005378                DMA2_Stream4_IRQHandler
 .text.OTG_FS_IRQHandler
                0x0800538c       0x14 ./Core/Src/stm32f4xx_it.o
                0x0800538c                OTG_FS_IRQHandler
 .text.USART6_IRQHandler
                0x080053a0       0x40 ./Core/Src/stm32f4xx_it.o
                0x080053a0                USART6_IRQHandler
 .text._getpid  0x080053e0       0x10 ./Core/Src/syscalls.o
                0x080053e0                _getpid
 .text._kill    0x080053f0       0x20 ./Core/Src/syscalls.o
                0x080053f0                _kill
 .text._exit    0x08005410       0x16 ./Core/Src/syscalls.o
                0x08005410                _exit
 .text._read    0x08005426       0x3a ./Core/Src/syscalls.o
                0x08005426                _read
 .text._write   0x08005460       0x38 ./Core/Src/syscalls.o
                0x08005460                _write
 .text._close   0x08005498       0x18 ./Core/Src/syscalls.o
                0x08005498                _close
 .text._fstat   0x080054b0       0x20 ./Core/Src/syscalls.o
                0x080054b0                _fstat
 .text._isatty  0x080054d0       0x16 ./Core/Src/syscalls.o
                0x080054d0                _isatty
 .text._lseek   0x080054e6       0x1a ./Core/Src/syscalls.o
                0x080054e6                _lseek
 .text._sbrk    0x08005500       0x6c ./Core/Src/sysmem.o
                0x08005500                _sbrk
 .text.SystemInit
                0x0800556c       0x24 ./Core/Src/system_stm32f4xx.o
                0x0800556c                SystemInit
 .text.MX_TIM2_Init
                0x08005590       0x98 ./Core/Src/tim.o
                0x08005590                MX_TIM2_Init
 .text.MX_TIM3_Init
                0x08005628      0x104 ./Core/Src/tim.o
                0x08005628                MX_TIM3_Init
 .text.MX_TIM4_Init
                0x0800572c       0x9c ./Core/Src/tim.o
                0x0800572c                MX_TIM4_Init
 .text.MX_TIM5_Init
                0x080057c8      0x104 ./Core/Src/tim.o
                0x080057c8                MX_TIM5_Init
 .text.HAL_TIM_Base_MspInit
                0x080058cc      0x304 ./Core/Src/tim.o
                0x080058cc                HAL_TIM_Base_MspInit
 .text.HAL_TIM_MspPostInit
                0x08005bd0       0xc4 ./Core/Src/tim.o
                0x08005bd0                HAL_TIM_MspPostInit
 .text.micros   0x08005c94       0x54 ./Core/Src/timer_logging.o
                0x08005c94                micros
 .text.MX_USART6_UART_Init
                0x08005ce8       0x58 ./Core/Src/usart.o
                0x08005ce8                MX_USART6_UART_Init
 .text.HAL_UART_MspInit
                0x08005d40      0x108 ./Core/Src/usart.o
                0x08005d40                HAL_UART_MspInit
 .text.Reset_Handler
                0x08005e48       0x50 ./Core/Startup/startup_stm32f405rgtx.o
                0x08005e48                Reset_Handler
 .text.Default_Handler
                0x08005e98        0x2 ./Core/Startup/startup_stm32f405rgtx.o
                0x08005e98                RTC_Alarm_IRQHandler
                0x08005e98                HASH_RNG_IRQHandler
                0x08005e98                EXTI2_IRQHandler
                0x08005e98                TIM8_CC_IRQHandler
                0x08005e98                TIM1_CC_IRQHandler
                0x08005e98                DMA2_Stream5_IRQHandler
                0x08005e98                PVD_IRQHandler
                0x08005e98                SDIO_IRQHandler
                0x08005e98                TAMP_STAMP_IRQHandler
                0x08005e98                CAN2_RX1_IRQHandler
                0x08005e98                EXTI3_IRQHandler
                0x08005e98                TIM8_TRG_COM_TIM14_IRQHandler
                0x08005e98                TIM1_UP_TIM10_IRQHandler
                0x08005e98                TIM8_UP_TIM13_IRQHandler
                0x08005e98                I2C3_ER_IRQHandler
                0x08005e98                EXTI0_IRQHandler
                0x08005e98                I2C2_EV_IRQHandler
                0x08005e98                CAN1_RX0_IRQHandler
                0x08005e98                FPU_IRQHandler
                0x08005e98                OTG_HS_WKUP_IRQHandler
                0x08005e98                CAN2_SCE_IRQHandler
                0x08005e98                DMA2_Stream2_IRQHandler
                0x08005e98                TIM6_DAC_IRQHandler
                0x08005e98                TIM1_BRK_TIM9_IRQHandler
                0x08005e98                CAN2_RX0_IRQHandler
                0x08005e98                USART3_IRQHandler
                0x08005e98                CAN1_RX1_IRQHandler
                0x08005e98                UART5_IRQHandler
                0x08005e98                I2C1_EV_IRQHandler
                0x08005e98                DMA1_Stream6_IRQHandler
                0x08005e98                UART4_IRQHandler
                0x08005e98                TIM3_IRQHandler
                0x08005e98                RCC_IRQHandler
                0x08005e98                TIM8_BRK_TIM12_IRQHandler
                0x08005e98                Default_Handler
                0x08005e98                EXTI15_10_IRQHandler
                0x08005e98                TIM7_IRQHandler
                0x08005e98                CAN2_TX_IRQHandler
                0x08005e98                TIM5_IRQHandler
                0x08005e98                DMA2_Stream7_IRQHandler
                0x08005e98                I2C3_EV_IRQHandler
                0x08005e98                EXTI9_5_IRQHandler
                0x08005e98                RTC_WKUP_IRQHandler
                0x08005e98                SPI2_IRQHandler
                0x08005e98                OTG_HS_EP1_IN_IRQHandler
                0x08005e98                CAN1_TX_IRQHandler
                0x08005e98                EXTI4_IRQHandler
                0x08005e98                FSMC_IRQHandler
                0x08005e98                OTG_HS_EP1_OUT_IRQHandler
                0x08005e98                WWDG_IRQHandler
                0x08005e98                OTG_FS_WKUP_IRQHandler
                0x08005e98                TIM1_TRG_COM_TIM11_IRQHandler
                0x08005e98                OTG_HS_IRQHandler
                0x08005e98                EXTI1_IRQHandler
                0x08005e98                USART2_IRQHandler
                0x08005e98                I2C2_ER_IRQHandler
                0x08005e98                CAN1_SCE_IRQHandler
                0x08005e98                FLASH_IRQHandler
                0x08005e98                USART1_IRQHandler
                0x08005e98                DMA1_Stream4_IRQHandler
                0x08005e98                I2C1_ER_IRQHandler
                0x08005e98                DMA2_Stream6_IRQHandler
                0x08005e98                DMA1_Stream3_IRQHandler
 *fill*         0x08005e9a        0x2 
 .text.HAL_Init
                0x08005e9c       0x44 ./Drivers/STM32F4xx_HAL_Driver/Src/stm32f4xx_hal.o
                0x08005e9c                HAL_Init
 .text.HAL_InitTick
                0x08005ee0       0x60 ./Drivers/STM32F4xx_HAL_Driver/Src/stm32f4xx_hal.o
                0x08005ee0                HAL_InitTick
 .text.HAL_IncTick
                0x08005f40       0x28 ./Drivers/STM32F4xx_HAL_Driver/Src/stm32f4xx_hal.o
                0x08005f40                HAL_IncTick
 .text.HAL_GetTick
                0x08005f68       0x18 ./Drivers/STM32F4xx_HAL_Driver/Src/stm32f4xx_hal.o
                0x08005f68                HAL_GetTick
 .text.HAL_Delay
                0x08005f80       0x48 ./Drivers/STM32F4xx_HAL_Driver/Src/stm32f4xx_hal.o
                0x08005f80                HAL_Delay
 .text.HAL_ADC_Init
                0x08005fc8       0x86 ./Drivers/STM32F4xx_HAL_Driver/Src/stm32f4xx_hal_adc.o
                0x08005fc8                HAL_ADC_Init
 .text.HAL_ADC_IRQHandler
                0x0800604e      0x220 ./Drivers/STM32F4xx_HAL_Driver/Src/stm32f4xx_hal_adc.o
                0x0800604e                HAL_ADC_IRQHandler
 *fill*         0x0800626e        0x2 
 .text.HAL_ADC_Start_DMA
                0x08006270      0x228 ./Drivers/STM32F4xx_HAL_Driver/Src/stm32f4xx_hal_adc.o
                0x08006270                HAL_ADC_Start_DMA
 .text.HAL_ADC_ConvHalfCpltCallback
                0x08006498       0x14 ./Drivers/STM32F4xx_HAL_Driver/Src/stm32f4xx_hal_adc.o
                0x08006498                HAL_ADC_ConvHalfCpltCallback
 .text.HAL_ADC_LevelOutOfWindowCallback
                0x080064ac       0x14 ./Drivers/STM32F4xx_HAL_Driver/Src/stm32f4xx_hal_adc.o
                0x080064ac                HAL_ADC_LevelOutOfWindowCallback
 .text.HAL_ADC_ErrorCallback
                0x080064c0       0x14 ./Drivers/STM32F4xx_HAL_Driver/Src/stm32f4xx_hal_adc.o
                0x080064c0                HAL_ADC_ErrorCallback
 .text.HAL_ADC_ConfigChannel
                0x080064d4      0x244 ./Drivers/STM32F4xx_HAL_Driver/Src/stm32f4xx_hal_adc.o
                0x080064d4                HAL_ADC_ConfigChannel
 .text.ADC_Init
                0x08006718      0x1f8 ./Drivers/STM32F4xx_HAL_Driver/Src/stm32f4xx_hal_adc.o
 .text.ADC_DMAConvCplt
                0x08006910       0xba ./Drivers/STM32F4xx_HAL_Driver/Src/stm32f4xx_hal_adc.o
 .text.ADC_DMAHalfConvCplt
                0x080069ca       0x1c ./Drivers/STM32F4xx_HAL_Driver/Src/stm32f4xx_hal_adc.o
 .text.ADC_DMAError
                0x080069e6       0x2e ./Drivers/STM32F4xx_HAL_Driver/Src/stm32f4xx_hal_adc.o
 .text.HAL_ADCEx_InjectedConvCpltCallback
                0x08006a14       0x14 ./Drivers/STM32F4xx_HAL_Driver/Src/stm32f4xx_hal_adc_ex.o
                0x08006a14                HAL_ADCEx_InjectedConvCpltCallback
 .text.__NVIC_SetPriorityGrouping
                0x08006a28       0x48 ./Drivers/STM32F4xx_HAL_Driver/Src/stm32f4xx_hal_cortex.o
 .text.__NVIC_GetPriorityGrouping
                0x08006a70       0x1c ./Drivers/STM32F4xx_HAL_Driver/Src/stm32f4xx_hal_cortex.o
 .text.__NVIC_EnableIRQ
                0x08006a8c       0x3c ./Drivers/STM32F4xx_HAL_Driver/Src/stm32f4xx_hal_cortex.o
 .text.__NVIC_SetPriority
                0x08006ac8       0x54 ./Drivers/STM32F4xx_HAL_Driver/Src/stm32f4xx_hal_cortex.o
 .text.NVIC_EncodePriority
                0x08006b1c       0x66 ./Drivers/STM32F4xx_HAL_Driver/Src/stm32f4xx_hal_cortex.o
 *fill*         0x08006b82        0x2 
 .text.SysTick_Config
                0x08006b84       0x44 ./Drivers/STM32F4xx_HAL_Driver/Src/stm32f4xx_hal_cortex.o
 .text.HAL_NVIC_SetPriorityGrouping
                0x08006bc8       0x16 ./Drivers/STM32F4xx_HAL_Driver/Src/stm32f4xx_hal_cortex.o
                0x08006bc8                HAL_NVIC_SetPriorityGrouping
 .text.HAL_NVIC_SetPriority
                0x08006bde       0x38 ./Drivers/STM32F4xx_HAL_Driver/Src/stm32f4xx_hal_cortex.o
                0x08006bde                HAL_NVIC_SetPriority
 .text.HAL_NVIC_EnableIRQ
                0x08006c16       0x1c ./Drivers/STM32F4xx_HAL_Driver/Src/stm32f4xx_hal_cortex.o
                0x08006c16                HAL_NVIC_EnableIRQ
 .text.HAL_SYSTICK_Config
                0x08006c32       0x18 ./Drivers/STM32F4xx_HAL_Driver/Src/stm32f4xx_hal_cortex.o
                0x08006c32                HAL_SYSTICK_Config
 *fill*         0x08006c4a        0x2 
 .text.HAL_DMA_Init
                0x08006c4c      0x15c ./Drivers/STM32F4xx_HAL_Driver/Src/stm32f4xx_hal_dma.o
                0x08006c4c                HAL_DMA_Init
 .text.HAL_DMA_Start_IT
                0x08006da8       0xb0 ./Drivers/STM32F4xx_HAL_Driver/Src/stm32f4xx_hal_dma.o
                0x08006da8                HAL_DMA_Start_IT
 .text.HAL_DMA_Abort
                0x08006e58       0xe0 ./Drivers/STM32F4xx_HAL_Driver/Src/stm32f4xx_hal_dma.o
                0x08006e58                HAL_DMA_Abort
 .text.HAL_DMA_Abort_IT
                0x08006f38       0x44 ./Drivers/STM32F4xx_HAL_Driver/Src/stm32f4xx_hal_dma.o
                0x08006f38                HAL_DMA_Abort_IT
 .text.HAL_DMA_IRQHandler
                0x08006f7c      0x314 ./Drivers/STM32F4xx_HAL_Driver/Src/stm32f4xx_hal_dma.o
                0x08006f7c                HAL_DMA_IRQHandler
 .text.DMA_SetConfig
                0x08007290       0x5c ./Drivers/STM32F4xx_HAL_Driver/Src/stm32f4xx_hal_dma.o
 .text.DMA_CalcBaseAndBitshift
                0x080072ec       0x6c ./Drivers/STM32F4xx_HAL_Driver/Src/stm32f4xx_hal_dma.o
 .text.DMA_CheckFifoParam
                0x08007358       0xf8 ./Drivers/STM32F4xx_HAL_Driver/Src/stm32f4xx_hal_dma.o
 .text.HAL_GPIO_Init
                0x08007450      0x338 ./Drivers/STM32F4xx_HAL_Driver/Src/stm32f4xx_hal_gpio.o
                0x08007450                HAL_GPIO_Init
 .text.HAL_GPIO_WritePin
                0x08007788       0x32 ./Drivers/STM32F4xx_HAL_Driver/Src/stm32f4xx_hal_gpio.o
                0x08007788                HAL_GPIO_WritePin
 .text.HAL_PCD_Init
                0x080077ba      0x21e ./Drivers/STM32F4xx_HAL_Driver/Src/stm32f4xx_hal_pcd.o
                0x080077ba                HAL_PCD_Init
 .text.HAL_PCD_Start
                0x080079d8       0x6a ./Drivers/STM32F4xx_HAL_Driver/Src/stm32f4xx_hal_pcd.o
                0x080079d8                HAL_PCD_Start
 .text.HAL_PCD_IRQHandler
                0x08007a42      0x942 ./Drivers/STM32F4xx_HAL_Driver/Src/stm32f4xx_hal_pcd.o
                0x08007a42                HAL_PCD_IRQHandler
 .text.HAL_PCD_SetAddress
                0x08008384       0x48 ./Drivers/STM32F4xx_HAL_Driver/Src/stm32f4xx_hal_pcd.o
                0x08008384                HAL_PCD_SetAddress
 .text.HAL_PCD_EP_Open
                0x080083cc       0xd4 ./Drivers/STM32F4xx_HAL_Driver/Src/stm32f4xx_hal_pcd.o
                0x080083cc                HAL_PCD_EP_Open
 .text.HAL_PCD_EP_Close
                0x080084a0       0x94 ./Drivers/STM32F4xx_HAL_Driver/Src/stm32f4xx_hal_pcd.o
                0x080084a0                HAL_PCD_EP_Close
 .text.HAL_PCD_EP_Receive
                0x08008534       0x76 ./Drivers/STM32F4xx_HAL_Driver/Src/stm32f4xx_hal_pcd.o
                0x08008534                HAL_PCD_EP_Receive
 .text.HAL_PCD_EP_GetRxCount
                0x080085aa       0x30 ./Drivers/STM32F4xx_HAL_Driver/Src/stm32f4xx_hal_pcd.o
                0x080085aa                HAL_PCD_EP_GetRxCount
 .text.HAL_PCD_EP_Transmit
                0x080085da       0x74 ./Drivers/STM32F4xx_HAL_Driver/Src/stm32f4xx_hal_pcd.o
                0x080085da                HAL_PCD_EP_Transmit
 .text.HAL_PCD_EP_SetStall
                0x0800864e       0xc6 ./Drivers/STM32F4xx_HAL_Driver/Src/stm32f4xx_hal_pcd.o
                0x0800864e                HAL_PCD_EP_SetStall
 .text.HAL_PCD_EP_ClrStall
                0x08008714       0xac ./Drivers/STM32F4xx_HAL_Driver/Src/stm32f4xx_hal_pcd.o
                0x08008714                HAL_PCD_EP_ClrStall
 .text.HAL_PCD_EP_Abort
                0x080087c0       0x62 ./Drivers/STM32F4xx_HAL_Driver/Src/stm32f4xx_hal_pcd.o
                0x080087c0                HAL_PCD_EP_Abort
 .text.PCD_WriteEmptyTxFifo
                0x08008822      0x118 ./Drivers/STM32F4xx_HAL_Driver/Src/stm32f4xx_hal_pcd.o
 *fill*         0x0800893a        0x2 
 .text.PCD_EP_OutXfrComplete_int
                0x0800893c      0x1d0 ./Drivers/STM32F4xx_HAL_Driver/Src/stm32f4xx_hal_pcd.o
 .text.PCD_EP_OutSetupPacket_int
                0x08008b0c       0x8c ./Drivers/STM32F4xx_HAL_Driver/Src/stm32f4xx_hal_pcd.o
 .text.HAL_PCDEx_SetTxFiFo
                0x08008b98       0x8e ./Drivers/STM32F4xx_HAL_Driver/Src/stm32f4xx_hal_pcd_ex.o
                0x08008b98                HAL_PCDEx_SetTxFiFo
 .text.HAL_PCDEx_SetRxFiFo
                0x08008c26       0x22 ./Drivers/STM32F4xx_HAL_Driver/Src/stm32f4xx_hal_pcd_ex.o
                0x08008c26                HAL_PCDEx_SetRxFiFo
 .text.HAL_PCDEx_LPM_Callback
                0x08008c48       0x18 ./Drivers/STM32F4xx_HAL_Driver/Src/stm32f4xx_hal_pcd_ex.o
                0x08008c48                HAL_PCDEx_LPM_Callback
 .text.HAL_RCC_OscConfig
                0x08008c60      0x4f0 ./Drivers/STM32F4xx_HAL_Driver/Src/stm32f4xx_hal_rcc.o
                0x08008c60                HAL_RCC_OscConfig
 .text.HAL_RCC_ClockConfig
                0x08009150      0x1cc ./Drivers/STM32F4xx_HAL_Driver/Src/stm32f4xx_hal_rcc.o
                0x08009150                HAL_RCC_ClockConfig
 .text.HAL_RCC_GetSysClockFreq
                0x0800931c      0x20c ./Drivers/STM32F4xx_HAL_Driver/Src/stm32f4xx_hal_rcc.o
                0x0800931c                HAL_RCC_GetSysClockFreq
 .text.HAL_RCC_GetHCLKFreq
                0x08009528       0x18 ./Drivers/STM32F4xx_HAL_Driver/Src/stm32f4xx_hal_rcc.o
                0x08009528                HAL_RCC_GetHCLKFreq
 .text.HAL_RCC_GetPCLK1Freq
                0x08009540       0x28 ./Drivers/STM32F4xx_HAL_Driver/Src/stm32f4xx_hal_rcc.o
                0x08009540                HAL_RCC_GetPCLK1Freq
 .text.HAL_RCC_GetPCLK2Freq
                0x08009568       0x28 ./Drivers/STM32F4xx_HAL_Driver/Src/stm32f4xx_hal_rcc.o
                0x08009568                HAL_RCC_GetPCLK2Freq
 .text.HAL_SPI_Init
                0x08009590      0x112 ./Drivers/STM32F4xx_HAL_Driver/Src/stm32f4xx_hal_spi.o
                0x08009590                HAL_SPI_Init
 .text.HAL_SPI_Transmit
                0x080096a2      0x288 ./Drivers/STM32F4xx_HAL_Driver/Src/stm32f4xx_hal_spi.o
                0x080096a2                HAL_SPI_Transmit
 .text.HAL_SPI_TransmitReceive
                0x0800992a      0x352 ./Drivers/STM32F4xx_HAL_Driver/Src/stm32f4xx_hal_spi.o
                0x0800992a                HAL_SPI_TransmitReceive
 .text.HAL_SPI_TransmitReceive_DMA
                0x08009c7c      0x1f8 ./Drivers/STM32F4xx_HAL_Driver/Src/stm32f4xx_hal_spi.o
                0x08009c7c                HAL_SPI_TransmitReceive_DMA
 .text.HAL_SPI_IRQHandler
                0x08009e74      0x200 ./Drivers/STM32F4xx_HAL_Driver/Src/stm32f4xx_hal_spi.o
                0x08009e74                HAL_SPI_IRQHandler
 .text.HAL_SPI_RxCpltCallback
                0x0800a074       0x14 ./Drivers/STM32F4xx_HAL_Driver/Src/stm32f4xx_hal_spi.o
                0x0800a074                HAL_SPI_RxCpltCallback
 .text.HAL_SPI_RxHalfCpltCallback
                0x0800a088       0x14 ./Drivers/STM32F4xx_HAL_Driver/Src/stm32f4xx_hal_spi.o
                0x0800a088                HAL_SPI_RxHalfCpltCallback
 .text.HAL_SPI_TxRxHalfCpltCallback
                0x0800a09c       0x14 ./Drivers/STM32F4xx_HAL_Driver/Src/stm32f4xx_hal_spi.o
                0x0800a09c                HAL_SPI_TxRxHalfCpltCallback
 .text.HAL_SPI_ErrorCallback
                0x0800a0b0       0x14 ./Drivers/STM32F4xx_HAL_Driver/Src/stm32f4xx_hal_spi.o
                0x0800a0b0                HAL_SPI_ErrorCallback
 .text.SPI_DMAReceiveCplt
                0x0800a0c4       0xa8 ./Drivers/STM32F4xx_HAL_Driver/Src/stm32f4xx_hal_spi.o
 .text.SPI_DMATransmitReceiveCplt
                0x0800a16c       0x90 ./Drivers/STM32F4xx_HAL_Driver/Src/stm32f4xx_hal_spi.o
 .text.SPI_DMAHalfReceiveCplt
                0x0800a1fc       0x1c ./Drivers/STM32F4xx_HAL_Driver/Src/stm32f4xx_hal_spi.o
 .text.SPI_DMAHalfTransmitReceiveCplt
                0x0800a218       0x1c ./Drivers/STM32F4xx_HAL_Driver/Src/stm32f4xx_hal_spi.o
 .text.SPI_DMAError
                0x0800a234       0x40 ./Drivers/STM32F4xx_HAL_Driver/Src/stm32f4xx_hal_spi.o
 .text.SPI_DMAAbortOnError
                0x0800a274       0x28 ./Drivers/STM32F4xx_HAL_Driver/Src/stm32f4xx_hal_spi.o
 .text.SPI_WaitFlagStateUntilTimeout
                0x0800a29c      0x110 ./Drivers/STM32F4xx_HAL_Driver/Src/stm32f4xx_hal_spi.o
 .text.SPI_EndRxTransaction
                0x0800a3ac       0xca ./Drivers/STM32F4xx_HAL_Driver/Src/stm32f4xx_hal_spi.o
 *fill*         0x0800a476        0x2 
 .text.SPI_EndRxTxTransaction
                0x0800a478       0xa8 ./Drivers/STM32F4xx_HAL_Driver/Src/stm32f4xx_hal_spi.o
 .text.HAL_TIM_Base_Init
                0x0800a520       0x9e ./Drivers/STM32F4xx_HAL_Driver/Src/stm32f4xx_hal_tim.o
                0x0800a520                HAL_TIM_Base_Init
 *fill*         0x0800a5be        0x2 
 .text.HAL_TIM_Base_Start_IT
                0x0800a5c0       0xe0 ./Drivers/STM32F4xx_HAL_Driver/Src/stm32f4xx_hal_tim.o
                0x0800a5c0                HAL_TIM_Base_Start_IT
 .text.HAL_TIM_PWM_Init
                0x0800a6a0       0x9e ./Drivers/STM32F4xx_HAL_Driver/Src/stm32f4xx_hal_tim.o
                0x0800a6a0                HAL_TIM_PWM_Init
 .text.HAL_TIM_PWM_MspInit
                0x0800a73e       0x14 ./Drivers/STM32F4xx_HAL_Driver/Src/stm32f4xx_hal_tim.o
                0x0800a73e                HAL_TIM_PWM_MspInit
 *fill*         0x0800a752        0x2 
 .text.HAL_TIM_PWM_Start_DMA
                0x0800a754      0x390 ./Drivers/STM32F4xx_HAL_Driver/Src/stm32f4xx_hal_tim.o
                0x0800a754                HAL_TIM_PWM_Start_DMA
 .text.HAL_TIM_IRQHandler
                0x0800aae4      0x1e0 ./Drivers/STM32F4xx_HAL_Driver/Src/stm32f4xx_hal_tim.o
                0x0800aae4                HAL_TIM_IRQHandler
 .text.HAL_TIM_PWM_ConfigChannel
                0x0800acc4      0x184 ./Drivers/STM32F4xx_HAL_Driver/Src/stm32f4xx_hal_tim.o
                0x0800acc4                HAL_TIM_PWM_ConfigChannel
 .text.HAL_TIM_ConfigClockSource
                0x0800ae48      0x18e ./Drivers/STM32F4xx_HAL_Driver/Src/stm32f4xx_hal_tim.o
                0x0800ae48                HAL_TIM_ConfigClockSource
 .text.HAL_TIM_OC_DelayElapsedCallback
                0x0800afd6       0x14 ./Drivers/STM32F4xx_HAL_Driver/Src/stm32f4xx_hal_tim.o
                0x0800afd6                HAL_TIM_OC_DelayElapsedCallback
 .text.HAL_TIM_IC_CaptureCallback
                0x0800afea       0x14 ./Drivers/STM32F4xx_HAL_Driver/Src/stm32f4xx_hal_tim.o
                0x0800afea                HAL_TIM_IC_CaptureCallback
 .text.HAL_TIM_PWM_PulseFinishedCallback
                0x0800affe       0x14 ./Drivers/STM32F4xx_HAL_Driver/Src/stm32f4xx_hal_tim.o
                0x0800affe                HAL_TIM_PWM_PulseFinishedCallback
 .text.HAL_TIM_TriggerCallback
                0x0800b012       0x14 ./Drivers/STM32F4xx_HAL_Driver/Src/stm32f4xx_hal_tim.o
                0x0800b012                HAL_TIM_TriggerCallback
 .text.HAL_TIM_ErrorCallback
                0x0800b026       0x14 ./Drivers/STM32F4xx_HAL_Driver/Src/stm32f4xx_hal_tim.o
                0x0800b026                HAL_TIM_ErrorCallback
 .text.TIM_DMAError
                0x0800b03a       0x92 ./Drivers/STM32F4xx_HAL_Driver/Src/stm32f4xx_hal_tim.o
                0x0800b03a                TIM_DMAError
 .text.TIM_DMADelayPulseCplt
                0x0800b0cc       0xa8 ./Drivers/STM32F4xx_HAL_Driver/Src/stm32f4xx_hal_tim.o
 .text.TIM_DMADelayPulseHalfCplt
                0x0800b174       0x68 ./Drivers/STM32F4xx_HAL_Driver/Src/stm32f4xx_hal_tim.o
                0x0800b174                TIM_DMADelayPulseHalfCplt
 .text.TIM_Base_SetConfig
                0x0800b1dc      0x14c ./Drivers/STM32F4xx_HAL_Driver/Src/stm32f4xx_hal_tim.o
                0x0800b1dc                TIM_Base_SetConfig
 .text.TIM_OC1_SetConfig
                0x0800b328       0xe0 ./Drivers/STM32F4xx_HAL_Driver/Src/stm32f4xx_hal_tim.o
 .text.TIM_OC2_SetConfig
                0x0800b408       0xec ./Drivers/STM32F4xx_HAL_Driver/Src/stm32f4xx_hal_tim.o
                0x0800b408                TIM_OC2_SetConfig
 .text.TIM_OC3_SetConfig
                0x0800b4f4       0xe8 ./Drivers/STM32F4xx_HAL_Driver/Src/stm32f4xx_hal_tim.o
 .text.TIM_OC4_SetConfig
                0x0800b5dc       0xac ./Drivers/STM32F4xx_HAL_Driver/Src/stm32f4xx_hal_tim.o
 .text.TIM_TI1_ConfigInputStage
                0x0800b688       0x5e ./Drivers/STM32F4xx_HAL_Driver/Src/stm32f4xx_hal_tim.o
 .text.TIM_TI2_ConfigInputStage
                0x0800b6e6       0x60 ./Drivers/STM32F4xx_HAL_Driver/Src/stm32f4xx_hal_tim.o
 .text.TIM_ITRx_SetConfig
                0x0800b746       0x36 ./Drivers/STM32F4xx_HAL_Driver/Src/stm32f4xx_hal_tim.o
 .text.TIM_ETR_SetConfig
                0x0800b77c       0x40 ./Drivers/STM32F4xx_HAL_Driver/Src/stm32f4xx_hal_tim.o
                0x0800b77c                TIM_ETR_SetConfig
 .text.TIM_CCxChannelCmd
                0x0800b7bc       0x4a ./Drivers/STM32F4xx_HAL_Driver/Src/stm32f4xx_hal_tim.o
                0x0800b7bc                TIM_CCxChannelCmd
 *fill*         0x0800b806        0x2 
 .text.HAL_TIMEx_MasterConfigSynchronization
                0x0800b808       0xf8 ./Drivers/STM32F4xx_HAL_Driver/Src/stm32f4xx_hal_tim_ex.o
                0x0800b808                HAL_TIMEx_MasterConfigSynchronization
 .text.HAL_TIMEx_CommutCallback
                0x0800b900       0x14 ./Drivers/STM32F4xx_HAL_Driver/Src/stm32f4xx_hal_tim_ex.o
                0x0800b900                HAL_TIMEx_CommutCallback
 .text.HAL_TIMEx_BreakCallback
                0x0800b914       0x14 ./Drivers/STM32F4xx_HAL_Driver/Src/stm32f4xx_hal_tim_ex.o
                0x0800b914                HAL_TIMEx_BreakCallback
 .text.HAL_UART_Init
                0x0800b928       0xa0 ./Drivers/STM32F4xx_HAL_Driver/Src/stm32f4xx_hal_uart.o
                0x0800b928                HAL_UART_Init
 .text.HAL_UART_Receive_DMA
                0x0800b9c8       0x4a ./Drivers/STM32F4xx_HAL_Driver/Src/stm32f4xx_hal_uart.o
                0x0800b9c8                HAL_UART_Receive_DMA
 *fill*         0x0800ba12        0x2 
 .text.HAL_UART_IRQHandler
                0x0800ba14      0x554 ./Drivers/STM32F4xx_HAL_Driver/Src/stm32f4xx_hal_uart.o
                0x0800ba14                HAL_UART_IRQHandler
 .text.HAL_UART_TxCpltCallback
                0x0800bf68       0x14 ./Drivers/STM32F4xx_HAL_Driver/Src/stm32f4xx_hal_uart.o
                0x0800bf68                HAL_UART_TxCpltCallback
 .text.HAL_UART_RxCpltCallback
                0x0800bf7c       0x14 ./Drivers/STM32F4xx_HAL_Driver/Src/stm32f4xx_hal_uart.o
                0x0800bf7c                HAL_UART_RxCpltCallback
 .text.HAL_UART_RxHalfCpltCallback
                0x0800bf90       0x14 ./Drivers/STM32F4xx_HAL_Driver/Src/stm32f4xx_hal_uart.o
                0x0800bf90                HAL_UART_RxHalfCpltCallback
 .text.HAL_UART_ErrorCallback
                0x0800bfa4       0x14 ./Drivers/STM32F4xx_HAL_Driver/Src/stm32f4xx_hal_uart.o
                0x0800bfa4                HAL_UART_ErrorCallback
 .text.HAL_UARTEx_RxEventCallback
                0x0800bfb8       0x18 ./Drivers/STM32F4xx_HAL_Driver/Src/stm32f4xx_hal_uart.o
                0x0800bfb8                HAL_UARTEx_RxEventCallback
 .text.UART_DMAReceiveCplt
                0x0800bfd0      0x12c ./Drivers/STM32F4xx_HAL_Driver/Src/stm32f4xx_hal_uart.o
 .text.UART_DMARxHalfCplt
                0x0800c0fc       0x3c ./Drivers/STM32F4xx_HAL_Driver/Src/stm32f4xx_hal_uart.o
 .text.UART_DMAError
                0x0800c138       0x94 ./Drivers/STM32F4xx_HAL_Driver/Src/stm32f4xx_hal_uart.o
 .text.UART_Start_Receive_DMA
                0x0800c1cc      0x14c ./Drivers/STM32F4xx_HAL_Driver/Src/stm32f4xx_hal_uart.o
                0x0800c1cc                UART_Start_Receive_DMA
 .text.UART_EndTxTransfer
                0x0800c318       0x50 ./Drivers/STM32F4xx_HAL_Driver/Src/stm32f4xx_hal_uart.o
 .text.UART_EndRxTransfer
                0x0800c368       0xc6 ./Drivers/STM32F4xx_HAL_Driver/Src/stm32f4xx_hal_uart.o
 .text.UART_DMAAbortOnError
                0x0800c42e       0x22 ./Drivers/STM32F4xx_HAL_Driver/Src/stm32f4xx_hal_uart.o
 .text.UART_Transmit_IT
                0x0800c450       0xa0 ./Drivers/STM32F4xx_HAL_Driver/Src/stm32f4xx_hal_uart.o
 .text.UART_EndTransmit_IT
                0x0800c4f0       0x30 ./Drivers/STM32F4xx_HAL_Driver/Src/stm32f4xx_hal_uart.o
 .text.UART_Receive_IT
                0x0800c520      0x17c ./Drivers/STM32F4xx_HAL_Driver/Src/stm32f4xx_hal_uart.o
 .text.UART_SetConfig
                0x0800c69c      0x4e8 ./Drivers/STM32F4xx_HAL_Driver/Src/stm32f4xx_hal_uart.o
 .text.USB_CoreInit
                0x0800cb84       0xc8 ./Drivers/STM32F4xx_HAL_Driver/Src/stm32f4xx_ll_usb.o
                0x0800cb84                USB_CoreInit
 .text.USB_SetTurnaroundTime
                0x0800cc4c      0x144 ./Drivers/STM32F4xx_HAL_Driver/Src/stm32f4xx_ll_usb.o
                0x0800cc4c                USB_SetTurnaroundTime
 .text.USB_EnableGlobalInt
                0x0800cd90       0x22 ./Drivers/STM32F4xx_HAL_Driver/Src/stm32f4xx_ll_usb.o
                0x0800cd90                USB_EnableGlobalInt
 .text.USB_DisableGlobalInt
                0x0800cdb2       0x22 ./Drivers/STM32F4xx_HAL_Driver/Src/stm32f4xx_ll_usb.o
                0x0800cdb2                USB_DisableGlobalInt
 .text.USB_SetCurrentMode
                0x0800cdd4       0x98 ./Drivers/STM32F4xx_HAL_Driver/Src/stm32f4xx_ll_usb.o
                0x0800cdd4                USB_SetCurrentMode
 .text.USB_DevInit
                0x0800ce6c      0x2c8 ./Drivers/STM32F4xx_HAL_Driver/Src/stm32f4xx_ll_usb.o
                0x0800ce6c                USB_DevInit
 .text.USB_FlushTxFifo
                0x0800d134       0x64 ./Drivers/STM32F4xx_HAL_Driver/Src/stm32f4xx_ll_usb.o
                0x0800d134                USB_FlushTxFifo
 .text.USB_FlushRxFifo
                0x0800d198       0x5c ./Drivers/STM32F4xx_HAL_Driver/Src/stm32f4xx_ll_usb.o
                0x0800d198                USB_FlushRxFifo
 .text.USB_SetDevSpeed
                0x0800d1f4       0x32 ./Drivers/STM32F4xx_HAL_Driver/Src/stm32f4xx_ll_usb.o
                0x0800d1f4                USB_SetDevSpeed
 .text.USB_GetDevSpeed
                0x0800d226       0x4a ./Drivers/STM32F4xx_HAL_Driver/Src/stm32f4xx_ll_usb.o
                0x0800d226                USB_GetDevSpeed
 .text.USB_ActivateEndpoint
                0x0800d270      0x10e ./Drivers/STM32F4xx_HAL_Driver/Src/stm32f4xx_ll_usb.o
                0x0800d270                USB_ActivateEndpoint
 *fill*         0x0800d37e        0x2 
 .text.USB_DeactivateEndpoint
                0x0800d380      0x1b8 ./Drivers/STM32F4xx_HAL_Driver/Src/stm32f4xx_ll_usb.o
                0x0800d380                USB_DeactivateEndpoint
 .text.USB_EPStartXfer
                0x0800d538      0x53c ./Drivers/STM32F4xx_HAL_Driver/Src/stm32f4xx_ll_usb.o
                0x0800d538                USB_EPStartXfer
 .text.USB_EPStopXfer
                0x0800da74      0x154 ./Drivers/STM32F4xx_HAL_Driver/Src/stm32f4xx_ll_usb.o
                0x0800da74                USB_EPStopXfer
 .text.USB_WritePacket
                0x0800dbc8       0x7c ./Drivers/STM32F4xx_HAL_Driver/Src/stm32f4xx_ll_usb.o
                0x0800dbc8                USB_WritePacket
 .text.USB_ReadPacket
                0x0800dc44       0xb0 ./Drivers/STM32F4xx_HAL_Driver/Src/stm32f4xx_ll_usb.o
                0x0800dc44                USB_ReadPacket
 .text.USB_EPSetStall
                0x0800dcf4       0xdc ./Drivers/STM32F4xx_HAL_Driver/Src/stm32f4xx_ll_usb.o
                0x0800dcf4                USB_EPSetStall
 .text.USB_EPClearStall
                0x0800ddd0       0xcc ./Drivers/STM32F4xx_HAL_Driver/Src/stm32f4xx_ll_usb.o
                0x0800ddd0                USB_EPClearStall
 .text.USB_SetDevAddress
                0x0800de9c       0x4c ./Drivers/STM32F4xx_HAL_Driver/Src/stm32f4xx_ll_usb.o
                0x0800de9c                USB_SetDevAddress
 .text.USB_DevConnect
                0x0800dee8       0x42 ./Drivers/STM32F4xx_HAL_Driver/Src/stm32f4xx_ll_usb.o
                0x0800dee8                USB_DevConnect
 .text.USB_DevDisconnect
                0x0800df2a       0x42 ./Drivers/STM32F4xx_HAL_Driver/Src/stm32f4xx_ll_usb.o
                0x0800df2a                USB_DevDisconnect
 .text.USB_ReadInterrupts
                0x0800df6c       0x26 ./Drivers/STM32F4xx_HAL_Driver/Src/stm32f4xx_ll_usb.o
                0x0800df6c                USB_ReadInterrupts
 .text.USB_ReadDevAllOutEpInterrupt
                0x0800df92       0x34 ./Drivers/STM32F4xx_HAL_Driver/Src/stm32f4xx_ll_usb.o
                0x0800df92                USB_ReadDevAllOutEpInterrupt
 .text.USB_ReadDevAllInEpInterrupt
                0x0800dfc6       0x34 ./Drivers/STM32F4xx_HAL_Driver/Src/stm32f4xx_ll_usb.o
                0x0800dfc6                USB_ReadDevAllInEpInterrupt
 .text.USB_ReadDevOutEPInterrupt
                0x0800dffa       0x3c ./Drivers/STM32F4xx_HAL_Driver/Src/stm32f4xx_ll_usb.o
                0x0800dffa                USB_ReadDevOutEPInterrupt
 .text.USB_ReadDevInEPInterrupt
                0x0800e036       0x5c ./Drivers/STM32F4xx_HAL_Driver/Src/stm32f4xx_ll_usb.o
                0x0800e036                USB_ReadDevInEPInterrupt
 .text.USB_GetMode
                0x0800e092       0x1c ./Drivers/STM32F4xx_HAL_Driver/Src/stm32f4xx_ll_usb.o
                0x0800e092                USB_GetMode
 .text.USB_ActivateSetup
                0x0800e0ae       0x46 ./Drivers/STM32F4xx_HAL_Driver/Src/stm32f4xx_ll_usb.o
                0x0800e0ae                USB_ActivateSetup
 .text.USB_EP0_OutStart
                0x0800e0f4       0xbc ./Drivers/STM32F4xx_HAL_Driver/Src/stm32f4xx_ll_usb.o
                0x0800e0f4                USB_EP0_OutStart
 .text.USB_CoreReset
                0x0800e1b0       0x70 ./Drivers/STM32F4xx_HAL_Driver/Src/stm32f4xx_ll_usb.o
 .text.USBD_CDC_Init
                0x0800e220      0x1f0 ./Middlewares/ST/STM32_USB_Device_Library/Class/CDC/Src/usbd_cdc.o
 .text.USBD_CDC_DeInit
                0x0800e410      0x104 ./Middlewares/ST/STM32_USB_Device_Library/Class/CDC/Src/usbd_cdc.o
 .text.USBD_CDC_Setup
                0x0800e514      0x1b8 ./Middlewares/ST/STM32_USB_Device_Library/Class/CDC/Src/usbd_cdc.o
 .text.USBD_CDC_DataIn
                0x0800e6cc       0xfe ./Middlewares/ST/STM32_USB_Device_Library/Class/CDC/Src/usbd_cdc.o
 .text.USBD_CDC_DataOut
                0x0800e7ca       0x70 ./Middlewares/ST/STM32_USB_Device_Library/Class/CDC/Src/usbd_cdc.o
 .text.USBD_CDC_EP0_RxReady
                0x0800e83a       0x74 ./Middlewares/ST/STM32_USB_Device_Library/Class/CDC/Src/usbd_cdc.o
 *fill*         0x0800e8ae        0x2 
 .text.USBD_CDC_GetFSCfgDesc
                0x0800e8b0       0x70 ./Middlewares/ST/STM32_USB_Device_Library/Class/CDC/Src/usbd_cdc.o
 .text.USBD_CDC_GetHSCfgDesc
                0x0800e920       0x70 ./Middlewares/ST/STM32_USB_Device_Library/Class/CDC/Src/usbd_cdc.o
 .text.USBD_CDC_GetOtherSpeedCfgDesc
                0x0800e990       0x70 ./Middlewares/ST/STM32_USB_Device_Library/Class/CDC/Src/usbd_cdc.o
 .text.USBD_CDC_GetDeviceQualifierDescriptor
                0x0800ea00       0x20 ./Middlewares/ST/STM32_USB_Device_Library/Class/CDC/Src/usbd_cdc.o
                0x0800ea00                USBD_CDC_GetDeviceQualifierDescriptor
 .text.USBD_CDC_RegisterInterface
                0x0800ea20       0x34 ./Middlewares/ST/STM32_USB_Device_Library/Class/CDC/Src/usbd_cdc.o
                0x0800ea20                USBD_CDC_RegisterInterface
 .text.USBD_CDC_SetTxBuffer
                0x0800ea54       0x44 ./Middlewares/ST/STM32_USB_Device_Library/Class/CDC/Src/usbd_cdc.o
                0x0800ea54                USBD_CDC_SetTxBuffer
 .text.USBD_CDC_SetRxBuffer
                0x0800ea98       0x3a ./Middlewares/ST/STM32_USB_Device_Library/Class/CDC/Src/usbd_cdc.o
                0x0800ea98                USBD_CDC_SetRxBuffer
 *fill*         0x0800ead2        0x2 
 .text.USBD_CDC_TransmitPacket
                0x0800ead4       0x80 ./Middlewares/ST/STM32_USB_Device_Library/Class/CDC/Src/usbd_cdc.o
                0x0800ead4                USBD_CDC_TransmitPacket
 .text.USBD_CDC_ReceivePacket
                0x0800eb54       0x6c ./Middlewares/ST/STM32_USB_Device_Library/Class/CDC/Src/usbd_cdc.o
                0x0800eb54                USBD_CDC_ReceivePacket
 .text.USBD_Init
                0x0800ebc0       0x60 ./Middlewares/ST/STM32_USB_Device_Library/Core/Src/usbd_core.o
                0x0800ebc0                USBD_Init
 .text.USBD_RegisterClass
                0x0800ec20       0x6c ./Middlewares/ST/STM32_USB_Device_Library/Core/Src/usbd_core.o
                0x0800ec20                USBD_RegisterClass
 .text.USBD_Start
                0x0800ec8c       0x18 ./Middlewares/ST/STM32_USB_Device_Library/Core/Src/usbd_core.o
                0x0800ec8c                USBD_Start
 .text.USBD_RunTestMode
                0x0800eca4       0x16 ./Middlewares/ST/STM32_USB_Device_Library/Core/Src/usbd_core.o
                0x0800eca4                USBD_RunTestMode
 .text.USBD_SetClassConfig
                0x0800ecba       0x38 ./Middlewares/ST/STM32_USB_Device_Library/Core/Src/usbd_core.o
                0x0800ecba                USBD_SetClassConfig
 .text.USBD_ClrClassConfig
                0x0800ecf2       0x34 ./Middlewares/ST/STM32_USB_Device_Library/Core/Src/usbd_core.o
                0x0800ecf2                USBD_ClrClassConfig
 .text.USBD_LL_SetupStage
                0x0800ed26       0xaa ./Middlewares/ST/STM32_USB_Device_Library/Core/Src/usbd_core.o
                0x0800ed26                USBD_LL_SetupStage
 .text.USBD_LL_DataOutStage
                0x0800edd0      0x178 ./Middlewares/ST/STM32_USB_Device_Library/Core/Src/usbd_core.o
                0x0800edd0                USBD_LL_DataOutStage
 .text.USBD_LL_DataInStage
                0x0800ef48      0x176 ./Middlewares/ST/STM32_USB_Device_Library/Core/Src/usbd_core.o
                0x0800ef48                USBD_LL_DataInStage
 .text.USBD_LL_Reset
                0x0800f0be       0xa6 ./Middlewares/ST/STM32_USB_Device_Library/Core/Src/usbd_core.o
                0x0800f0be                USBD_LL_Reset
 .text.USBD_LL_SetSpeed
                0x0800f164       0x20 ./Middlewares/ST/STM32_USB_Device_Library/Core/Src/usbd_core.o
                0x0800f164                USBD_LL_SetSpeed
 .text.USBD_LL_Suspend
                0x0800f184       0x38 ./Middlewares/ST/STM32_USB_Device_Library/Core/Src/usbd_core.o
                0x0800f184                USBD_LL_Suspend
 .text.USBD_LL_Resume
                0x0800f1bc       0x30 ./Middlewares/ST/STM32_USB_Device_Library/Core/Src/usbd_core.o
                0x0800f1bc                USBD_LL_Resume
 .text.USBD_LL_SOF
                0x0800f1ec       0x40 ./Middlewares/ST/STM32_USB_Device_Library/Core/Src/usbd_core.o
                0x0800f1ec                USBD_LL_SOF
 .text.USBD_LL_IsoINIncomplete
                0x0800f22c       0x64 ./Middlewares/ST/STM32_USB_Device_Library/Core/Src/usbd_core.o
                0x0800f22c                USBD_LL_IsoINIncomplete
 .text.USBD_LL_IsoOUTIncomplete
                0x0800f290       0x64 ./Middlewares/ST/STM32_USB_Device_Library/Core/Src/usbd_core.o
                0x0800f290                USBD_LL_IsoOUTIncomplete
 .text.USBD_LL_DevConnected
                0x0800f2f4       0x16 ./Middlewares/ST/STM32_USB_Device_Library/Core/Src/usbd_core.o
                0x0800f2f4                USBD_LL_DevConnected
 .text.USBD_LL_DevDisconnected
                0x0800f30a       0x46 ./Middlewares/ST/STM32_USB_Device_Library/Core/Src/usbd_core.o
                0x0800f30a                USBD_LL_DevDisconnected
 .text.USBD_CoreFindIF
                0x0800f350       0x1a ./Middlewares/ST/STM32_USB_Device_Library/Core/Src/usbd_core.o
                0x0800f350                USBD_CoreFindIF
 .text.USBD_CoreFindEP
                0x0800f36a       0x1a ./Middlewares/ST/STM32_USB_Device_Library/Core/Src/usbd_core.o
                0x0800f36a                USBD_CoreFindEP
 .text.USBD_GetEpDesc
                0x0800f384       0x70 ./Middlewares/ST/STM32_USB_Device_Library/Core/Src/usbd_core.o
                0x0800f384                USBD_GetEpDesc
 .text.USBD_GetNextDesc
                0x0800f3f4       0x38 ./Middlewares/ST/STM32_USB_Device_Library/Core/Src/usbd_core.o
                0x0800f3f4                USBD_GetNextDesc
 .text.SWAPBYTE
                0x0800f42c       0x3e ./Middlewares/ST/STM32_USB_Device_Library/Core/Src/usbd_ctlreq.o
 *fill*         0x0800f46a        0x2 
 .text.USBD_StdDevReq
                0x0800f46c       0xe4 ./Middlewares/ST/STM32_USB_Device_Library/Core/Src/usbd_ctlreq.o
                0x0800f46c                USBD_StdDevReq
 .text.USBD_StdItfReq
                0x0800f550       0xd8 ./Middlewares/ST/STM32_USB_Device_Library/Core/Src/usbd_ctlreq.o
                0x0800f550                USBD_StdItfReq
 .text.USBD_StdEPReq
                0x0800f628      0x33e ./Middlewares/ST/STM32_USB_Device_Library/Core/Src/usbd_ctlreq.o
                0x0800f628                USBD_StdEPReq
 *fill*         0x0800f966        0x2 
 .text.USBD_GetDescriptor
                0x0800f968      0x2d4 ./Middlewares/ST/STM32_USB_Device_Library/Core/Src/usbd_ctlreq.o
 .text.USBD_SetAddress
                0x0800fc3c       0x88 ./Middlewares/ST/STM32_USB_Device_Library/Core/Src/usbd_ctlreq.o
 .text.USBD_SetConfig
                0x0800fcc4      0x154 ./Middlewares/ST/STM32_USB_Device_Library/Core/Src/usbd_ctlreq.o
 .text.USBD_GetConfig
                0x0800fe18       0x6c ./Middlewares/ST/STM32_USB_Device_Library/Core/Src/usbd_ctlreq.o
 .text.USBD_GetStatus
                0x0800fe84       0x68 ./Middlewares/ST/STM32_USB_Device_Library/Core/Src/usbd_ctlreq.o
 .text.USBD_SetFeature
                0x0800feec       0x52 ./Middlewares/ST/STM32_USB_Device_Library/Core/Src/usbd_ctlreq.o
 .text.USBD_ClrFeature
                0x0800ff3e       0x44 ./Middlewares/ST/STM32_USB_Device_Library/Core/Src/usbd_ctlreq.o
 .text.USBD_ParseSetupRequest
                0x0800ff82       0x74 ./Middlewares/ST/STM32_USB_Device_Library/Core/Src/usbd_ctlreq.o
                0x0800ff82                USBD_ParseSetupRequest
 .text.USBD_CtlError
                0x0800fff6       0x22 ./Middlewares/ST/STM32_USB_Device_Library/Core/Src/usbd_ctlreq.o
                0x0800fff6                USBD_CtlError
 .text.USBD_GetString
                0x08010018       0xa4 ./Middlewares/ST/STM32_USB_Device_Library/Core/Src/usbd_ctlreq.o
                0x08010018                USBD_GetString
 .text.USBD_GetLen
                0x080100bc       0x34 ./Middlewares/ST/STM32_USB_Device_Library/Core/Src/usbd_ctlreq.o
 .text.USBD_CtlSendData
                0x080100f0       0x3c ./Middlewares/ST/STM32_USB_Device_Library/Core/Src/usbd_ioreq.o
                0x080100f0                USBD_CtlSendData
 .text.USBD_CtlContinueSendData
                0x0801012c       0x22 ./Middlewares/ST/STM32_USB_Device_Library/Core/Src/usbd_ioreq.o
                0x0801012c                USBD_CtlContinueSendData
 .text.USBD_CtlPrepareRx
                0x0801014e       0x42 ./Middlewares/ST/STM32_USB_Device_Library/Core/Src/usbd_ioreq.o
                0x0801014e                USBD_CtlPrepareRx
 .text.USBD_CtlContinueRx
                0x08010190       0x22 ./Middlewares/ST/STM32_USB_Device_Library/Core/Src/usbd_ioreq.o
                0x08010190                USBD_CtlContinueRx
 .text.USBD_CtlSendStatus
                0x080101b2       0x26 ./Middlewares/ST/STM32_USB_Device_Library/Core/Src/usbd_ioreq.o
                0x080101b2                USBD_CtlSendStatus
 .text.USBD_CtlReceiveStatus
                0x080101d8       0x26 ./Middlewares/ST/STM32_USB_Device_Library/Core/Src/usbd_ioreq.o
                0x080101d8                USBD_CtlReceiveStatus
 *fill*         0x080101fe        0x2 
 .text.MX_USB_DEVICE_Init
                0x08010200       0x60 ./USB_DEVICE/App/usb_device.o
                0x08010200                MX_USB_DEVICE_Init
 .text.CDC_Init_FS
                0x08010260       0x28 ./USB_DEVICE/App/usbd_cdc_if.o
 .text.CDC_DeInit_FS
                0x08010288       0x10 ./USB_DEVICE/App/usbd_cdc_if.o
 .text.CDC_Control_FS
                0x08010298       0xbc ./USB_DEVICE/App/usbd_cdc_if.o
 .text.CDC_Receive_FS
                0x08010354       0xf0 ./USB_DEVICE/App/usbd_cdc_if.o
 .text.CDC_Transmit_FS
                0x08010444       0x4c ./USB_DEVICE/App/usbd_cdc_if.o
                0x08010444                CDC_Transmit_FS
 .text.CDC_TransmitCplt_FS
                0x08010490       0x22 ./USB_DEVICE/App/usbd_cdc_if.o
 *fill*         0x080104b2        0x2 
 .text.USBD_FS_DeviceDescriptor
                0x080104b4       0x24 ./USB_DEVICE/App/usbd_desc.o
                0x080104b4                USBD_FS_DeviceDescriptor
 .text.USBD_FS_LangIDStrDescriptor
                0x080104d8       0x24 ./USB_DEVICE/App/usbd_desc.o
                0x080104d8                USBD_FS_LangIDStrDescriptor
 .text.USBD_FS_ProductStrDescriptor
                0x080104fc       0x3c ./USB_DEVICE/App/usbd_desc.o
                0x080104fc                USBD_FS_ProductStrDescriptor
 .text.USBD_FS_ManufacturerStrDescriptor
                0x08010538       0x28 ./USB_DEVICE/App/usbd_desc.o
                0x08010538                USBD_FS_ManufacturerStrDescriptor
 .text.USBD_FS_SerialStrDescriptor
                0x08010560       0x24 ./USB_DEVICE/App/usbd_desc.o
                0x08010560                USBD_FS_SerialStrDescriptor
 .text.USBD_FS_ConfigStrDescriptor
                0x08010584       0x3c ./USB_DEVICE/App/usbd_desc.o
                0x08010584                USBD_FS_ConfigStrDescriptor
 .text.USBD_FS_InterfaceStrDescriptor
                0x080105c0       0x3c ./USB_DEVICE/App/usbd_desc.o
                0x080105c0                USBD_FS_InterfaceStrDescriptor
 .text.Get_SerialNum
                0x080105fc       0x58 ./USB_DEVICE/App/usbd_desc.o
 .text.IntToUnicode
                0x08010654       0x7e ./USB_DEVICE/App/usbd_desc.o
 *fill*         0x080106d2        0x2 
 .text.HAL_PCD_MspInit
                0x080106d4       0xa8 ./USB_DEVICE/Target/usbd_conf.o
                0x080106d4                HAL_PCD_MspInit
 .text.HAL_PCD_SetupStageCallback
                0x0801077c       0x24 ./USB_DEVICE/Target/usbd_conf.o
                0x0801077c                HAL_PCD_SetupStageCallback
 .text.HAL_PCD_DataOutStageCallback
                0x080107a0       0x36 ./USB_DEVICE/Target/usbd_conf.o
                0x080107a0                HAL_PCD_DataOutStageCallback
 .text.HAL_PCD_DataInStageCallback
                0x080107d6       0x34 ./USB_DEVICE/Target/usbd_conf.o
                0x080107d6                HAL_PCD_DataInStageCallback
 .text.HAL_PCD_SOFCallback
                0x0801080a       0x1c ./USB_DEVICE/Target/usbd_conf.o
                0x0801080a                HAL_PCD_SOFCallback
 .text.HAL_PCD_ResetCallback
                0x08010826       0x50 ./USB_DEVICE/Target/usbd_conf.o
                0x08010826                HAL_PCD_ResetCallback
 *fill*         0x08010876        0x2 
 .text.HAL_PCD_SuspendCallback
                0x08010878       0x4c ./USB_DEVICE/Target/usbd_conf.o
                0x08010878                HAL_PCD_SuspendCallback
 .text.HAL_PCD_ResumeCallback
                0x080108c4       0x1c ./USB_DEVICE/Target/usbd_conf.o
                0x080108c4                HAL_PCD_ResumeCallback
 .text.HAL_PCD_ISOOUTIncompleteCallback
                0x080108e0       0x24 ./USB_DEVICE/Target/usbd_conf.o
                0x080108e0                HAL_PCD_ISOOUTIncompleteCallback
 .text.HAL_PCD_ISOINIncompleteCallback
                0x08010904       0x24 ./USB_DEVICE/Target/usbd_conf.o
                0x08010904                HAL_PCD_ISOINIncompleteCallback
 .text.HAL_PCD_ConnectCallback
                0x08010928       0x1c ./USB_DEVICE/Target/usbd_conf.o
                0x08010928                HAL_PCD_ConnectCallback
 .text.HAL_PCD_DisconnectCallback
                0x08010944       0x1c ./USB_DEVICE/Target/usbd_conf.o
                0x08010944                HAL_PCD_DisconnectCallback
 .text.USBD_LL_Init
                0x08010960       0x98 ./USB_DEVICE/Target/usbd_conf.o
                0x08010960                USBD_LL_Init
 .text.USBD_LL_Start
                0x080109f8       0x36 ./USB_DEVICE/Target/usbd_conf.o
                0x080109f8                USBD_LL_Start
 .text.USBD_LL_OpenEP
                0x08010a2e       0x4c ./USB_DEVICE/Target/usbd_conf.o
                0x08010a2e                USBD_LL_OpenEP
 .text.USBD_LL_CloseEP
                0x08010a7a       0x3e ./USB_DEVICE/Target/usbd_conf.o
                0x08010a7a                USBD_LL_CloseEP
 .text.USBD_LL_StallEP
                0x08010ab8       0x3e ./USB_DEVICE/Target/usbd_conf.o
                0x08010ab8                USBD_LL_StallEP
 .text.USBD_LL_ClearStallEP
                0x08010af6       0x3e ./USB_DEVICE/Target/usbd_conf.o
                0x08010af6                USBD_LL_ClearStallEP
 .text.USBD_LL_IsStallEP
                0x08010b34       0x58 ./USB_DEVICE/Target/usbd_conf.o
                0x08010b34                USBD_LL_IsStallEP
 .text.USBD_LL_SetUSBAddress
                0x08010b8c       0x3e ./USB_DEVICE/Target/usbd_conf.o
                0x08010b8c                USBD_LL_SetUSBAddress
 .text.USBD_LL_Transmit
                0x08010bca       0x42 ./USB_DEVICE/Target/usbd_conf.o
                0x08010bca                USBD_LL_Transmit
 .text.USBD_LL_PrepareReceive
                0x08010c0c       0x42 ./USB_DEVICE/Target/usbd_conf.o
                0x08010c0c                USBD_LL_PrepareReceive
 .text.USBD_LL_GetRxDataSize
                0x08010c4e       0x26 ./USB_DEVICE/Target/usbd_conf.o
                0x08010c4e                USBD_LL_GetRxDataSize
 .text.USBD_static_malloc
                0x08010c74       0x1c ./USB_DEVICE/Target/usbd_conf.o
                0x08010c74                USBD_static_malloc
 .text.USBD_static_free
                0x08010c90       0x14 ./USB_DEVICE/Target/usbd_conf.o
                0x08010c90                USBD_static_free
 .text.USBD_Get_USB_Status
                0x08010ca4       0x58 ./USB_DEVICE/Target/usbd_conf.o
                0x08010ca4                USBD_Get_USB_Status
 .text.__cvt    0x08010cfc       0xca D:/STM32CubeIDE_1.19.0/STM32CubeIDE/plugins/com.st.stm32cube.ide.mcu.externaltools.gnu-tools-for-stm32.13.3.rel1.win32_1.0.100.202509120712/tools/bin/../lib/gcc/arm-none-eabi/13.3.1/../../../../arm-none-eabi/lib/thumb/v7e-m+fp/hard\libc_nano.a(libc_a-nano-vfprintf_float.o)
                0x08010cfc                __cvt
 .text.__exponent
                0x08010dc6       0x74 D:/STM32CubeIDE_1.19.0/STM32CubeIDE/plugins/com.st.stm32cube.ide.mcu.externaltools.gnu-tools-for-stm32.13.3.rel1.win32_1.0.100.202509120712/tools/bin/../lib/gcc/arm-none-eabi/13.3.1/../../../../arm-none-eabi/lib/thumb/v7e-m+fp/hard\libc_nano.a(libc_a-nano-vfprintf_float.o)
                0x08010dc6                __exponent
 *fill*         0x08010e3a        0x2 
 .text._printf_float
                0x08010e3c      0x454 D:/STM32CubeIDE_1.19.0/STM32CubeIDE/plugins/com.st.stm32cube.ide.mcu.externaltools.gnu-tools-for-stm32.13.3.rel1.win32_1.0.100.202509120712/tools/bin/../lib/gcc/arm-none-eabi/13.3.1/../../../../arm-none-eabi/lib/thumb/v7e-m+fp/hard\libc_nano.a(libc_a-nano-vfprintf_float.o)
                0x08010e3c                _printf_float
 .text._printf_common
                0x08011290       0xda D:/STM32CubeIDE_1.19.0/STM32CubeIDE/plugins/com.st.stm32cube.ide.mcu.externaltools.gnu-tools-for-stm32.13.3.rel1.win32_1.0.100.202509120712/tools/bin/../lib/gcc/arm-none-eabi/13.3.1/../../../../arm-none-eabi/lib/thumb/v7e-m+fp/hard\libc_nano.a(libc_a-nano-vfprintf_i.o)
                0x08011290                _printf_common
 *fill*         0x0801136a        0x2 
 .text._printf_i
                0x0801136c      0x23c D:/STM32CubeIDE_1.19.0/STM32CubeIDE/plugins/com.st.stm32cube.ide.mcu.externaltools.gnu-tools-for-stm32.13.3.rel1.win32_1.0.100.202509120712/tools/bin/../lib/gcc/arm-none-eabi/13.3.1/../../../../arm-none-eabi/lib/thumb/v7e-m+fp/hard\libc_nano.a(libc_a-nano-vfprintf_i.o)
                0x0801136c                _printf_i
 .text.std      0x080115a8       0x6c D:/STM32CubeIDE_1.19.0/STM32CubeIDE/plugins/com.st.stm32cube.ide.mcu.externaltools.gnu-tools-for-stm32.13.3.rel1.win32_1.0.100.202509120712/tools/bin/../lib/gcc/arm-none-eabi/13.3.1/../../../../arm-none-eabi/lib/thumb/v7e-m+fp/hard\libc_nano.a(libc_a-findfp.o)
 .text.stdio_exit_handler
                0x08011614       0x18 D:/STM32CubeIDE_1.19.0/STM32CubeIDE/plugins/com.st.stm32cube.ide.mcu.externaltools.gnu-tools-for-stm32.13.3.rel1.win32_1.0.100.202509120712/tools/bin/../lib/gcc/arm-none-eabi/13.3.1/../../../../arm-none-eabi/lib/thumb/v7e-m+fp/hard\libc_nano.a(libc_a-findfp.o)
 .text.cleanup_stdio
                0x0801162c       0x40 D:/STM32CubeIDE_1.19.0/STM32CubeIDE/plugins/com.st.stm32cube.ide.mcu.externaltools.gnu-tools-for-stm32.13.3.rel1.win32_1.0.100.202509120712/tools/bin/../lib/gcc/arm-none-eabi/13.3.1/../../../../arm-none-eabi/lib/thumb/v7e-m+fp/hard\libc_nano.a(libc_a-findfp.o)
 .text.global_stdio_init.part.0
                0x0801166c       0x3c D:/STM32CubeIDE_1.19.0/STM32CubeIDE/plugins/com.st.stm32cube.ide.mcu.externaltools.gnu-tools-for-stm32.13.3.rel1.win32_1.0.100.202509120712/tools/bin/../lib/gcc/arm-none-eabi/13.3.1/../../../../arm-none-eabi/lib/thumb/v7e-m+fp/hard\libc_nano.a(libc_a-findfp.o)
 .text.__sfp_lock_acquire
                0x080116a8        0xc D:/STM32CubeIDE_1.19.0/STM32CubeIDE/plugins/com.st.stm32cube.ide.mcu.externaltools.gnu-tools-for-stm32.13.3.rel1.win32_1.0.100.202509120712/tools/bin/../lib/gcc/arm-none-eabi/13.3.1/../../../../arm-none-eabi/lib/thumb/v7e-m+fp/hard\libc_nano.a(libc_a-findfp.o)
                0x080116a8                __sfp_lock_acquire
 .text.__sfp_lock_release
                0x080116b4        0xc D:/STM32CubeIDE_1.19.0/STM32CubeIDE/plugins/com.st.stm32cube.ide.mcu.externaltools.gnu-tools-for-stm32.13.3.rel1.win32_1.0.100.202509120712/tools/bin/../lib/gcc/arm-none-eabi/13.3.1/../../../../arm-none-eabi/lib/thumb/v7e-m+fp/hard\libc_nano.a(libc_a-findfp.o)
                0x080116b4                __sfp_lock_release
 .text.__sinit  0x080116c0       0x30 D:/STM32CubeIDE_1.19.0/STM32CubeIDE/plugins/com.st.stm32cube.ide.mcu.externaltools.gnu-tools-for-stm32.13.3.rel1.win32_1.0.100.202509120712/tools/bin/../lib/gcc/arm-none-eabi/13.3.1/../../../../arm-none-eabi/lib/thumb/v7e-m+fp/hard\libc_nano.a(libc_a-findfp.o)
                0x080116c0                __sinit
 .text._fwalk_sglue
                0x080116f0       0x3c D:/STM32CubeIDE_1.19.0/STM32CubeIDE/plugins/com.st.stm32cube.ide.mcu.externaltools.gnu-tools-for-stm32.13.3.rel1.win32_1.0.100.202509120712/tools/bin/../lib/gcc/arm-none-eabi/13.3.1/../../../../arm-none-eabi/lib/thumb/v7e-m+fp/hard\libc_nano.a(libc_a-fwalk.o)
                0x080116f0                _fwalk_sglue
 .text.__sread  0x0801172c       0x22 D:/STM32CubeIDE_1.19.0/STM32CubeIDE/plugins/com.st.stm32cube.ide.mcu.externaltools.gnu-tools-for-stm32.13.3.rel1.win32_1.0.100.202509120712/tools/bin/../lib/gcc/arm-none-eabi/13.3.1/../../../../arm-none-eabi/lib/thumb/v7e-m+fp/hard\libc_nano.a(libc_a-stdio.o)
                0x0801172c                __sread
 .text.__swrite
                0x0801174e       0x38 D:/STM32CubeIDE_1.19.0/STM32CubeIDE/plugins/com.st.stm32cube.ide.mcu.externaltools.gnu-tools-for-stm32.13.3.rel1.win32_1.0.100.202509120712/tools/bin/../lib/gcc/arm-none-eabi/13.3.1/../../../../arm-none-eabi/lib/thumb/v7e-m+fp/hard\libc_nano.a(libc_a-stdio.o)
                0x0801174e                __swrite
 .text.__sseek  0x08011786       0x24 D:/STM32CubeIDE_1.19.0/STM32CubeIDE/plugins/com.st.stm32cube.ide.mcu.externaltools.gnu-tools-for-stm32.13.3.rel1.win32_1.0.100.202509120712/tools/bin/../lib/gcc/arm-none-eabi/13.3.1/../../../../arm-none-eabi/lib/thumb/v7e-m+fp/hard\libc_nano.a(libc_a-stdio.o)
                0x08011786                __sseek
 .text.__sclose
                0x080117aa        0x8 D:/STM32CubeIDE_1.19.0/STM32CubeIDE/plugins/com.st.stm32cube.ide.mcu.externaltools.gnu-tools-for-stm32.13.3.rel1.win32_1.0.100.202509120712/tools/bin/../lib/gcc/arm-none-eabi/13.3.1/../../../../arm-none-eabi/lib/thumb/v7e-m+fp/hard\libc_nano.a(libc_a-stdio.o)
                0x080117aa                __sclose
 .text.memset   0x080117b2       0x10 D:/STM32CubeIDE_1.19.0/STM32CubeIDE/plugins/com.st.stm32cube.ide.mcu.externaltools.gnu-tools-for-stm32.13.3.rel1.win32_1.0.100.202509120712/tools/bin/../lib/gcc/arm-none-eabi/13.3.1/../../../../arm-none-eabi/lib/thumb/v7e-m+fp/hard\libc_nano.a(libc_a-memset.o)
                0x080117b2                memset
 *fill*         0x080117c2        0x2 
 .text._localeconv_r
                0x080117c4        0x8 D:/STM32CubeIDE_1.19.0/STM32CubeIDE/plugins/com.st.stm32cube.ide.mcu.externaltools.gnu-tools-for-stm32.13.3.rel1.win32_1.0.100.202509120712/tools/bin/../lib/gcc/arm-none-eabi/13.3.1/../../../../arm-none-eabi/lib/thumb/v7e-m+fp/hard\libc_nano.a(libc_a-localeconv.o)
                0x080117c4                _localeconv_r
 .text._close_r
                0x080117cc       0x20 D:/STM32CubeIDE_1.19.0/STM32CubeIDE/plugins/com.st.stm32cube.ide.mcu.externaltools.gnu-tools-for-stm32.13.3.rel1.win32_1.0.100.202509120712/tools/bin/../lib/gcc/arm-none-eabi/13.3.1/../../../../arm-none-eabi/lib/thumb/v7e-m+fp/hard\libc_nano.a(libc_a-closer.o)
                0x080117cc                _close_r
 .text._lseek_r
                0x080117ec       0x24 D:/STM32CubeIDE_1.19.0/STM32CubeIDE/plugins/com.st.stm32cube.ide.mcu.externaltools.gnu-tools-for-stm32.13.3.rel1.win32_1.0.100.202509120712/tools/bin/../lib/gcc/arm-none-eabi/13.3.1/../../../../arm-none-eabi/lib/thumb/v7e-m+fp/hard\libc_nano.a(libc_a-lseekr.o)
                0x080117ec                _lseek_r
 .text._read_r  0x08011810       0x24 D:/STM32CubeIDE_1.19.0/STM32CubeIDE/plugins/com.st.stm32cube.ide.mcu.externaltools.gnu-tools-for-stm32.13.3.rel1.win32_1.0.100.202509120712/tools/bin/../lib/gcc/arm-none-eabi/13.3.1/../../../../arm-none-eabi/lib/thumb/v7e-m+fp/hard\libc_nano.a(libc_a-readr.o)
                0x08011810                _read_r
 .text._write_r
                0x08011834       0x24 D:/STM32CubeIDE_1.19.0/STM32CubeIDE/plugins/com.st.stm32cube.ide.mcu.externaltools.gnu-tools-for-stm32.13.3.rel1.win32_1.0.100.202509120712/tools/bin/../lib/gcc/arm-none-eabi/13.3.1/../../../../arm-none-eabi/lib/thumb/v7e-m+fp/hard\libc_nano.a(libc_a-writer.o)
                0x08011834                _write_r
 .text.__errno  0x08011858        0xc D:/STM32CubeIDE_1.19.0/STM32CubeIDE/plugins/com.st.stm32cube.ide.mcu.externaltools.gnu-tools-for-stm32.13.3.rel1.win32_1.0.100.202509120712/tools/bin/../lib/gcc/arm-none-eabi/13.3.1/../../../../arm-none-eabi/lib/thumb/v7e-m+fp/hard\libc_nano.a(libc_a-errno.o)
                0x08011858                __errno
 .text.__libc_init_array
                0x08011864       0x48 D:/STM32CubeIDE_1.19.0/STM32CubeIDE/plugins/com.st.stm32cube.ide.mcu.externaltools.gnu-tools-for-stm32.13.3.rel1.win32_1.0.100.202509120712/tools/bin/../lib/gcc/arm-none-eabi/13.3.1/../../../../arm-none-eabi/lib/thumb/v7e-m+fp/hard\libc_nano.a(libc_a-init.o)
                0x08011864                __libc_init_array
 .text.__retarget_lock_init_recursive
                0x080118ac        0x2 D:/STM32CubeIDE_1.19.0/STM32CubeIDE/plugins/com.st.stm32cube.ide.mcu.externaltools.gnu-tools-for-stm32.13.3.rel1.win32_1.0.100.202509120712/tools/bin/../lib/gcc/arm-none-eabi/13.3.1/../../../../arm-none-eabi/lib/thumb/v7e-m+fp/hard\libc_nano.a(libc_a-lock.o)
                0x080118ac                __retarget_lock_init_recursive
 .text.__retarget_lock_acquire_recursive
                0x080118ae        0x2 D:/STM32CubeIDE_1.19.0/STM32CubeIDE/plugins/com.st.stm32cube.ide.mcu.externaltools.gnu-tools-for-stm32.13.3.rel1.win32_1.0.100.202509120712/tools/bin/../lib/gcc/arm-none-eabi/13.3.1/../../../../arm-none-eabi/lib/thumb/v7e-m+fp/hard\libc_nano.a(libc_a-lock.o)
                0x080118ae                __retarget_lock_acquire_recursive
 .text.__retarget_lock_release_recursive
                0x080118b0        0x2 D:/STM32CubeIDE_1.19.0/STM32CubeIDE/plugins/com.st.stm32cube.ide.mcu.externaltools.gnu-tools-for-stm32.13.3.rel1.win32_1.0.100.202509120712/tools/bin/../lib/gcc/arm-none-eabi/13.3.1/../../../../arm-none-eabi/lib/thumb/v7e-m+fp/hard\libc_nano.a(libc_a-lock.o)
                0x080118b0                __retarget_lock_release_recursive
 .text.memcpy   0x080118b2       0x1c D:/STM32CubeIDE_1.19.0/STM32CubeIDE/plugins/com.st.stm32cube.ide.mcu.externaltools.gnu-tools-for-stm32.13.3.rel1.win32_1.0.100.202509120712/tools/bin/../lib/gcc/arm-none-eabi/13.3.1/../../../../arm-none-eabi/lib/thumb/v7e-m+fp/hard\libc_nano.a(libc_a-memcpy-stub.o)
                0x080118b2                memcpy
 .text.quorem   0x080118ce      0x110 D:/STM32CubeIDE_1.19.0/STM32CubeIDE/plugins/com.st.stm32cube.ide.mcu.externaltools.gnu-tools-for-stm32.13.3.rel1.win32_1.0.100.202509120712/tools/bin/../lib/gcc/arm-none-eabi/13.3.1/../../../../arm-none-eabi/lib/thumb/v7e-m+fp/hard\libc_nano.a(libc_a-dtoa.o)
 *fill*         0x080119de        0x2 
 .text._dtoa_r  0x080119e0      0xba0 D:/STM32CubeIDE_1.19.0/STM32CubeIDE/plugins/com.st.stm32cube.ide.mcu.externaltools.gnu-tools-for-stm32.13.3.rel1.win32_1.0.100.202509120712/tools/bin/../lib/gcc/arm-none-eabi/13.3.1/../../../../arm-none-eabi/lib/thumb/v7e-m+fp/hard\libc_nano.a(libc_a-dtoa.o)
                0x080119e0                _dtoa_r
 .text._free_r  0x08012580       0x94 D:/STM32CubeIDE_1.19.0/STM32CubeIDE/plugins/com.st.stm32cube.ide.mcu.externaltools.gnu-tools-for-stm32.13.3.rel1.win32_1.0.100.202509120712/tools/bin/../lib/gcc/arm-none-eabi/13.3.1/../../../../arm-none-eabi/lib/thumb/v7e-m+fp/hard\libc_nano.a(libc_a-freer.o)
                0x08012580                _free_r
 .text.malloc   0x08012614       0x10 D:/STM32CubeIDE_1.19.0/STM32CubeIDE/plugins/com.st.stm32cube.ide.mcu.externaltools.gnu-tools-for-stm32.13.3.rel1.win32_1.0.100.202509120712/tools/bin/../lib/gcc/arm-none-eabi/13.3.1/../../../../arm-none-eabi/lib/thumb/v7e-m+fp/hard\libc_nano.a(libc_a-malloc.o)
                0x08012614                malloc
 .text.sbrk_aligned
                0x08012624       0x44 D:/STM32CubeIDE_1.19.0/STM32CubeIDE/plugins/com.st.stm32cube.ide.mcu.externaltools.gnu-tools-for-stm32.13.3.rel1.win32_1.0.100.202509120712/tools/bin/../lib/gcc/arm-none-eabi/13.3.1/../../../../arm-none-eabi/lib/thumb/v7e-m+fp/hard\libc_nano.a(libc_a-mallocr.o)
 .text._malloc_r
                0x08012668      0x100 D:/STM32CubeIDE_1.19.0/STM32CubeIDE/plugins/com.st.stm32cube.ide.mcu.externaltools.gnu-tools-for-stm32.13.3.rel1.win32_1.0.100.202509120712/tools/bin/../lib/gcc/arm-none-eabi/13.3.1/../../../../arm-none-eabi/lib/thumb/v7e-m+fp/hard\libc_nano.a(libc_a-mallocr.o)
                0x08012668                _malloc_r
 .text.__malloc_lock
                0x08012768        0xc D:/STM32CubeIDE_1.19.0/STM32CubeIDE/plugins/com.st.stm32cube.ide.mcu.externaltools.gnu-tools-for-stm32.13.3.rel1.win32_1.0.100.202509120712/tools/bin/../lib/gcc/arm-none-eabi/13.3.1/../../../../arm-none-eabi/lib/thumb/v7e-m+fp/hard\libc_nano.a(libc_a-mlock.o)
                0x08012768                __malloc_lock
 .text.__malloc_unlock
                0x08012774        0xc D:/STM32CubeIDE_1.19.0/STM32CubeIDE/plugins/com.st.stm32cube.ide.mcu.externaltools.gnu-tools-for-stm32.13.3.rel1.win32_1.0.100.202509120712/tools/bin/../lib/gcc/arm-none-eabi/13.3.1/../../../../arm-none-eabi/lib/thumb/v7e-m+fp/hard\libc_nano.a(libc_a-mlock.o)
                0x08012774                __malloc_unlock
 .text._Balloc  0x08012780       0x80 D:/STM32CubeIDE_1.19.0/STM32CubeIDE/plugins/com.st.stm32cube.ide.mcu.externaltools.gnu-tools-for-stm32.13.3.rel1.win32_1.0.100.202509120712/tools/bin/../lib/gcc/arm-none-eabi/13.3.1/../../../../arm-none-eabi/lib/thumb/v7e-m+fp/hard\libc_nano.a(libc_a-mprec.o)
                0x08012780                _Balloc
 .text._Bfree   0x08012800       0x44 D:/STM32CubeIDE_1.19.0/STM32CubeIDE/plugins/com.st.stm32cube.ide.mcu.externaltools.gnu-tools-for-stm32.13.3.rel1.win32_1.0.100.202509120712/tools/bin/../lib/gcc/arm-none-eabi/13.3.1/../../../../arm-none-eabi/lib/thumb/v7e-m+fp/hard\libc_nano.a(libc_a-mprec.o)
                0x08012800                _Bfree
 .text.__multadd
                0x08012844       0x8c D:/STM32CubeIDE_1.19.0/STM32CubeIDE/plugins/com.st.stm32cube.ide.mcu.externaltools.gnu-tools-for-stm32.13.3.rel1.win32_1.0.100.202509120712/tools/bin/../lib/gcc/arm-none-eabi/13.3.1/../../../../arm-none-eabi/lib/thumb/v7e-m+fp/hard\libc_nano.a(libc_a-mprec.o)
                0x08012844                __multadd
 .text.__hi0bits
                0x080128d0       0x3e D:/STM32CubeIDE_1.19.0/STM32CubeIDE/plugins/com.st.stm32cube.ide.mcu.externaltools.gnu-tools-for-stm32.13.3.rel1.win32_1.0.100.202509120712/tools/bin/../lib/gcc/arm-none-eabi/13.3.1/../../../../arm-none-eabi/lib/thumb/v7e-m+fp/hard\libc_nano.a(libc_a-mprec.o)
                0x080128d0                __hi0bits
 .text.__lo0bits
                0x0801290e       0x5a D:/STM32CubeIDE_1.19.0/STM32CubeIDE/plugins/com.st.stm32cube.ide.mcu.externaltools.gnu-tools-for-stm32.13.3.rel1.win32_1.0.100.202509120712/tools/bin/../lib/gcc/arm-none-eabi/13.3.1/../../../../arm-none-eabi/lib/thumb/v7e-m+fp/hard\libc_nano.a(libc_a-mprec.o)
                0x0801290e                __lo0bits
 .text.__i2b    0x08012968       0x2c D:/STM32CubeIDE_1.19.0/STM32CubeIDE/plugins/com.st.stm32cube.ide.mcu.externaltools.gnu-tools-for-stm32.13.3.rel1.win32_1.0.100.202509120712/tools/bin/../lib/gcc/arm-none-eabi/13.3.1/../../../../arm-none-eabi/lib/thumb/v7e-m+fp/hard\libc_nano.a(libc_a-mprec.o)
                0x08012968                __i2b
 .text.__multiply
                0x08012994      0x144 D:/STM32CubeIDE_1.19.0/STM32CubeIDE/plugins/com.st.stm32cube.ide.mcu.externaltools.gnu-tools-for-stm32.13.3.rel1.win32_1.0.100.202509120712/tools/bin/../lib/gcc/arm-none-eabi/13.3.1/../../../../arm-none-eabi/lib/thumb/v7e-m+fp/hard\libc_nano.a(libc_a-mprec.o)
                0x08012994                __multiply
 .text.__pow5mult
                0x08012ad8       0xb4 D:/STM32CubeIDE_1.19.0/STM32CubeIDE/plugins/com.st.stm32cube.ide.mcu.externaltools.gnu-tools-for-stm32.13.3.rel1.win32_1.0.100.202509120712/tools/bin/../lib/gcc/arm-none-eabi/13.3.1/../../../../arm-none-eabi/lib/thumb/v7e-m+fp/hard\libc_nano.a(libc_a-mprec.o)
                0x08012ad8                __pow5mult
 .text.__lshift
                0x08012b8c       0xd8 D:/STM32CubeIDE_1.19.0/STM32CubeIDE/plugins/com.st.stm32cube.ide.mcu.externaltools.gnu-tools-for-stm32.13.3.rel1.win32_1.0.100.202509120712/tools/bin/../lib/gcc/arm-none-eabi/13.3.1/../../../../arm-none-eabi/lib/thumb/v7e-m+fp/hard\libc_nano.a(libc_a-mprec.o)
                0x08012b8c                __lshift
 .text.__mcmp   0x08012c64       0x36 D:/STM32CubeIDE_1.19.0/STM32CubeIDE/plugins/com.st.stm32cube.ide.mcu.externaltools.gnu-tools-for-stm32.13.3.rel1.win32_1.0.100.202509120712/tools/bin/../lib/gcc/arm-none-eabi/13.3.1/../../../../arm-none-eabi/lib/thumb/v7e-m+fp/hard\libc_nano.a(libc_a-mprec.o)
                0x08012c64                __mcmp
 *fill*         0x08012c9a        0x2 
 .text.__mdiff  0x08012c9c      0x128 D:/STM32CubeIDE_1.19.0/STM32CubeIDE/plugins/com.st.stm32cube.ide.mcu.externaltools.gnu-tools-for-stm32.13.3.rel1.win32_1.0.100.202509120712/tools/bin/../lib/gcc/arm-none-eabi/13.3.1/../../../../arm-none-eabi/lib/thumb/v7e-m+fp/hard\libc_nano.a(libc_a-mprec.o)
                0x08012c9c                __mdiff
 .text.__d2b    0x08012dc4       0xb0 D:/STM32CubeIDE_1.19.0/STM32CubeIDE/plugins/com.st.stm32cube.ide.mcu.externaltools.gnu-tools-for-stm32.13.3.rel1.win32_1.0.100.202509120712/tools/bin/../lib/gcc/arm-none-eabi/13.3.1/../../../../arm-none-eabi/lib/thumb/v7e-m+fp/hard\libc_nano.a(libc_a-mprec.o)
                0x08012dc4                __d2b
 .text.__sflush_r
                0x08012e74      0x108 D:/STM32CubeIDE_1.19.0/STM32CubeIDE/plugins/com.st.stm32cube.ide.mcu.externaltools.gnu-tools-for-stm32.13.3.rel1.win32_1.0.100.202509120712/tools/bin/../lib/gcc/arm-none-eabi/13.3.1/../../../../arm-none-eabi/lib/thumb/v7e-m+fp/hard\libc_nano.a(libc_a-fflush.o)
                0x08012e74                __sflush_r
 .text._fflush_r
                0x08012f7c       0x50 D:/STM32CubeIDE_1.19.0/STM32CubeIDE/plugins/com.st.stm32cube.ide.mcu.externaltools.gnu-tools-for-stm32.13.3.rel1.win32_1.0.100.202509120712/tools/bin/../lib/gcc/arm-none-eabi/13.3.1/../../../../arm-none-eabi/lib/thumb/v7e-m+fp/hard\libc_nano.a(libc_a-fflush.o)
                0x08012f7c                _fflush_r
 .text._sbrk_r  0x08012fcc       0x20 D:/STM32CubeIDE_1.19.0/STM32CubeIDE/plugins/com.st.stm32cube.ide.mcu.externaltools.gnu-tools-for-stm32.13.3.rel1.win32_1.0.100.202509120712/tools/bin/../lib/gcc/arm-none-eabi/13.3.1/../../../../arm-none-eabi/lib/thumb/v7e-m+fp/hard\libc_nano.a(libc_a-sbrkr.o)
                0x08012fcc                _sbrk_r
 .text.__assert_func
                0x08012fec       0x3c D:/STM32CubeIDE_1.19.0/STM32CubeIDE/plugins/com.st.stm32cube.ide.mcu.externaltools.gnu-tools-for-stm32.13.3.rel1.win32_1.0.100.202509120712/tools/bin/../lib/gcc/arm-none-eabi/13.3.1/../../../../arm-none-eabi/lib/thumb/v7e-m+fp/hard\libc_nano.a(libc_a-assert.o)
                0x08012fec                __assert_func
 .text._calloc_r
                0x08013028       0x28 D:/STM32CubeIDE_1.19.0/STM32CubeIDE/plugins/com.st.stm32cube.ide.mcu.externaltools.gnu-tools-for-stm32.13.3.rel1.win32_1.0.100.202509120712/tools/bin/../lib/gcc/arm-none-eabi/13.3.1/../../../../arm-none-eabi/lib/thumb/v7e-m+fp/hard\libc_nano.a(libc_a-callocr.o)
                0x08013028                _calloc_r
 .text.__ascii_mbtowc
                0x08013050       0x24 D:/STM32CubeIDE_1.19.0/STM32CubeIDE/plugins/com.st.stm32cube.ide.mcu.externaltools.gnu-tools-for-stm32.13.3.rel1.win32_1.0.100.202509120712/tools/bin/../lib/gcc/arm-none-eabi/13.3.1/../../../../arm-none-eabi/lib/thumb/v7e-m+fp/hard\libc_nano.a(libc_a-mbtowc_r.o)
                0x08013050                __ascii_mbtowc
 .text.__ascii_wctomb