Archive member included to satisfy reference by file (symbol)

D:/STM32CubeIDE_1.19.0/STM32CubeIDE/plugins/com.st.stm32cube.ide.mcu.externaltools.gnu-tools-for-stm32.13.3.rel1.win32_1.0.100.202509120712/tools/bin/../lib/gcc/arm-none-eabi/13.3.1/../../../../arm-none-eabi/lib/thumb/v7e-m+fp/hard\libc_nano.a(libc_a-exit.o)
                              D:/STM32CubeIDE_1.19.0/STM32CubeIDE/plugins/com.st.stm32cube.ide.mcu.externaltools.gnu-tools-for-stm32.13.3.rel1.win32_1.0.100.202509120712/tools/bin/../lib/gcc/arm-none-eabi/13.3.1/../../../../arm-none-eabi/lib/thumb/v7e-m+fp/hard/crt0.o (exit)
D:/STM32CubeIDE_1.19.0/STM32CubeIDE/plugins/com.st.stm32cube.ide.mcu.externaltools.gnu-tools-for-stm32.13.3.rel1.win32_1.0.100.202509120712/tools/bin/../lib/gcc/arm-none-eabi/13.3.1/../../../../arm-none-eabi/lib/thumb/v7e-m+fp/hard\libc_nano.a(libc_a-nano-vfprintf_float.o)
                              (_printf_float)
D:/STM32CubeIDE_1.19.0/STM32CubeIDE/plugins/com.st.stm32cube.ide.mcu.externaltools.gnu-tools-for-stm32.13.3.rel1.win32_1.0.100.202509120712/tools/bin/../lib/gcc/arm-none-eabi/13.3.1/../../../../arm-none-eabi/lib/thumb/v7e-m+fp/hard\libc_nano.a(libc_a-nano-vfprintf_i.o)
                              D:/STM32CubeIDE_1.19.0/STM32CubeIDE/plugins/com.st.stm32cube.ide.mcu.externaltools.gnu-tools-for-stm32.13.3.rel1.win32_1.0.100.202509120712/tools/bin/../lib/gcc/arm-none-eabi/13.3.1/../../../../arm-none-eabi/lib/thumb/v7e-m+fp/hard\libc_nano.a(libc_a-nano-vfprintf_float.o) (_printf_common)
D:/STM32CubeIDE_1.19.0/STM32CubeIDE/plugins/com.st.stm32cube.ide.mcu.externaltools.gnu-tools-for-stm32.13.3.rel1.win32_1.0.100.202509120712/tools/bin/../lib/gcc/arm-none-eabi/13.3.1/../../../../arm-none-eabi/lib/thumb/v7e-m+fp/hard\libc_nano.a(libc_a-findfp.o)
                              D:/STM32CubeIDE_1.19.0/STM32CubeIDE/plugins/com.st.stm32cube.ide.mcu.externaltools.gnu-tools-for-stm32.13.3.rel1.win32_1.0.100.202509120712/tools/bin/../lib/gcc/arm-none-eabi/13.3.1/../../../../arm-none-eabi/lib/thumb/v7e-m+fp/hard\libc_nano.a(libc_a-exit.o) (__stdio_exit_handler)
D:/STM32CubeIDE_1.19.0/STM32CubeIDE/plugins/com.st.stm32cube.ide.mcu.externaltools.gnu-tools-for-stm32.13.3.rel1.win32_1.0.100.202509120712/tools/bin/../lib/gcc/arm-none-eabi/13.3.1/../../../../arm-none-eabi/lib/thumb/v7e-m+fp/hard\libc_nano.a(libc_a-fwalk.o)
                              D:/STM32CubeIDE_1.19.0/STM32CubeIDE/plugins/com.st.stm32cube.ide.mcu.externaltools.gnu-tools-for-stm32.13.3.rel1.win32_1.0.100.202509120712/tools/bin/../lib/gcc/arm-none-eabi/13.3.1/../../../../arm-none-eabi/lib/thumb/v7e-m+fp/hard\libc_nano.a(libc_a-findfp.o) (_fwalk_sglue)
D:/STM32CubeIDE_1.19.0/STM32CubeIDE/plugins/com.st.stm32cube.ide.mcu.externaltools.gnu-tools-for-stm32.13.3.rel1.win32_1.0.100.202509120712/tools/bin/../lib/gcc/arm-none-eabi/13.3.1/../../../../arm-none-eabi/lib/thumb/v7e-m+fp/hard\libc_nano.a(libc_a-stdio.o)
                              D:/STM32CubeIDE_1.19.0/STM32CubeIDE/plugins/com.st.stm32cube.ide.mcu.externaltools.gnu-tools-for-stm32.13.3.rel1.win32_1.0.100.202509120712/tools/bin/../lib/gcc/arm-none-eabi/13.3.1/../../../../arm-none-eabi/lib/thumb/v7e-m+fp/hard\libc_nano.a(libc_a-findfp.o) (__sread)
D:/STM32CubeIDE_1.19.0/STM32CubeIDE/plugins/com.st.stm32cube.ide.mcu.externaltools.gnu-tools-for-stm32.13.3.rel1.win32_1.0.100.202509120712/tools/bin/../lib/gcc/arm-none-eabi/13.3.1/../../../../arm-none-eabi/lib/thumb/v7e-m+fp/hard\libc_nano.a(libc_a-memset.o)
                              D:/STM32CubeIDE_1.19.0/STM32CubeIDE/plugins/com.st.stm32cube.ide.mcu.externaltools.gnu-tools-for-stm32.13.3.rel1.win32_1.0.100.202509120712/tools/bin/../lib/gcc/arm-none-eabi/13.3.1/../../../../arm-none-eabi/lib/thumb/v7e-m+fp/hard/crt0.o (memset)
D:/STM32CubeIDE_1.19.0/STM32CubeIDE/plugins/com.st.stm32cube.ide.mcu.externaltools.gnu-tools-for-stm32.13.3.rel1.win32_1.0.100.202509120712/tools/bin/../lib/gcc/arm-none-eabi/13.3.1/../../../../arm-none-eabi/lib/thumb/v7e-m+fp/hard\libc_nano.a(libc_a-localeconv.o)
                              D:/STM32CubeIDE_1.19.0/STM32CubeIDE/plugins/com.st.stm32cube.ide.mcu.externaltools.gnu-tools-for-stm32.13.3.rel1.win32_1.0.100.202509120712/tools/bin/../lib/gcc/arm-none-eabi/13.3.1/../../../../arm-none-eabi/lib/thumb/v7e-m+fp/hard\libc_nano.a(libc_a-nano-vfprintf_float.o) (_localeconv_r)
D:/STM32CubeIDE_1.19.0/STM32CubeIDE/plugins/com.st.stm32cube.ide.mcu.externaltools.gnu-tools-for-stm32.13.3.rel1.win32_1.0.100.202509120712/tools/bin/../lib/gcc/arm-none-eabi/13.3.1/../../../../arm-none-eabi/lib/thumb/v7e-m+fp/hard\libc_nano.a(libc_a-closer.o)
                              D:/STM32CubeIDE_1.19.0/STM32CubeIDE/plugins/com.st.stm32cube.ide.mcu.externaltools.gnu-tools-for-stm32.13.3.rel1.win32_1.0.100.202509120712/tools/bin/../lib/gcc/arm-none-eabi/13.3.1/../../../../arm-none-eabi/lib/thumb/v7e-m+fp/hard\libc_nano.a(libc_a-stdio.o) (_close_r)
[...]
Memory Configuration

Name             Origin             Length             Attributes
CCMRAM           0x10000000         0x00010000         xrw
RAM              0x20000000         0x00020000         xrw
FLASH            0x08000000         0x00100000         xr
*default*        0x00000000         0xffffffff

Linker script and memory map

LOAD D:/STM32CubeIDE_1.19.0/STM32CubeIDE/plugins/com.st.stm32cube.ide.mcu.externaltools.gnu-tools-for-stm32.13.3.rel1.win32_1.0.100.202509120712/tools/bin/../lib/gcc/arm-none-eabi/13.3.1/thumb/v7e-m+fp/hard/crti.o
LOAD D:/STM32CubeIDE_1.19.0/STM32CubeIDE/plugins/com.st.stm32cube.ide.mcu.externaltools.gnu-tools-for-stm32.13.3.rel1.win32_1.0.100.202509120712/tools/bin/../lib/gcc/arm-none-eabi/13.3.1/thumb/v7e-m+fp/hard/crtbegin.o
LOAD D:/STM32CubeIDE_1.19.0/STM32CubeIDE/plugins/com.st.stm32cube.ide.mcu.externaltools.gnu-tools-for-stm32.13.3.rel1.win32_1.0.100.202509120712/tools/bin/../lib/gcc/arm-none-eabi/13.3.1/../../../../arm-none-eabi/lib/thumb/v7e-m+fp/hard/crt0.o
LOAD ./Core/Src/CRsF.o
LOAD ./Core/Src/dma.o
LOAD ./Core/Src/dshot.o
LOAD ./Core/Src/ekf.o
LOAD ./Core/Src/filter.o
LOAD ./Core/Src/freertos.o
LOAD ./Core/Src/gpio.o
LOAD ./Core/Src/main.o
LOAD ./Core/Src/mpu6000.o
LOAD ./Core/Src/pid.o
LOAD ./Core/Src/spi.o
LOAD ./Core/Src/stm32f4xx_hal_msp.o
LOAD ./Core/Src/stm32f4xx_hal_timebase_tim.o
LOAD ./Core/Src/stm32f4xx_it.o
LOAD ./Core/Src/syscalls.o
LOAD ./Core/Src/sysmem.o
LOAD ./Core/Src/system_stm32f4xx.o
LOAD ./Core/Src/tim.o
LOAD ./Core/Src/usart.o
LOAD ./Core/Startup/startup_stm32f405rgtx.o
LOAD ./Drivers/STM32F4xx_HAL_Driver/Src/stm32f4xx_hal.o
LOAD ./Drivers/STM32F4xx_HAL_Driver/Src/stm32f4xx_hal_cortex.o
LOAD ./Drivers/STM32F4xx_HAL_Driver/Src/stm32f4xx_hal_dma.o
LOAD ./Drivers/STM32F4xx_HAL_Driver/Src/stm32f4xx_hal_dma_ex.o
LOAD ./Drivers/STM32F4xx_HAL_Driver/Src/stm32f4xx_hal_exti.o
LOAD ./Drivers/STM32F4xx_HAL_Driver/Src/stm32f4xx_hal_flash.o
LOAD ./Drivers/STM32F4xx_HAL_Driver/Src/stm32f4xx_hal_flash_ex.o
LOAD ./Drivers/STM32F4xx_HAL_Driver/Src/stm32f4xx_hal_flash_ramfunc.o
LOAD ./Drivers/STM32F4xx_HAL_Driver/Src/stm32f4xx_hal_gpio.o
LOAD ./Drivers/STM32F4xx_HAL_Driver/Src/stm32f4xx_hal_pcd.o
LOAD ./Drivers/STM32F4xx_HAL_Driver/Src/stm32f4xx_hal_pcd_ex.o
LOAD ./Drivers/STM32F4xx_HAL_Driver/Src/stm32f4xx_hal_pwr.o
LOAD ./Drivers/STM32F4xx_HAL_Driver/Src/stm32f4xx_hal_pwr_ex.o
LOAD ./Drivers/STM32F4xx_HAL_Driver/Src/stm32f4xx_hal_rcc.o
LOAD ./Drivers/STM32F4xx_HAL_Driver/Src/stm32f4xx_hal_rcc_ex.o
LOAD ./Drivers/STM32F4xx_HAL_Driver/Src/stm32f4xx_hal_spi.o
LOAD ./Drivers/STM32F4xx_HAL_Driver/Src/stm32f4xx_hal_tim.o
LOAD ./Drivers/STM32F4xx_HAL_Driver/Src/stm32f4xx_hal_tim_ex.o
LOAD ./Drivers/STM32F4xx_HAL_Driver/Src/stm32f4xx_hal_uart.o
LOAD ./Drivers/STM32F4xx_HAL_Driver/Src/stm32f4xx_ll_usb.o
LOAD ./Middlewares/ST/STM32_USB_Device_Library/Class/CDC/Src/usbd_cdc.o
LOAD ./Middlewares/ST/STM32_USB_Device_Library/Core/Src/usbd_core.o
LOAD ./Middlewares/ST/STM32_USB_Device_Library/Core/Src/usbd_ctlreq.o
LOAD ./Middlewares/ST/STM32_USB_Device_Library/Core/Src/usbd_ioreq.o
LOAD ./Middlewares/Third_Party/FreeRTOS/Source/CMSIS_RTOS/cmsis_os.o
LOAD ./Middlewares/Third_Party/FreeRTOS/Source/croutine.o
LOAD ./Middlewares/Third_Party/FreeRTOS/Source/event_groups.o
LOAD ./Middlewares/Third_Party/FreeRTOS/Source/list.o
LOAD ./Middlewares/Third_Party/FreeRTOS/Source/queue.o
LOAD ./Middlewares/Third_Party/FreeRTOS/Source/stream_buffer.o
LOAD ./Middlewares/Third_Party/FreeRTOS/Source/tasks.o
LOAD ./Middlewares/Third_Party/FreeRTOS/Source/timers.o
LOAD ./Middlewares/Third_Party/FreeRTOS/Source/portable/GCC/ARM_CM4F/port.o
LOAD ./Middlewares/Third_Party/FreeRTOS/Source/portable/MemMang/heap_4.o
LOAD ./USB_DEVICE/App/usb_device.o
LOAD ./USB_DEVICE/App/usbd_cdc_if.o
LOAD ./USB_DEVICE/App/usbd_desc.o
LOAD ./USB_DEVICE/Target/usbd_conf.o
START GROUP
LOAD D:/STM32CubeIDE_1.19.0/STM32CubeIDE/plugins/com.st.stm32cube.ide.mcu.externaltools.gnu-tools-for-stm32.13.3.rel1.win32_1.0.100.202509120712/tools/bin/../lib/gcc/arm-none-eabi/13.3.1/../../../../arm-none-eabi/lib/thumb/v7e-m+fp/hard\libc_nano.a
LOAD D:/STM32CubeIDE_1.19.0/STM32CubeIDE/plugins/com.st.stm32cube.ide.mcu.externaltools.gnu-tools-for-stm32.13.3.rel1.win32_1.0.100.202509120712/tools/bin/../lib/gcc/arm-none-eabi/13.3.1/../../../../arm-none-eabi/lib/thumb/v7e-m+fp/hard\libm.a
END GROUP
START GROUP
LOAD D:/STM32CubeIDE_1.19.0/STM32CubeIDE/plugins/com.st.stm32cube.ide.mcu.externaltools.gnu-tools-for-stm32.13.3.rel1.win32_1.0.100.202509120712/tools/bin/../lib/gcc/arm-none-eabi/13.3.1/thumb/v7e-m+fp/hard\libgcc.a
LOAD D:/STM32CubeIDE_1.19.0/STM32CubeIDE/plugins/com.st.stm32cube.ide.mcu.externaltools.gnu-tools-for-stm32.13.3.rel1.win32_1.0.100.202509120712/tools/bin/../lib/gcc/arm-none-eabi/13.3.1/../../../../arm-none-eabi/lib/thumb/v7e-m+fp/hard\libc_nano.a
END GROUP
START GROUP
LOAD D:/STM32CubeIDE_1.19.0/STM32CubeIDE/plugins/com.st.stm32cube.ide.mcu.externaltools.gnu-tools-for-stm32.13.3.rel1.win32_1.0.100.202509120712/tools/bin/../lib/gcc/arm-none-eabi/13.3.1/thumb/v7e-m+fp/hard\libgcc.a
LOAD D:/STM32CubeIDE_1.19.0/STM32CubeIDE/plugins/com.st.stm32cube.ide.mcu.externaltools.gnu-tools-for-stm32.13.3.rel1.win32_1.0.100.202509120712/tools/bin/../lib/gcc/arm-none-eabi/13.3.1/../../../../arm-none-eabi/lib/thumb/v7e-m+fp/hard\libc_nano.a
LOAD D:/STM32CubeIDE_1.19.0/STM32CubeIDE/plugins/com.st.stm32cube.ide.mcu.externaltools.gnu-tools-for-stm32.13.3.rel1.win32_1.0.100.202509120712/tools/bin/../lib/gcc/arm-none-eabi/13.3.1/../../../../arm-none-eabi/lib/thumb/v7e-m+fp/hard\libnosys.a
END GROUP
START GROUP
LOAD D:/STM32CubeIDE_1.19.0/STM32CubeIDE/plugins/com.st.stm32cube.ide.mcu.externaltools.gnu-tools-for-stm32.13.3.rel1.win32_1.0.100.202509120712/tools/bin/../lib/gcc/arm-none-eabi/13.3.1/thumb/v7e-m+fp/hard\libgcc.a
LOAD D:/STM32CubeIDE_1.19.0/STM32CubeIDE/plugins/com.st.stm32cube.ide.mcu.externaltools.gnu-tools-for-stm32.13.3.rel1.win32_1.0.100.202509120712/tools/bin/../lib/gcc/arm-none-eabi/13.3.1/../../../../arm-none-eabi/lib/thumb/v7e-m+fp/hard\libc_nano.a
LOAD D:/STM32CubeIDE_1.19.0/STM32CubeIDE/plugins/com.st.stm32cube.ide.mcu.externaltools.gnu-tools-for-stm32.13.3.rel1.win32_1.0.100.202509120712/tools/bin/../lib/gcc/arm-none-eabi/13.3.1/../../../../arm-none-eabi/lib/thumb/v7e-m+fp/hard\libnosys.a
END GROUP
LOAD D:/STM32CubeIDE_1.19.0/STM32CubeIDE/plugins/com.st.stm32cube.ide.mcu.externaltools.gnu-tools-for-stm32.13.3.rel1.win32_1.0.100.202509120712/tools/bin/../lib/gcc/arm-none-eabi/13.3.1/thumb/v7e-m+fp/hard/crtend.o
LOAD D:/STM32CubeIDE_1.19.0/STM32CubeIDE/plugins/com.st.stm32cube.ide.mcu.externaltools.gnu-tools-for-stm32.13.3.rel1.win32_1.0.100.202509120712/tools/bin/../lib/gcc/arm-none-eabi/13.3.1/thumb/v7e-m+fp/hard/crtn.o
                0x20020000                        _estack = (ORIGIN (RAM) + LENGTH (RAM))
                0x00000200                        _Min_Heap_Size = 0x200
                0x00000400                        _Min_Stack_Size = 0x400

.isr_vector     0x08000000      0x188
                0x08000000                        . = ALIGN (0x4)
 *(.isr_vector)
 .isr_vector    0x08000000      0x188 ./Core/Startup/startup_stm32f405rgtx.o
                0x08000000                g_pfnVectors
                0x08000188                        . = ALIGN (0x4)

.text           0x08000190    0x15a48
                0x08000190                        . = ALIGN (0x4)
 *(.text)
 .text          0x08000190       0x40 D:/STM32CubeIDE_1.19.0/STM32CubeIDE/plugins/com.st.stm32cube.ide.mcu.externaltools.gnu-tools-for-stm32.13.3.rel1.win32_1.0.100.202509120712/tools/bin/../lib/gcc/arm-none-eabi/13.3.1/thumb/v7e-m+fp/hard/crtbegin.o
 .text          0x080001d0       0xa0 D:/STM32CubeIDE_1.19.0/STM32CubeIDE/plugins/com.st.stm32cube.ide.mcu.externaltools.gnu-tools-for-stm32.13.3.rel1.win32_1.0.100.202509120712/tools/bin/../lib/gcc/arm-none-eabi/13.3.1/../../../../arm-none-eabi/lib/thumb/v7e-m+fp/hard\libc_nano.a(libc_a-memchr.o)
                0x080001d0                memchr
 .text          0x08000270       0x10 D:/STM32CubeIDE_1.19.0/STM32CubeIDE/plugins/com.st.stm32cube.ide.mcu.externaltools.gnu-tools-for-stm32.13.3.rel1.win32_1.0.100.202509120712/tools/bin/../lib/gcc/arm-none-eabi/13.3.1/../../../../arm-none-eabi/lib/thumb/v7e-m+fp/hard\libc_nano.a(libc_a-strlen.o)
                0x08000270                strlen
 .text          0x08000280      0x378 D:/STM32CubeIDE_1.19.0/STM32CubeIDE/plugins/com.st.stm32cube.ide.mcu.externaltools.gnu-tools-for-stm32.13.3.rel1.win32_1.0.100.202509120712/tools/bin/../lib/gcc/arm-none-eabi/13.3.1/thumb/v7e-m+fp/hard\libgcc.a(_arm_addsubdf3.o)
                0x08000280                __aeabi_drsub
                0x08000288                __aeabi_dsub
                0x08000288                __subdf3
                0x0800028c                __aeabi_dadd
                0x0800028c                __adddf3
                0x08000504                __floatunsidf
                0x08000504                __aeabi_ui2d
                0x08000524                __floatsidf
                0x08000524                __aeabi_i2d
                0x08000548                __aeabi_f2d
                0x08000548                __extendsfdf2
                0x0800058c                __floatundidf
                0x0800058c                __aeabi_ul2d
                0x0800059c                __floatdidf
                0x0800059c                __aeabi_l2d
 .text          0x080005f8      0x424 D:/STM32CubeIDE_1.19.0/STM32CubeIDE/plugins/com.st.stm32cube.ide.mcu.externaltools.gnu-tools-for-stm32.13.3.rel1.win32_1.0.100.202509120712/tools/bin/../lib/gcc/arm-none-eabi/13.3.1/thumb/v7e-m+fp/hard\libgcc.a(_arm_muldivdf3.o)
                0x080005f8                __aeabi_dmul
                0x080005f8                __muldf3
                0x0800084c                __divdf3
                0x0800084c                __aeabi_ddiv
 .text          0x08000a1c      0x110 D:/STM32CubeIDE_1.19.0/STM32CubeIDE/plugins/com.st.stm32cube.ide.mcu.externaltools.gnu-tools-for-stm32.13.3.rel1.win32_1.0.100.202509120712/tools/bin/../lib/gcc/arm-none-eabi/13.3.1/thumb/v7e-m+fp/hard\libgcc.a(_arm_cmpdf2.o)
                0x08000a1c                __gtdf2
                0x08000a1c                __gedf2
                0x08000a24                __ltdf2
                0x08000a24                __ledf2
                0x08000a2c                __nedf2
                0x08000a2c                __eqdf2
                0x08000a2c                __cmpdf2
                0x08000aa8                __aeabi_cdrcmple
                0x08000ab8                __aeabi_cdcmpeq
                0x08000ab8                __aeabi_cdcmple
                0x08000ac8                __aeabi_dcmpeq
                0x08000adc                __aeabi_dcmplt
                0x08000af0                __aeabi_dcmple
                0x08000b04                __aeabi_dcmpge
                0x08000b18                __aeabi_dcmpgt
 .text          0x08000b2c       0x2c D:/STM32CubeIDE_1.19.0/STM32CubeIDE/plugins/com.st.stm32cube.ide.mcu.externaltools.gnu-tools-for-stm32.13.3.rel1.win32_1.0.100.202509120712/tools/bin/../lib/gcc/arm-none-eabi/13.3.1/thumb/v7e-m+fp/hard\libgcc.a(_arm_unorddf2.o)
                0x08000b2c                __unorddf2
                0x08000b2c                __aeabi_dcmpun
 .text          0x08000b58       0x50 D:/STM32CubeIDE_1.19.0/STM32CubeIDE/plugins/com.st.stm32cube.ide.mcu.externaltools.gnu-tools-for-stm32.13.3.rel1.win32_1.0.100.202509120712/tools/bin/../lib/gcc/arm-none-eabi/13.3.1/thumb/v7e-m+fp/hard\libgcc.a(_arm_fixdfsi.o)
                0x08000b58                __aeabi_d2iz
                0x08000b58                __fixdfsi
 .text          0x08000ba8       0xa0 D:/STM32CubeIDE_1.19.0/STM32CubeIDE/plugins/com.st.stm32cube.ide.mcu.externaltools.gnu-tools-for-stm32.13.3.rel1.win32_1.0.100.202509120712/tools/bin/../lib/gcc/arm-none-eabi/13.3.1/thumb/v7e-m+fp/hard\libgcc.a(_arm_truncdfsf2.o)
                0x08000ba8                __truncdfsf2
                0x08000ba8                __aeabi_d2f
 .text          0x08000c48       0x30 D:/STM32CubeIDE_1.19.0/STM32CubeIDE/plugins/com.st.stm32cube.ide.mcu.externaltools.gnu-tools-for-stm32.13.3.rel1.win32_1.0.100.202509120712/tools/bin/../lib/gcc/arm-none-eabi/13.3.1/thumb/v7e-m+fp/hard\libgcc.a(_aeabi_uldivmod.o)
                0x08000c48                __aeabi_uldivmod
 .text          0x08000c78      0x2f8 D:/STM32CubeIDE_1.19.0/STM32CubeIDE/plugins/com.st.stm32cube.ide.mcu.externaltools.gnu-tools-for-stm32.13.3.rel1.win32_1.0.100.202509120712/tools/bin/../lib/gcc/arm-none-eabi/13.3.1/thumb/v7e-m+fp/hard\libgcc.a(_udivmoddi4.o)
                0x08000c78                __udivmoddi4
 .text          0x08000f70        0x4 D:/STM32CubeIDE_1.19.0/STM32CubeIDE/plugins/com.st.stm32cube.ide.mcu.externaltools.gnu-tools-for-stm32.13.3.rel1.win32_1.0.100.202509120712/tools/bin/../lib/gcc/arm-none-eabi/13.3.1/thumb/v7e-m+fp/hard\libgcc.a(_dvmd_tls.o)
                0x08000f70                __aeabi_idiv0
                0x08000f70                __aeabi_ldiv0
 *(.text*)
 .text.Check_valid_Frame
                0x08000f74       0x58 ./Core/Src/CRsF.o
                0x08000f74                Check_valid_Frame
 .text.Payload_CRsF
                0x08000fcc      0x2d8 ./Core/Src/CRsF.o
                0x08000fcc                Payload_CRsF
 .text.getCRC8  0x080012a4       0x72 ./Core/Src/CRsF.o
                0x080012a4                getCRC8
 *fill*         0x08001316        0x2 
 .text.Check_Status
                0x08001318      0x110 ./Core/Src/CRsF.o
                0x08001318                Check_Status
 .text.map_float
                0x08001428       0x5c ./Core/Src/CRsF.o
                0x08001428                map_float
 .text.CRsF_Process
                0x08001484      0x1b0 ./Core/Src/CRsF.o
                0x08001484                CRsF_Process
 .text.CRsF_Pack_Attitude
                0x08001634       0xdc ./Core/Src/CRsF.o
                0x08001634                CRsF_Pack_Attitude
 .text.CRsF_Pack_Battery
                0x08001710       0xa8 ./Core/Src/CRsF.o
                0x08001710                CRsF_Pack_Battery
 .text.CRsF_Pack_FlightMode
                0x080017b8       0x76 ./Core/Src/CRsF.o
                0x080017b8                CRsF_Pack_FlightMode
 *fill*         0x0800182e        0x2 
 .text.MX_DMA_Init
                0x08001830       0xcc ./Core/Src/dma.o
                0x08001830                MX_DMA_Init
 .text.Dshot_CalculateCRCandTelemtryBit
                0x080018fc       0x38 ./Core/Src/dshot.o
                0x080018fc                Dshot_CalculateCRCandTelemtryBit
 .text.Dshot_GetDshotFrame
                0x08001934       0x2c ./Core/Src/dshot.o
                0x08001934                Dshot_GetDshotFrame
 .text.Dshot_DMABuffer_init
                0x08001960       0x34 ./Core/Src/dshot.o
                0x08001960                Dshot_DMABuffer_init
 .text.Dshot_MemoryBuffer_init
                0x08001994       0x34 ./Core/Src/dshot.o
                0x08001994                Dshot_MemoryBuffer_init
 .text.Dshot_Calibrate
                0x080019c8       0x34 ./Core/Src/dshot.o
                0x080019c8                Dshot_Calibrate
 .text.Dshot_PrepareFrame
                0x080019fc       0x5e ./Core/Src/dshot.o
                0x080019fc                Dshot_PrepareFrame
 .text.quat_normalize
                0x08001a5a       0xf0 ./Core/Src/ekf.o
 .text.mat_transpose_3x6
                0x08001b4a       0x70 ./Core/Src/ekf.o
 .text.mat_transpose_6x3
                0x08001bba       0x70 ./Core/Src/ekf.o
 .text.mat_transpose_6x6
                0x08001c2a       0x70 ./Core/Src/ekf.o
 .text.mat_mul_6x6X6x6
                0x08001c9a       0xb8 ./Core/Src/ekf.o
 .text.mat_mul_6x6X6x3
                0x08001d52       0xb8 ./Core/Src/ekf.o
 .text.mat_mul_6x3X3x6
                0x08001e0a       0xb8 ./Core/Src/ekf.o
 .text.mat_mul_6x3X3x3
                0x08001ec2       0xb8 ./Core/Src/ekf.o
 .text.mat_mul_3x6X6x6
                0x08001f7a       0xb8 ./Core/Src/ekf.o
 .text.mat_mul_3x6X6x3
                0x08002032       0xb8 ./Core/Src/ekf.o
 .text.mat_symmetrize_6x6
                0x080020ea       0xb4 ./Core/Src/ekf.o
 .text.EKF_get_dynamics_matrices
                0x0800219e      0x30a ./Core/Src/ekf.o
                0x0800219e                EKF_get_dynamics_matrices
 .text.EKF_Predict
                0x080024a8      0x288 ./Core/Src/ekf.o
                0x080024a8                EKF_Predict
 .text.EKF_AccelModel
                0x08002730      0x1cc ./Core/Src/ekf.o
                0x08002730                EKF_AccelModel
 .text.EKF_UpdateAccel
                0x080028fc      0x844 ./Core/Src/ekf.o
                0x080028fc                EKF_UpdateAccel
 .text.quad_to_euler
                0x08003140       0xb4 ./Core/Src/ekf.o
                0x08003140                quad_to_euler
 .text.IIR_Filter_1D_Init
                0x080031f4       0x38 ./Core/Src/filter.o
                0x080031f4                IIR_Filter_1D_Init
 .text.IIR_Filter_1D_Update
                0x0800322c       0x66 ./Core/Src/filter.o
                0x0800322c                IIR_Filter_1D_Update
 .text.IIR_Filter_3D_Init
                0x08003292       0x4c ./Core/Src/filter.o
                0x08003292                IIR_Filter_3D_Init
 .text.IIR_Filter_3D_Update
                0x080032de       0x68 ./Core/Src/filter.o
                0x080032de                IIR_Filter_3D_Update
 .text.constrain
                0x08003346       0x52 ./Core/Src/freertos.o
 .text.vApplicationGetIdleTaskMemory
                0x08003398       0x34 ./Core/Src/freertos.o
                0x08003398                vApplicationGetIdleTaskMemory
 .text.MX_FREERTOS_Init
                0x080033cc       0xe0 ./Core/Src/freertos.o
                0x080033cc                MX_FREERTOS_Init
 *fill*         0x080034ac        0x4 
 .text.sensor_fusion_func
                0x080034b0      0x304 ./Core/Src/freertos.o
                0x080034b0                sensor_fusion_func
 .text.control_func
                0x080037b4      0x3cc ./Core/Src/freertos.o
                0x080037b4                control_func
 .text.rc_input_func
                0x08003b80       0x24 ./Core/Src/freertos.o
                0x08003b80                rc_input_func
 .text.telemetry_func
                0x08003ba4      0x108 ./Core/Src/freertos.o
                0x08003ba4                telemetry_func
 .text.MX_GPIO_Init
                0x08003cac       0xbc ./Core/Src/gpio.o
                0x08003cac                MX_GPIO_Init
 .text.HAL_SPI_TxRxCpltCallback
                0x08003d68       0x50 ./Core/Src/main.o
                0x08003d68                HAL_SPI_TxRxCpltCallback
 .text.HAL_TIM_PWM_PulseFinishedHalfCpltCallback
                0x08003db8       0xe4 ./Core/Src/main.o
                0x08003db8                HAL_TIM_PWM_PulseFinishedHalfCpltCallback
 .text.init_PIDs
                0x08003e9c       0xdc ./Core/Src/main.o
                0x08003e9c                init_PIDs
 .text.CRSF_IdleHandler
                0x08003f78       0xcc ./Core/Src/main.o
                0x08003f78                CRSF_IdleHandler
 .text.main     0x08004044      0x194 ./Core/Src/main.o
                0x08004044                main
 .text.SystemClock_Config
                0x080041d8       0xd4 ./Core/Src/main.o
                0x080041d8                SystemClock_Config
 .text.HAL_TIM_PeriodElapsedCallback
                0x080042ac       0x4c ./Core/Src/main.o
                0x080042ac                HAL_TIM_PeriodElapsedCallback
 .text.Error_Handler
                0x080042f8        0xc ./Core/Src/main.o
                0x080042f8                Error_Handler
 .text.MPU6000_Read
                0x08004304       0x58 ./Core/Src/mpu6000.o
                0x08004304                MPU6000_Read
 .text.MPU6000_Write
                0x0800435c       0x50 ./Core/Src/mpu6000.o
                0x0800435c                MPU6000_Write
 .text.MPU6000_Init
                0x080043ac       0x98 ./Core/Src/mpu6000.o
                0x080043ac                MPU6000_Init
 .text.MPU6000_Start_DMA
                0x08004444       0x74 ./Core/Src/mpu6000.o
                0x08004444                MPU6000_Start_DMA
 .text.MPU6000_Read_Blocking
                0x080044b8       0x68 ./Core/Src/mpu6000.o
                0x080044b8                MPU6000_Read_Blocking
 .text.MPU6000_Process_DMA
                0x08004520      0x210 ./Core/Src/mpu6000.o
                0x08004520                MPU6000_Process_DMA
 .text.MPU6000_Process
                0x08004730      0x198 ./Core/Src/mpu6000.o
                0x08004730                MPU6000_Process
 .text.MPU6000_Calibrate
                0x080048c8      0x186 ./Core/Src/mpu6000.o
                0x080048c8                MPU6000_Calibrate
 .text.PID_Init
                0x08004a4e       0x86 ./Core/Src/pid.o
                0x08004a4e                PID_Init
 .text.PID_Double_Calculation
                0x08004ad4      0x250 ./Core/Src/pid.o
                0x08004ad4                PID_Double_Calculation
 .text.PID_Yaw_Angle_Calculation
                0x08004d24      0x118 ./Core/Src/pid.o
                0x08004d24                PID_Yaw_Angle_Calculation
 .text.PID_Yaw_Rate_Calculation
                0x08004e3c       0xd2 ./Core/Src/pid.o
                0x08004e3c                PID_Yaw_Rate_Calculation
 *fill*         0x08004f0e        0x2 
 .text.MX_SPI1_Init
                0x08004f10       0x6c ./Core/Src/spi.o
                0x08004f10                MX_SPI1_Init
 .text.HAL_SPI_MspInit
                0x08004f7c      0x16c ./Core/Src/spi.o
                0x08004f7c                HAL_SPI_MspInit
 .text.HAL_MspInit
                0x080050e8       0x58 ./Core/Src/stm32f4xx_hal_msp.o
                0x080050e8                HAL_MspInit
 .text.HAL_InitTick
                0x08005140       0xf8 ./Core/Src/stm32f4xx_hal_timebase_tim.o
                0x08005140                HAL_InitTick
 .text.NMI_Handler
                0x08005238        0x8 ./Core/Src/stm32f4xx_it.o
                0x08005238                NMI_Handler
 .text.HardFault_Handler
                0x08005240        0x8 ./Core/Src/stm32f4xx_it.o
                0x08005240                HardFault_Handler
 .text.MemManage_Handler
                0x08005248        0x8 ./Core/Src/stm32f4xx_it.o
                0x08005248                MemManage_Handler
 .text.BusFault_Handler
                0x08005250        0x8 ./Core/Src/stm32f4xx_it.o
                0x08005250                BusFault_Handler
 .text.UsageFault_Handler
                0x08005258        0x8 ./Core/Src/stm32f4xx_it.o
                0x08005258                UsageFault_Handler
 .text.DebugMon_Handler
                0x08005260        0xe ./Core/Src/stm32f4xx_it.o
                0x08005260                DebugMon_Handler
 *fill*         0x0800526e        0x2 
 .text.DMA1_Stream0_IRQHandler
                0x08005270       0x14 ./Core/Src/stm32f4xx_it.o
                0x08005270                DMA1_Stream0_IRQHandler
 .text.DMA1_Stream2_IRQHandler
                0x08005284       0x14 ./Core/Src/stm32f4xx_it.o
                0x08005284                DMA1_Stream2_IRQHandler
 .text.DMA1_Stream3_IRQHandler
                0x08005298       0x14 ./Core/Src/stm32f4xx_it.o
                0x08005298                DMA1_Stream3_IRQHandler
 .text.DMA1_Stream4_IRQHandler
                0x080052ac       0x14 ./Core/Src/stm32f4xx_it.o
                0x080052ac                DMA1_Stream4_IRQHandler
 .text.TIM2_IRQHandler
                0x080052c0       0x14 ./Core/Src/stm32f4xx_it.o
                0x080052c0                TIM2_IRQHandler
 .text.TIM4_IRQHandler
                0x080052d4       0x14 ./Core/Src/stm32f4xx_it.o
                0x080052d4                TIM4_IRQHandler
 .text.SPI1_IRQHandler
                0x080052e8       0x14 ./Core/Src/stm32f4xx_it.o
                0x080052e8                SPI1_IRQHandler
 .text.DMA1_Stream7_IRQHandler
                0x080052fc       0x14 ./Core/Src/stm32f4xx_it.o
                0x080052fc                DMA1_Stream7_IRQHandler
 .text.DMA2_Stream0_IRQHandler
                0x08005310       0x14 ./Core/Src/stm32f4xx_it.o
                0x08005310                DMA2_Stream0_IRQHandler
 .text.DMA2_Stream1_IRQHandler
                0x08005324       0x14 ./Core/Src/stm32f4xx_it.o
                0x08005324                DMA2_Stream1_IRQHandler
 .text.DMA2_Stream3_IRQHandler
                0x08005338       0x14 ./Core/Src/stm32f4xx_it.o
                0x08005338                DMA2_Stream3_IRQHandler
 .text.OTG_FS_IRQHandler
                0x0800534c       0x14 ./Core/Src/stm32f4xx_it.o
                0x0800534c                OTG_FS_IRQHandler
 .text.USART6_IRQHandler
                0x08005360       0x6c ./Core/Src/stm32f4xx_it.o
                0x08005360                USART6_IRQHandler
 .text._getpid  0x080053cc       0x10 ./Core/Src/syscalls.o
                0x080053cc                _getpid
 .text._kill    0x080053dc       0x20 ./Core/Src/syscalls.o
                0x080053dc                _kill
 .text._exit    0x080053fc       0x16 ./Core/Src/syscalls.o
                0x080053fc                _exit
 .text._read    0x08005412       0x3a ./Core/Src/syscalls.o
                0x08005412                _read
 .text._write   0x0800544c       0x38 ./Core/Src/syscalls.o
                0x0800544c                _write
 .text._close   0x08005484       0x18 ./Core/Src/syscalls.o
                0x08005484                _close
 .text._fstat   0x0800549c       0x20 ./Core/Src/syscalls.o
                0x0800549c                _fstat
 .text._isatty  0x080054bc       0x16 ./Core/Src/syscalls.o
                0x080054bc                _isatty
 .text._lseek   0x080054d2       0x1a ./Core/Src/syscalls.o
                0x080054d2                _lseek
 .text._sbrk    0x080054ec       0x6c ./Core/Src/sysmem.o
                0x080054ec                _sbrk
 .text.SystemInit
                0x08005558       0x24 ./Core/Src/system_stm32f4xx.o
                0x08005558                SystemInit
 .text.MX_TIM2_Init
                0x0800557c       0x98 ./Core/Src/tim.o
                0x0800557c                MX_TIM2_Init
 .text.MX_TIM3_Init
                0x08005614      0x108 ./Core/Src/tim.o
                0x08005614                MX_TIM3_Init
 .text.MX_TIM5_Init
                0x0800571c      0x104 ./Core/Src/tim.o
                0x0800571c                MX_TIM5_Init
 .text.HAL_TIM_Base_MspInit
                0x08005820      0x2c8 ./Core/Src/tim.o
                0x08005820                HAL_TIM_Base_MspInit
 .text.HAL_TIM_MspPostInit
                0x08005ae8       0xc4 ./Core/Src/tim.o
                0x08005ae8                HAL_TIM_MspPostInit
 .text.MX_USART3_UART_Init
                0x08005bac       0x54 ./Core/Src/usart.o
                0x08005bac                MX_USART3_UART_Init
 .text.MX_USART6_UART_Init
                0x08005c00       0x58 ./Core/Src/usart.o
                0x08005c00                MX_USART6_UART_Init
 .text.HAL_UART_MspInit
                0x08005c58      0x1dc ./Core/Src/usart.o
                0x08005c58                HAL_UART_MspInit
 .text.Reset_Handler
                0x08005e34       0x50 ./Core/Startup/startup_stm32f405rgtx.o
                0x08005e34                Reset_Handler
 .text.Default_Handler
                0x08005e84        0x2 ./Core/Startup/startup_stm32f405rgtx.o
                0x08005e84                RTC_Alarm_IRQHandler
                0x08005e84                HASH_RNG_IRQHandler
                0x08005e84                EXTI2_IRQHandler
                0x08005e84                TIM8_CC_IRQHandler
                0x08005e84                TIM1_CC_IRQHandler
                0x08005e84                DMA2_Stream5_IRQHandler
                0x08005e84                DMA1_Stream5_IRQHandler
                0x08005e84                PVD_IRQHandler
                0x08005e84                SDIO_IRQHandler
                0x08005e84                TAMP_STAMP_IRQHandler
                0x08005e84                CAN2_RX1_IRQHandler
                0x08005e84                EXTI3_IRQHandler
                0x08005e84                TIM8_TRG_COM_TIM14_IRQHandler
                0x08005e84                TIM1_UP_TIM10_IRQHandler
                0x08005e84                TIM8_UP_TIM13_IRQHandler
                0x08005e84                I2C3_ER_IRQHandler
                0x08005e84                EXTI0_IRQHandler
                0x08005e84                I2C2_EV_IRQHandler
                0x08005e84                CAN1_RX0_IRQHandler
                0x08005e84                FPU_IRQHandler
                0x08005e84                OTG_HS_WKUP_IRQHandler
                0x08005e84                CAN2_SCE_IRQHandler
                0x08005e84                DMA2_Stream2_IRQHandler
                0x08005e84                TIM6_DAC_IRQHandler
                0x08005e84                TIM1_BRK_TIM9_IRQHandler
                0x08005e84                CAN2_RX0_IRQHandler
                0x08005e84                USART3_IRQHandler
                0x08005e84                CAN1_RX1_IRQHandler
                0x08005e84                UART5_IRQHandler
                0x08005e84                I2C1_EV_IRQHandler
                0x08005e84                DMA1_Stream6_IRQHandler
                0x08005e84                DMA1_Stream1_IRQHandler
                0x08005e84                UART4_IRQHandler
                0x08005e84                TIM3_IRQHandler
                0x08005e84                RCC_IRQHandler
                0x08005e84                TIM8_BRK_TIM12_IRQHandler
                0x08005e84                Default_Handler
                0x08005e84                EXTI15_10_IRQHandler
                0x08005e84                ADC_IRQHandler
                0x08005e84                TIM7_IRQHandler
                0x08005e84                CAN2_TX_IRQHandler
                0x08005e84                TIM5_IRQHandler
                0x08005e84                DMA2_Stream7_IRQHandler
                0x08005e84                I2C3_EV_IRQHandler
                0x08005e84                EXTI9_5_IRQHandler
                0x08005e84                RTC_WKUP_IRQHandler
                0x08005e84                SPI2_IRQHandler
                0x08005e84                OTG_HS_EP1_IN_IRQHandler
                0x08005e84                CAN1_TX_IRQHandler
                0x08005e84                EXTI4_IRQHandler
                0x08005e84                FSMC_IRQHandler
                0x08005e84                OTG_HS_EP1_OUT_IRQHandler
                0x08005e84                WWDG_IRQHandler
                0x08005e84                OTG_FS_WKUP_IRQHandler
                0x08005e84                TIM1_TRG_COM_TIM11_IRQHandler
                0x08005e84                OTG_HS_IRQHandler
                0x08005e84                EXTI1_IRQHandler
                0x08005e84                USART2_IRQHandler
                0x08005e84                I2C2_ER_IRQHandler
                0x08005e84                CAN1_SCE_IRQHandler
                0x08005e84                FLASH_IRQHandler
                0x08005e84                DMA2_Stream4_IRQHandler
                0x08005e84                USART1_IRQHandler
                0x08005e84                SPI3_IRQHandler
                0x08005e84                I2C1_ER_IRQHandler
                0x08005e84                DMA2_Stream6_IRQHandler
 *fill*         0x08005e86        0x2 
 .text.HAL_Init
                0x08005e88       0x44 ./Drivers/STM32F4xx_HAL_Driver/Src/stm32f4xx_hal.o
                0x08005e88                HAL_Init
 .text.HAL_IncTick
                0x08005ecc       0x28 ./Drivers/STM32F4xx_HAL_Driver/Src/stm32f4xx_hal.o
                0x08005ecc                HAL_IncTick
 .text.HAL_GetTick
                0x08005ef4       0x18 ./Drivers/STM32F4xx_HAL_Driver/Src/stm32f4xx_hal.o
                0x08005ef4                HAL_GetTick
 .text.HAL_Delay
                0x08005f0c       0x48 ./Drivers/STM32F4xx_HAL_Driver/Src/stm32f4xx_hal.o
                0x08005f0c                HAL_Delay
 .text.__NVIC_SetPriorityGrouping
                0x08005f54       0x48 ./Drivers/STM32F4xx_HAL_Driver/Src/stm32f4xx_hal_cortex.o
 .text.__NVIC_GetPriorityGrouping
                0x08005f9c       0x1c ./Drivers/STM32F4xx_HAL_Driver/Src/stm32f4xx_hal_cortex.o
 .text.__NVIC_EnableIRQ
                0x08005fb8       0x3c ./Drivers/STM32F4xx_HAL_Driver/Src/stm32f4xx_hal_cortex.o
 .text.__NVIC_SetPriority
                0x08005ff4       0x54 ./Drivers/STM32F4xx_HAL_Driver/Src/stm32f4xx_hal_cortex.o
 .text.NVIC_EncodePriority
                0x08006048       0x66 ./Drivers/STM32F4xx_HAL_Driver/Src/stm32f4xx_hal_cortex.o
 .text.HAL_NVIC_SetPriorityGrouping
                0x080060ae       0x16 ./Drivers/STM32F4xx_HAL_Driver/Src/stm32f4xx_hal_cortex.o
                0x080060ae                HAL_NVIC_SetPriorityGrouping
 .text.HAL_NVIC_SetPriority
                0x080060c4       0x38 ./Drivers/STM32F4xx_HAL_Driver/Src/stm32f4xx_hal_cortex.o
                0x080060c4                HAL_NVIC_SetPriority
 .text.HAL_NVIC_EnableIRQ
                0x080060fc       0x1c ./Drivers/STM32F4xx_HAL_Driver/Src/stm32f4xx_hal_cortex.o
                0x080060fc                HAL_NVIC_EnableIRQ
 .text.HAL_DMA_Init
                0x08006118      0x15c ./Drivers/STM32F4xx_HAL_Driver/Src/stm32f4xx_hal_dma.o
                0x08006118                HAL_DMA_Init
 .text.HAL_DMA_Start_IT
                0x08006274       0xb0 ./Drivers/STM32F4xx_HAL_Driver/Src/stm32f4xx_hal_dma.o
                0x08006274                HAL_DMA_Start_IT
 .text.HAL_DMA_Abort
                0x08006324       0xe0 ./Drivers/STM32F4xx_HAL_Driver/Src/stm32f4xx_hal_dma.o
                0x08006324                HAL_DMA_Abort
 .text.HAL_DMA_Abort_IT
                0x08006404       0x44 ./Drivers/STM32F4xx_HAL_Driver/Src/stm32f4xx_hal_dma.o
                0x08006404                HAL_DMA_Abort_IT
 .text.HAL_DMA_IRQHandler
                0x08006448      0x314 ./Drivers/STM32F4xx_HAL_Driver/Src/stm32f4xx_hal_dma.o
                0x08006448                HAL_DMA_IRQHandler
 .text.DMA_SetConfig
                0x0800675c       0x5c ./Drivers/STM32F4xx_HAL_Driver/Src/stm32f4xx_hal_dma.o
 .text.DMA_CalcBaseAndBitshift
                0x080067b8       0x6c ./Drivers/STM32F4xx_HAL_Driver/Src/stm32f4xx_hal_dma.o
 .text.DMA_CheckFifoParam
                0x08006824       0xf8 ./Drivers/STM32F4xx_HAL_Driver/Src/stm32f4xx_hal_dma.o
 .text.HAL_GPIO_Init
                0x0800691c      0x338 ./Drivers/STM32F4xx_HAL_Driver/Src/stm32f4xx_hal_gpio.o
                0x0800691c                HAL_GPIO_Init
 .text.HAL_GPIO_WritePin
                0x08006c54       0x32 ./Drivers/STM32F4xx_HAL_Driver/Src/stm32f4xx_hal_gpio.o
                0x08006c54                HAL_GPIO_WritePin
 .text.HAL_PCD_Init
                0x08006c86      0x21e ./Drivers/STM32F4xx_HAL_Driver/Src/stm32f4xx_hal_pcd.o
                0x08006c86                HAL_PCD_Init
 .text.HAL_PCD_Start
                0x08006ea4       0x6a ./Drivers/STM32F4xx_HAL_Driver/Src/stm32f4xx_hal_pcd.o
                0x08006ea4                HAL_PCD_Start
 .text.HAL_PCD_IRQHandler
                0x08006f0e      0x942 ./Drivers/STM32F4xx_HAL_Driver/Src/stm32f4xx_hal_pcd.o
                0x08006f0e                HAL_PCD_IRQHandler
 .text.HAL_PCD_SetAddress
                0x08007850       0x48 ./Drivers/STM32F4xx_HAL_Driver/Src/stm32f4xx_hal_pcd.o
                0x08007850                HAL_PCD_SetAddress
 .text.HAL_PCD_EP_Open
                0x08007898       0xd4 ./Drivers/STM32F4xx_HAL_Driver/Src/stm32f4xx_hal_pcd.o
                0x08007898                HAL_PCD_EP_Open
 .text.HAL_PCD_EP_Close
                0x0800796c       0x94 ./Drivers/STM32F4xx_HAL_Driver/Src/stm32f4xx_hal_pcd.o
                0x0800796c                HAL_PCD_EP_Close
 .text.HAL_PCD_EP_Receive
                0x08007a00       0x76 ./Drivers/STM32F4xx_HAL_Driver/Src/stm32f4xx_hal_pcd.o
                0x08007a00                HAL_PCD_EP_Receive
 .text.HAL_PCD_EP_GetRxCount
                0x08007a76       0x30 ./Drivers/STM32F4xx_HAL_Driver/Src/stm32f4xx_hal_pcd.o
                0x08007a76                HAL_PCD_EP_GetRxCount
 .text.HAL_PCD_EP_Transmit
                0x08007aa6       0x74 ./Drivers/STM32F4xx_HAL_Driver/Src/stm32f4xx_hal_pcd.o
                0x08007aa6                HAL_PCD_EP_Transmit
 .text.HAL_PCD_EP_SetStall
                0x08007b1a       0xc6 ./Drivers/STM32F4xx_HAL_Driver/Src/stm32f4xx_hal_pcd.o
                0x08007b1a                HAL_PCD_EP_SetStall
 .text.HAL_PCD_EP_ClrStall
                0x08007be0       0xac ./Drivers/STM32F4xx_HAL_Driver/Src/stm32f4xx_hal_pcd.o
                0x08007be0                HAL_PCD_EP_ClrStall
 .text.HAL_PCD_EP_Abort
                0x08007c8c       0x62 ./Drivers/STM32F4xx_HAL_Driver/Src/stm32f4xx_hal_pcd.o
                0x08007c8c                HAL_PCD_EP_Abort
 .text.PCD_WriteEmptyTxFifo
                0x08007cee      0x118 ./Drivers/STM32F4xx_HAL_Driver/Src/stm32f4xx_hal_pcd.o
 *fill*         0x08007e06        0x2 
 .text.PCD_EP_OutXfrComplete_int
                0x08007e08      0x1d0 ./Drivers/STM32F4xx_HAL_Driver/Src/stm32f4xx_hal_pcd.o
 .text.PCD_EP_OutSetupPacket_int
                0x08007fd8       0x8c ./Drivers/STM32F4xx_HAL_Driver/Src/stm32f4xx_hal_pcd.o
 .text.HAL_PCDEx_SetTxFiFo
                0x08008064       0x8e ./Drivers/STM32F4xx_HAL_Driver/Src/stm32f4xx_hal_pcd_ex.o
                0x08008064                HAL_PCDEx_SetTxFiFo
 .text.HAL_PCDEx_SetRxFiFo
                0x080080f2       0x22 ./Drivers/STM32F4xx_HAL_Driver/Src/stm32f4xx_hal_pcd_ex.o
                0x080080f2                HAL_PCDEx_SetRxFiFo
 .text.HAL_PCDEx_LPM_Callback
                0x08008114       0x18 ./Drivers/STM32F4xx_HAL_Driver/Src/stm32f4xx_hal_pcd_ex.o
                0x08008114                HAL_PCDEx_LPM_Callback
 .text.HAL_RCC_OscConfig
                0x0800812c      0x4f0 ./Drivers/STM32F4xx_HAL_Driver/Src/stm32f4xx_hal_rcc.o
                0x0800812c                HAL_RCC_OscConfig
 .text.HAL_RCC_ClockConfig
                0x0800861c      0x1cc ./Drivers/STM32F4xx_HAL_Driver/Src/stm32f4xx_hal_rcc.o
                0x0800861c                HAL_RCC_ClockConfig
 .text.HAL_RCC_GetSysClockFreq
                0x080087e8      0x20c ./Drivers/STM32F4xx_HAL_Driver/Src/stm32f4xx_hal_rcc.o
                0x080087e8                HAL_RCC_GetSysClockFreq
 .text.HAL_RCC_GetHCLKFreq
                0x080089f4       0x18 ./Drivers/STM32F4xx_HAL_Driver/Src/stm32f4xx_hal_rcc.o
                0x080089f4                HAL_RCC_GetHCLKFreq
 .text.HAL_RCC_GetPCLK1Freq
                0x08008a0c       0x28 ./Drivers/STM32F4xx_HAL_Driver/Src/stm32f4xx_hal_rcc.o
                0x08008a0c                HAL_RCC_GetPCLK1Freq
 .text.HAL_RCC_GetPCLK2Freq
                0x08008a34       0x28 ./Drivers/STM32F4xx_HAL_Driver/Src/stm32f4xx_hal_rcc.o
                0x08008a34                HAL_RCC_GetPCLK2Freq
 .text.HAL_RCC_GetClockConfig
                0x08008a5c       0x64 ./Drivers/STM32F4xx_HAL_Driver/Src/stm32f4xx_hal_rcc.o
                0x08008a5c                HAL_RCC_GetClockConfig
 .text.HAL_SPI_Init
                0x08008ac0      0x112 ./Drivers/STM32F4xx_HAL_Driver/Src/stm32f4xx_hal_spi.o
                0x08008ac0                HAL_SPI_Init
 .text.HAL_SPI_Transmit
                0x08008bd2      0x288 ./Drivers/STM32F4xx_HAL_Driver/Src/stm32f4xx_hal_spi.o
                0x08008bd2                HAL_SPI_Transmit
 .text.HAL_SPI_TransmitReceive
                0x08008e5a      0x352 ./Drivers/STM32F4xx_HAL_Driver/Src/stm32f4xx_hal_spi.o
                0x08008e5a                HAL_SPI_TransmitReceive
 .text.HAL_SPI_TransmitReceive_DMA
                0x080091ac      0x1f8 ./Drivers/STM32F4xx_HAL_Driver/Src/stm32f4xx_hal_spi.o
                0x080091ac                HAL_SPI_TransmitReceive_DMA
 .text.HAL_SPI_IRQHandler
                0x080093a4      0x200 ./Drivers/STM32F4xx_HAL_Driver/Src/stm32f4xx_hal_spi.o
                0x080093a4                HAL_SPI_IRQHandler
 .text.HAL_SPI_RxCpltCallback
                0x080095a4       0x14 ./Drivers/STM32F4xx_HAL_Driver/Src/stm32f4xx_hal_spi.o
                0x080095a4                HAL_SPI_RxCpltCallback
 .text.HAL_SPI_RxHalfCpltCallback
                0x080095b8       0x14 ./Drivers/STM32F4xx_HAL_Driver/Src/stm32f4xx_hal_spi.o
                0x080095b8                HAL_SPI_RxHalfCpltCallback
 .text.HAL_SPI_TxRxHalfCpltCallback
                0x080095cc       0x14 ./Drivers/STM32F4xx_HAL_Driver/Src/stm32f4xx_hal_spi.o
                0x080095cc                HAL_SPI_TxRxHalfCpltCallback
 .text.HAL_SPI_ErrorCallback
                0x080095e0       0x14 ./Drivers/STM32F4xx_HAL_Driver/Src/stm32f4xx_hal_spi.o
                0x080095e0                HAL_SPI_ErrorCallback
 .text.SPI_DMAReceiveCplt
                0x080095f4       0xa8 ./Drivers/STM32F4xx_HAL_Driver/Src/stm32f4xx_hal_spi.o
 .text.SPI_DMATransmitReceiveCplt
                0x0800969c       0x90 ./Drivers/STM32F4xx_HAL_Driver/Src/stm32f4xx_hal_spi.o
 .text.SPI_DMAHalfReceiveCplt
                0x0800972c       0x1c ./Drivers/STM32F4xx_HAL_Driver/Src/stm32f4xx_hal_spi.o
 .text.SPI_DMAHalfTransmitReceiveCplt
                0x08009748       0x1c ./Drivers/STM32F4xx_HAL_Driver/Src/stm32f4xx_hal_spi.o
 .text.SPI_DMAError
                0x08009764       0x40 ./Drivers/STM32F4xx_HAL_Driver/Src/stm32f4xx_hal_spi.o
 .text.SPI_DMAAbortOnError
                0x080097a4       0x28 ./Drivers/STM32F4xx_HAL_Driver/Src/stm32f4xx_hal_spi.o
 .text.SPI_WaitFlagStateUntilTimeout
                0x080097cc      0x110 ./Drivers/STM32F4xx_HAL_Driver/Src/stm32f4xx_hal_spi.o
 .text.SPI_EndRxTransaction
                0x080098dc       0xca ./Drivers/STM32F4xx_HAL_Driver/Src/stm32f4xx_hal_spi.o
 *fill*         0x080099a6        0x2 
 .text.SPI_EndRxTxTransaction
                0x080099a8       0xa8 ./Drivers/STM32F4xx_HAL_Driver/Src/stm32f4xx_hal_spi.o
 .text.HAL_TIM_Base_Init
                0x08009a50       0x9e ./Drivers/STM32F4xx_HAL_Driver/Src/stm32f4xx_hal_tim.o
                0x08009a50                HAL_TIM_Base_Init
 *fill*         0x08009aee        0x2 
 .text.HAL_TIM_Base_Start_IT
                0x08009af0       0xe0 ./Drivers/STM32F4xx_HAL_Driver/Src/stm32f4xx_hal_tim.o
                0x08009af0                HAL_TIM_Base_Start_IT
 .text.HAL_TIM_PWM_Init
                0x08009bd0       0x9e ./Drivers/STM32F4xx_HAL_Driver/Src/stm32f4xx_hal_tim.o
                0x08009bd0                HAL_TIM_PWM_Init
 .text.HAL_TIM_PWM_MspInit
                0x08009c6e       0x14 ./Drivers/STM32F4xx_HAL_Driver/Src/stm32f4xx_hal_tim.o
                0x08009c6e                HAL_TIM_PWM_MspInit
 *fill*         0x08009c82        0x2 
 .text.HAL_TIM_PWM_Start_DMA
                0x08009c84      0x390 ./Drivers/STM32F4xx_HAL_Driver/Src/stm32f4xx_hal_tim.o
                0x08009c84                HAL_TIM_PWM_Start_DMA
 .text.HAL_TIM_IRQHandler
                0x0800a014      0x1e0 ./Drivers/STM32F4xx_HAL_Driver/Src/stm32f4xx_hal_tim.o
                0x0800a014                HAL_TIM_IRQHandler
 .text.HAL_TIM_PWM_ConfigChannel
                0x0800a1f4      0x184 ./Drivers/STM32F4xx_HAL_Driver/Src/stm32f4xx_hal_tim.o
                0x0800a1f4                HAL_TIM_PWM_ConfigChannel
 .text.HAL_TIM_ConfigClockSource
                0x0800a378      0x18e ./Drivers/STM32F4xx_HAL_Driver/Src/stm32f4xx_hal_tim.o
                0x0800a378                HAL_TIM_ConfigClockSource
 .text.HAL_TIM_OC_DelayElapsedCallback
                0x0800a506       0x14 ./Drivers/STM32F4xx_HAL_Driver/Src/stm32f4xx_hal_tim.o
                0x0800a506                HAL_TIM_OC_DelayElapsedCallback
 .text.HAL_TIM_IC_CaptureCallback
                0x0800a51a       0x14 ./Drivers/STM32F4xx_HAL_Driver/Src/stm32f4xx_hal_tim.o
                0x0800a51a                HAL_TIM_IC_CaptureCallback
 .text.HAL_TIM_PWM_PulseFinishedCallback
                0x0800a52e       0x14 ./Drivers/STM32F4xx_HAL_Driver/Src/stm32f4xx_hal_tim.o
                0x0800a52e                HAL_TIM_PWM_PulseFinishedCallback
 .text.HAL_TIM_TriggerCallback
                0x0800a542       0x14 ./Drivers/STM32F4xx_HAL_Driver/Src/stm32f4xx_hal_tim.o
                0x0800a542                HAL_TIM_TriggerCallback
 .text.HAL_TIM_ErrorCallback
                0x0800a556       0x14 ./Drivers/STM32F4xx_HAL_Driver/Src/stm32f4xx_hal_tim.o
                0x0800a556                HAL_TIM_ErrorCallback
 .text.TIM_DMAError
                0x0800a56a       0x92 ./Drivers/STM32F4xx_HAL_Driver/Src/stm32f4xx_hal_tim.o
                0x0800a56a                TIM_DMAError
 .text.TIM_DMADelayPulseCplt
                0x0800a5fc       0xa8 ./Drivers/STM32F4xx_HAL_Driver/Src/stm32f4xx_hal_tim.o
 .text.TIM_DMADelayPulseHalfCplt
                0x0800a6a4       0x68 ./Drivers/STM32F4xx_HAL_Driver/Src/stm32f4xx_hal_tim.o
                0x0800a6a4                TIM_DMADelayPulseHalfCplt
 .text.TIM_Base_SetConfig
                0x0800a70c      0x14c ./Drivers/STM32F4xx_HAL_Driver/Src/stm32f4xx_hal_tim.o
                0x0800a70c                TIM_Base_SetConfig
 .text.TIM_OC1_SetConfig
                0x0800a858       0xe0 ./Drivers/STM32F4xx_HAL_Driver/Src/stm32f4xx_hal_tim.o
 .text.TIM_OC2_SetConfig
                0x0800a938       0xec ./Drivers/STM32F4xx_HAL_Driver/Src/stm32f4xx_hal_tim.o
                0x0800a938                TIM_OC2_SetConfig
 .text.TIM_OC3_SetConfig
                0x0800aa24       0xe8 ./Drivers/STM32F4xx_HAL_Driver/Src/stm32f4xx_hal_tim.o
 .text.TIM_OC4_SetConfig
                0x0800ab0c       0xac ./Drivers/STM32F4xx_HAL_Driver/Src/stm32f4xx_hal_tim.o
 .text.TIM_TI1_ConfigInputStage
                0x0800abb8       0x5e ./Drivers/STM32F4xx_HAL_Driver/Src/stm32f4xx_hal_tim.o
 .text.TIM_TI2_ConfigInputStage
                0x0800ac16       0x60 ./Drivers/STM32F4xx_HAL_Driver/Src/stm32f4xx_hal_tim.o
 .text.TIM_ITRx_SetConfig
                0x0800ac76       0x36 ./Drivers/STM32F4xx_HAL_Driver/Src/stm32f4xx_hal_tim.o
 .text.TIM_ETR_SetConfig
                0x0800acac       0x40 ./Drivers/STM32F4xx_HAL_Driver/Src/stm32f4xx_hal_tim.o
                0x0800acac                TIM_ETR_SetConfig
 .text.TIM_CCxChannelCmd
                0x0800acec       0x4a ./Drivers/STM32F4xx_HAL_Driver/Src/stm32f4xx_hal_tim.o
                0x0800acec                TIM_CCxChannelCmd
 *fill*         0x0800ad36        0x2 
 .text.HAL_TIMEx_MasterConfigSynchronization
                0x0800ad38       0xf8 ./Drivers/STM32F4xx_HAL_Driver/Src/stm32f4xx_hal_tim_ex.o
                0x0800ad38                HAL_TIMEx_MasterConfigSynchronization
 .text.HAL_TIMEx_CommutCallback
                0x0800ae30       0x14 ./Drivers/STM32F4xx_HAL_Driver/Src/stm32f4xx_hal_tim_ex.o
                0x0800ae30                HAL_TIMEx_CommutCallback
 .text.HAL_TIMEx_BreakCallback
                0x0800ae44       0x14 ./Drivers/STM32F4xx_HAL_Driver/Src/stm32f4xx_hal_tim_ex.o
                0x0800ae44                HAL_TIMEx_BreakCallback
 .text.HAL_UART_Init
                0x0800ae58       0xa0 ./Drivers/STM32F4xx_HAL_Driver/Src/stm32f4xx_hal_uart.o
                0x0800ae58                HAL_UART_Init
 .text.HAL_UART_Transmit_DMA
                0x0800aef8       0xf8 ./Drivers/STM32F4xx_HAL_Driver/Src/stm32f4xx_hal_uart.o
                0x0800aef8                HAL_UART_Transmit_DMA
 .text.HAL_UART_Receive_DMA
                0x0800aff0       0x4a ./Drivers/STM32F4xx_HAL_Driver/Src/stm32f4xx_hal_uart.o
                0x0800aff0                HAL_UART_Receive_DMA
 *fill*         0x0800b03a        0x2 
 .text.HAL_UART_IRQHandler
                0x0800b03c      0x554 ./Drivers/STM32F4xx_HAL_Driver/Src/stm32f4xx_hal_uart.o
                0x0800b03c                HAL_UART_IRQHandler
 .text.HAL_UART_TxCpltCallback
                0x0800b590       0x14 ./Drivers/STM32F4xx_HAL_Driver/Src/stm32f4xx_hal_uart.o
                0x0800b590                HAL_UART_TxCpltCallback
 .text.HAL_UART_TxHalfCpltCallback
                0x0800b5a4       0x14 ./Drivers/STM32F4xx_HAL_Driver/Src/stm32f4xx_hal_uart.o
                0x0800b5a4                HAL_UART_TxHalfCpltCallback
 .text.HAL_UART_RxCpltCallback
                0x0800b5b8       0x14 ./Drivers/STM32F4xx_HAL_Driver/Src/stm32f4xx_hal_uart.o
                0x0800b5b8                HAL_UART_RxCpltCallback
 .text.HAL_UART_RxHalfCpltCallback
                0x0800b5cc       0x14 ./Drivers/STM32F4xx_HAL_Driver/Src/stm32f4xx_hal_uart.o
                0x0800b5cc                HAL_UART_RxHalfCpltCallback
 .text.HAL_UART_ErrorCallback
                0x0800b5e0       0x14 ./Drivers/STM32F4xx_HAL_Driver/Src/stm32f4xx_hal_uart.o
                0x0800b5e0                HAL_UART_ErrorCallback
 .text.HAL_UARTEx_RxEventCallback
                0x0800b5f4       0x18 ./Drivers/STM32F4xx_HAL_Driver/Src/stm32f4xx_hal_uart.o
                0x0800b5f4                HAL_UARTEx_RxEventCallback
 .text.UART_DMATransmitCplt
                0x0800b60c       0x9a ./Drivers/STM32F4xx_HAL_Driver/Src/stm32f4xx_hal_uart.o
 .text.UART_DMATxHalfCplt
                0x0800b6a6       0x1c ./Drivers/STM32F4xx_HAL_Driver/Src/stm32f4xx_hal_uart.o
 .text.UART_DMAReceiveCplt
                0x0800b6c2      0x12c ./Drivers/STM32F4xx_HAL_Driver/Src/stm32f4xx_hal_uart.o
 .text.UART_DMARxHalfCplt
                0x0800b7ee       0x3c ./Drivers/STM32F4xx_HAL_Driver/Src/stm32f4xx_hal_uart.o
 .text.UART_DMAError
                0x0800b82a       0x94 ./Drivers/STM32F4xx_HAL_Driver/Src/stm32f4xx_hal_uart.o
 *fill*         0x0800b8be        0x2 
 .text.UART_Start_Receive_DMA
                0x0800b8c0      0x14c ./Drivers/STM32F4xx_HAL_Driver/Src/stm32f4xx_hal_uart.o
                0x0800b8c0                UART_Start_Receive_DMA
 .text.UART_EndTxTransfer
                0x0800ba0c       0x50 ./Drivers/STM32F4xx_HAL_Driver/Src/stm32f4xx_hal_uart.o
 .text.UART_EndRxTransfer
                0x0800ba5c       0xc6 ./Drivers/STM32F4xx_HAL_Driver/Src/stm32f4xx_hal_uart.o
 .text.UART_DMAAbortOnError
                0x0800bb22       0x22 ./Drivers/STM32F4xx_HAL_Driver/Src/stm32f4xx_hal_uart.o
 .text.UART_Transmit_IT
                0x0800bb44       0xa0 ./Drivers/STM32F4xx_HAL_Driver/Src/stm32f4xx_hal_uart.o
 .text.UART_EndTransmit_IT
                0x0800bbe4       0x30 ./Drivers/STM32F4xx_HAL_Driver/Src/stm32f4xx_hal_uart.o
 .text.UART_Receive_IT
                0x0800bc14      0x17c ./Drivers/STM32F4xx_HAL_Driver/Src/stm32f4xx_hal_uart.o
 .text.UART_SetConfig
                0x0800bd90      0x4e8 ./Drivers/STM32F4xx_HAL_Driver/Src/stm32f4xx_hal_uart.o
 .text.USB_CoreInit
                0x0800c278       0xc8 ./Drivers/STM32F4xx_HAL_Driver/Src/stm32f4xx_ll_usb.o
                0x0800c278                USB_CoreInit
 .text.USB_SetTurnaroundTime
                0x0800c340      0x144 ./Drivers/STM32F4xx_HAL_Driver/Src/stm32f4xx_ll_usb.o
                0x0800c340                USB_SetTurnaroundTime
 .text.USB_EnableGlobalInt
                0x0800c484       0x22 ./Drivers/STM32F4xx_HAL_Driver/Src/stm32f4xx_ll_usb.o
                0x0800c484                USB_EnableGlobalInt
 .text.USB_DisableGlobalInt
                0x0800c4a6       0x22 ./Drivers/STM32F4xx_HAL_Driver/Src/stm32f4xx_ll_usb.o
                0x0800c4a6                USB_DisableGlobalInt
 .text.USB_SetCurrentMode
                0x0800c4c8       0x98 ./Drivers/STM32F4xx_HAL_Driver/Src/stm32f4xx_ll_usb.o
                0x0800c4c8                USB_SetCurrentMode
 .text.USB_DevInit
                0x0800c560      0x2c8 ./Drivers/STM32F4xx_HAL_Driver/Src/stm32f4xx_ll_usb.o
                0x0800c560                USB_DevInit
 .text.USB_FlushTxFifo
                0x0800c828       0x64 ./Drivers/STM32F4xx_HAL_Driver/Src/stm32f4xx_ll_usb.o
                0x0800c828                USB_FlushTxFifo
 .text.USB_FlushRxFifo
                0x0800c88c       0x5c ./Drivers/STM32F4xx_HAL_Driver/Src/stm32f4xx_ll_usb.o
                0x0800c88c                USB_FlushRxFifo
 .text.USB_SetDevSpeed
                0x0800c8e8       0x32 ./Drivers/STM32F4xx_HAL_Driver/Src/stm32f4xx_ll_usb.o
                0x0800c8e8                USB_SetDevSpeed
 .text.USB_GetDevSpeed
                0x0800c91a       0x4a ./Drivers/STM32F4xx_HAL_Driver/Src/stm32f4xx_ll_usb.o
                0x0800c91a                USB_GetDevSpeed
 .text.USB_ActivateEndpoint
                0x0800c964      0x10e ./Drivers/STM32F4xx_HAL_Driver/Src/stm32f4xx_ll_usb.o
                0x0800c964                USB_ActivateEndpoint
 *fill*         0x0800ca72        0x2 
 .text.USB_DeactivateEndpoint
                0x0800ca74      0x1b8 ./Drivers/STM32F4xx_HAL_Driver/Src/stm32f4xx_ll_usb.o
                0x0800ca74                USB_DeactivateEndpoint
 .text.USB_EPStartXfer
                0x0800cc2c      0x53c ./Drivers/STM32F4xx_HAL_Driver/Src/stm32f4xx_ll_usb.o
                0x0800cc2c                USB_EPStartXfer
 .text.USB_EPStopXfer
                0x0800d168      0x154 ./Drivers/STM32F4xx_HAL_Driver/Src/stm32f4xx_ll_usb.o
                0x0800d168                USB_EPStopXfer
 .text.USB_WritePacket
                0x0800d2bc       0x7c ./Drivers/STM32F4xx_HAL_Driver/Src/stm32f4xx_ll_usb.o
                0x0800d2bc                USB_WritePacket
 .text.USB_ReadPacket
                0x0800d338       0xb0 ./Drivers/STM32F4xx_HAL_Driver/Src/stm32f4xx_ll_usb.o
                0x0800d338                USB_ReadPacket
 .text.USB_EPSetStall
                0x0800d3e8       0xdc ./Drivers/STM32F4xx_HAL_Driver/Src/stm32f4xx_ll_usb.o
                0x0800d3e8                USB_EPSetStall
 .text.USB_EPClearStall
                0x0800d4c4       0xcc ./Drivers/STM32F4xx_HAL_Driver/Src/stm32f4xx_ll_usb.o
                0x0800d4c4                USB_EPClearStall
 .text.USB_SetDevAddress
                0x0800d590       0x4c ./Drivers/STM32F4xx_HAL_Driver/Src/stm32f4xx_ll_usb.o
                0x0800d590                USB_SetDevAddress
 .text.USB_DevConnect
                0x0800d5dc       0x42 ./Drivers/STM32F4xx_HAL_Driver/Src/stm32f4xx_ll_usb.o
                0x0800d5dc                USB_DevConnect
 .text.USB_DevDisconnect
                0x0800d61e       0x42 ./Drivers/STM32F4xx_HAL_Driver/Src/stm32f4xx_ll_usb.o
                0x0800d61e                USB_DevDisconnect
 .text.USB_ReadInterrupts
                0x0800d660       0x26 ./Drivers/STM32F4xx_HAL_Driver/Src/stm32f4xx_ll_usb.o
                0x0800d660                USB_ReadInterrupts
 .text.USB_ReadDevAllOutEpInterrupt
                0x0800d686       0x34 ./Drivers/STM32F4xx_HAL_Driver/Src/stm32f4xx_ll_usb.o
                0x0800d686                USB_ReadDevAllOutEpInterrupt
 .text.USB_ReadDevAllInEpInterrupt
                0x0800d6ba       0x34 ./Drivers/STM32F4xx_HAL_Driver/Src/stm32f4xx_ll_usb.o
                0x0800d6ba                USB_ReadDevAllInEpInterrupt
 .text.USB_ReadDevOutEPInterrupt
                0x0800d6ee       0x3c ./Drivers/STM32F4xx_HAL_Driver/Src/stm32f4xx_ll_usb.o
                0x0800d6ee                USB_ReadDevOutEPInterrupt
 .text.USB_ReadDevInEPInterrupt
                0x0800d72a       0x5c ./Drivers/STM32F4xx_HAL_Driver/Src/stm32f4xx_ll_usb.o
                0x0800d72a                USB_ReadDevInEPInterrupt
 .text.USB_GetMode
                0x0800d786       0x1c ./Drivers/STM32F4xx_HAL_Driver/Src/stm32f4xx_ll_usb.o
                0x0800d786                USB_GetMode
 .text.USB_ActivateSetup
                0x0800d7a2       0x46 ./Drivers/STM32F4xx_HAL_Driver/Src/stm32f4xx_ll_usb.o
                0x0800d7a2                USB_ActivateSetup
 .text.USB_EP0_OutStart
                0x0800d7e8       0xbc ./Drivers/STM32F4xx_HAL_Driver/Src/stm32f4xx_ll_usb.o
                0x0800d7e8                USB_EP0_OutStart
 .text.USB_CoreReset
                0x0800d8a4       0x70 ./Drivers/STM32F4xx_HAL_Driver/Src/stm32f4xx_ll_usb.o
 .text.USBD_CDC_Init
                0x0800d914      0x1f0 ./Middlewares/ST/STM32_USB_Device_Library/Class/CDC/Src/usbd_cdc.o
 .text.USBD_CDC_DeInit
                0x0800db04      0x104 ./Middlewares/ST/STM32_USB_Device_Library/Class/CDC/Src/usbd_cdc.o
 .text.USBD_CDC_Setup
                0x0800dc08      0x1b8 ./Middlewares/ST/STM32_USB_Device_Library/Class/CDC/Src/usbd_cdc.o
 .text.USBD_CDC_DataIn
                0x0800ddc0       0xfe ./Middlewares/ST/STM32_USB_Device_Library/Class/CDC/Src/usbd_cdc.o
 .text.USBD_CDC_DataOut
                0x0800debe       0x70 ./Middlewares/ST/STM32_USB_Device_Library/Class/CDC/Src/usbd_cdc.o
 .text.USBD_CDC_EP0_RxReady
                0x0800df2e       0x74 ./Middlewares/ST/STM32_USB_Device_Library/Class/CDC/Src/usbd_cdc.o
 *fill*         0x0800dfa2        0x2 
 .text.USBD_CDC_GetFSCfgDesc
                0x0800dfa4       0x70 ./Middlewares/ST/STM32_USB_Device_Library/Class/CDC/Src/usbd_cdc.o
 .text.USBD_CDC_GetHSCfgDesc
                0x0800e014       0x70 ./Middlewares/ST/STM32_USB_Device_Library/Class/CDC/Src/usbd_cdc.o
 .text.USBD_CDC_GetOtherSpeedCfgDesc
                0x0800e084       0x70 ./Middlewares/ST/STM32_USB_Device_Library/Class/CDC/Src/usbd_cdc.o
 .text.USBD_CDC_GetDeviceQualifierDescriptor
                0x0800e0f4       0x20 ./Middlewares/ST/STM32_USB_Device_Library/Class/CDC/Src/usbd_cdc.o
                0x0800e0f4                USBD_CDC_GetDeviceQualifierDescriptor
 .text.USBD_CDC_RegisterInterface
                0x0800e114       0x34 ./Middlewares/ST/STM32_USB_Device_Library/Class/CDC/Src/usbd_cdc.o
                0x0800e114                USBD_CDC_RegisterInterface
 .text.USBD_CDC_SetTxBuffer
                0x0800e148       0x44 ./Middlewares/ST/STM32_USB_Device_Library/Class/CDC/Src/usbd_cdc.o
                0x0800e148                USBD_CDC_SetTxBuffer
 .text.USBD_CDC_SetRxBuffer
                0x0800e18c       0x3a ./Middlewares/ST/STM32_USB_Device_Library/Class/CDC/Src/usbd_cdc.o
                0x0800e18c                USBD_CDC_SetRxBuffer
 *fill*         0x0800e1c6        0x2 
 .text.USBD_CDC_ReceivePacket
                0x0800e1c8       0x6c ./Middlewares/ST/STM32_USB_Device_Library/Class/CDC/Src/usbd_cdc.o
                0x0800e1c8                USBD_CDC_ReceivePacket
 .text.USBD_Init
                0x0800e234       0x60 ./Middlewares/ST/STM32_USB_Device_Library/Core/Src/usbd_core.o
                0x0800e234                USBD_Init
 .text.USBD_RegisterClass
                0x0800e294       0x6c ./Middlewares/ST/STM32_USB_Device_Library/Core/Src/usbd_core.o
                0x0800e294                USBD_RegisterClass
 .text.USBD_Start
                0x0800e300       0x18 ./Middlewares/ST/STM32_USB_Device_Library/Core/Src/usbd_core.o
                0x0800e300                USBD_Start
 .text.USBD_RunTestMode
                0x0800e318       0x16 ./Middlewares/ST/STM32_USB_Device_Library/Core/Src/usbd_core.o
                0x0800e318                USBD_RunTestMode
 .text.USBD_SetClassConfig
                0x0800e32e       0x38 ./Middlewares/ST/STM32_USB_Device_Library/Core/Src/usbd_core.o
                0x0800e32e                USBD_SetClassConfig
 .text.USBD_ClrClassConfig
                0x0800e366       0x34 ./Middlewares/ST/STM32_USB_Device_Library/Core/Src/usbd_core.o
                0x0800e366                USBD_ClrClassConfig
 .text.USBD_LL_SetupStage
                0x0800e39a       0xaa ./Middlewares/ST/STM32_USB_Device_Library/Core/Src/usbd_core.o
                0x0800e39a                USBD_LL_SetupStage
 .text.USBD_LL_DataOutStage
                0x0800e444      0x178 ./Middlewares/ST/STM32_USB_Device_Library/Core/Src/usbd_core.o
                0x0800e444                USBD_LL_DataOutStage
 .text.USBD_LL_DataInStage
                0x0800e5bc      0x176 ./Middlewares/ST/STM32_USB_Device_Library/Core/Src/usbd_core.o
                0x0800e5bc                USBD_LL_DataInStage
 .text.USBD_LL_Reset
                0x0800e732       0xa6 ./Middlewares/ST/STM32_USB_Device_Library/Core/Src/usbd_core.o
                0x0800e732                USBD_LL_Reset
 .text.USBD_LL_SetSpeed
                0x0800e7d8       0x20 ./Middlewares/ST/STM32_USB_Device_Library/Core/Src/usbd_core.o
                0x0800e7d8                USBD_LL_SetSpeed
 .text.USBD_LL_Suspend
                0x0800e7f8       0x38 ./Middlewares/ST/STM32_USB_Device_Library/Core/Src/usbd_core.o
                0x0800e7f8                USBD_LL_Suspend
 .text.USBD_LL_Resume
                0x0800e830       0x30 ./Middlewares/ST/STM32_USB_Device_Library/Core/Src/usbd_core.o
                0x0800e830                USBD_LL_Resume
 .text.USBD_LL_SOF
                0x0800e860       0x40 ./Middlewares/ST/STM32_USB_Device_Library/Core/Src/usbd_core.o
                0x0800e860                USBD_LL_SOF
 .text.USBD_LL_IsoINIncomplete
                0x0800e8a0       0x64 ./Middlewares/ST/STM32_USB_Device_Library/Core/Src/usbd_core.o
                0x0800e8a0                USBD_LL_IsoINIncomplete
 .text.USBD_LL_IsoOUTIncomplete
                0x0800e904       0x64 ./Middlewares/ST/STM32_USB_Device_Library/Core/Src/usbd_core.o
                0x0800e904                USBD_LL_IsoOUTIncomplete
 .text.USBD_LL_DevConnected
                0x0800e968       0x16 ./Middlewares/ST/STM32_USB_Device_Library/Core/Src/usbd_core.o
                0x0800e968                USBD_LL_DevConnected
 .text.USBD_LL_DevDisconnected
                0x0800e97e       0x46 ./Middlewares/ST/STM32_USB_Device_Library/Core/Src/usbd_core.o
                0x0800e97e                USBD_LL_DevDisconnected
 .text.USBD_CoreFindIF
                0x0800e9c4       0x1a ./Middlewares/ST/STM32_USB_Device_Library/Core/Src/usbd_core.o
                0x0800e9c4                USBD_CoreFindIF
 .text.USBD_CoreFindEP
                0x0800e9de       0x1a ./Middlewares/ST/STM32_USB_Device_Library/Core/Src/usbd_core.o
                0x0800e9de                USBD_CoreFindEP
 .text.USBD_GetEpDesc
                0x0800e9f8       0x70 ./Middlewares/ST/STM32_USB_Device_Library/Core/Src/usbd_core.o
                0x0800e9f8                USBD_GetEpDesc
 .text.USBD_GetNextDesc
                0x0800ea68       0x38 ./Middlewares/ST/STM32_USB_Device_Library/Core/Src/usbd_core.o
                0x0800ea68                USBD_GetNextDesc
 .text.SWAPBYTE
                0x0800eaa0       0x3e ./Middlewares/ST/STM32_USB_Device_Library/Core/Src/usbd_ctlreq.o
 *fill*         0x0800eade        0x2 
 .text.USBD_StdDevReq
                0x0800eae0       0xe4 ./Middlewares/ST/STM32_USB_Device_Library/Core/Src/usbd_ctlreq.o
                0x0800eae0                USBD_StdDevReq
 .text.USBD_StdItfReq
                0x0800ebc4       0xd8 ./Middlewares/ST/STM32_USB_Device_Library/Core/Src/usbd_ctlreq.o
                0x0800ebc4                USBD_StdItfReq
 .text.USBD_StdEPReq
                0x0800ec9c      0x33e ./Middlewares/ST/STM32_USB_Device_Library/Core/Src/usbd_ctlreq.o
                0x0800ec9c                USBD_StdEPReq
 *fill*         0x0800efda        0x2 
 .text.USBD_GetDescriptor
                0x0800efdc      0x2d4 ./Middlewares/ST/STM32_USB_Device_Library/Core/Src/usbd_ctlreq.o
 .text.USBD_SetAddress
                0x0800f2b0       0x88 ./Middlewares/ST/STM32_USB_Device_Library/Core/Src/usbd_ctlreq.o
 .text.USBD_SetConfig
                0x0800f338      0x154 ./Middlewares/ST/STM32_USB_Device_Library/Core/Src/usbd_ctlreq.o
 .text.USBD_GetConfig
                0x0800f48c       0x6c ./Middlewares/ST/STM32_USB_Device_Library/Core/Src/usbd_ctlreq.o
 .text.USBD_GetStatus
                0x0800f4f8       0x68 ./Middlewares/ST/STM32_USB_Device_Library/Core/Src/usbd_ctlreq.o
 .text.USBD_SetFeature
                0x0800f560       0x52 ./Middlewares/ST/STM32_USB_Device_Library/Core/Src/usbd_ctlreq.o
 .text.USBD_ClrFeature
                0x0800f5b2       0x44 ./Middlewares/ST/STM32_USB_Device_Library/Core/Src/usbd_ctlreq.o
 .text.USBD_ParseSetupRequest
                0x0800f5f6       0x74 ./Middlewares/ST/STM32_USB_Device_Library/Core/Src/usbd_ctlreq.o
                0x0800f5f6                USBD_ParseSetupRequest
 .text.USBD_CtlError
                0x0800f66a       0x22 ./Middlewares/ST/STM32_USB_Device_Library/Core/Src/usbd_ctlreq.o
                0x0800f66a                USBD_CtlError
 .text.USBD_GetString
                0x0800f68c       0xa4 ./Middlewares/ST/STM32_USB_Device_Library/Core/Src/usbd_ctlreq.o
                0x0800f68c                USBD_GetString
 .text.USBD_GetLen
                0x0800f730       0x34 ./Middlewares/ST/STM32_USB_Device_Library/Core/Src/usbd_ctlreq.o
 .text.USBD_CtlSendData
                0x0800f764       0x3c ./Middlewares/ST/STM32_USB_Device_Library/Core/Src/usbd_ioreq.o
                0x0800f764                USBD_CtlSendData
 .text.USBD_CtlContinueSendData
                0x0800f7a0       0x22 ./Middlewares/ST/STM32_USB_Device_Library/Core/Src/usbd_ioreq.o
                0x0800f7a0                USBD_CtlContinueSendData
 .text.USBD_CtlPrepareRx
                0x0800f7c2       0x42 ./Middlewares/ST/STM32_USB_Device_Library/Core/Src/usbd_ioreq.o
                0x0800f7c2                USBD_CtlPrepareRx
 .text.USBD_CtlContinueRx
                0x0800f804       0x22 ./Middlewares/ST/STM32_USB_Device_Library/Core/Src/usbd_ioreq.o
                0x0800f804                USBD_CtlContinueRx
 .text.USBD_CtlSendStatus
                0x0800f826       0x26 ./Middlewares/ST/STM32_USB_Device_Library/Core/Src/usbd_ioreq.o
                0x0800f826                USBD_CtlSendStatus
 .text.USBD_CtlReceiveStatus
                0x0800f84c       0x26 ./Middlewares/ST/STM32_USB_Device_Library/Core/Src/usbd_ioreq.o
                0x0800f84c                USBD_CtlReceiveStatus
 .text.makeFreeRtosPriority
                0x0800f872       0x30 ./Middlewares/Third_Party/FreeRTOS/Source/CMSIS_RTOS/cmsis_os.o
 .text.inHandlerMode
                0x0800f8a2       0x24 ./Middlewares/Third_Party/FreeRTOS/Source/CMSIS_RTOS/cmsis_os.o
 .text.osKernelStart
                0x0800f8c6        0xe ./Middlewares/Third_Party/FreeRTOS/Source/CMSIS_RTOS/cmsis_os.o
                0x0800f8c6                osKernelStart
 .text.osThreadCreate
                0x0800f8d4       0x98 ./Middlewares/Third_Party/FreeRTOS/Source/CMSIS_RTOS/cmsis_os.o
                0x0800f8d4                osThreadCreate
 .text.osDelay  0x0800f96c       0x28 ./Middlewares/Third_Party/FreeRTOS/Source/CMSIS_RTOS/cmsis_os.o
                0x0800f96c                osDelay
 .text.osSemaphoreCreate
                0x0800f994       0x64 ./Middlewares/Third_Party/FreeRTOS/Source/CMSIS_RTOS/cmsis_os.o
                0x0800f994                osSemaphoreCreate
 .text.osSemaphoreWait
                0x0800f9f8       0x9c ./Middlewares/Third_Party/FreeRTOS/Source/CMSIS_RTOS/cmsis_os.o
                0x0800f9f8                osSemaphoreWait
 .text.osSemaphoreRelease
                0x0800fa94       0x6c ./Middlewares/Third_Party/FreeRTOS/Source/CMSIS_RTOS/cmsis_os.o
                0x0800fa94                osSemaphoreRelease
 .text.osDelayUntil
                0x0800fb00       0x18 ./Middlewares/Third_Party/FreeRTOS/Source/CMSIS_RTOS/cmsis_os.o
                0x0800fb00                osDelayUntil
 .text.vListInitialise
                0x0800fb18       0x40 ./Middlewares/Third_Party/FreeRTOS/Source/list.o
                0x0800fb18                vListInitialise
 .text.vListInitialiseItem
                0x0800fb58       0x1a ./Middlewares/Third_Party/FreeRTOS/Source/list.o
                0x0800fb58                vListInitialiseItem
 .text.vListInsertEnd
                0x0800fb72       0x48 ./Middlewares/Third_Party/FreeRTOS/Source/list.o
                0x0800fb72                vListInsertEnd
 .text.vListInsert
                0x0800fbba       0x72 ./Middlewares/Third_Party/FreeRTOS/Source/list.o
                0x0800fbba                vListInsert
 .text.uxListRemove
                0x0800fc2c       0x54 ./Middlewares/Third_Party/FreeRTOS/Source/list.o
                0x0800fc2c                uxListRemove
 .text.xQueueGenericReset
                0x0800fc80       0xd4 ./Middlewares/Third_Party/FreeRTOS/Source/queue.o
                0x0800fc80                xQueueGenericReset
 .text.xQueueGenericCreateStatic
                0x0800fd54       0xfa ./Middlewares/Third_Party/FreeRTOS/Source/queue.o
                0x0800fd54                xQueueGenericCreateStatic
 .text.xQueueGenericCreate
                0x0800fe4e       0x76 ./Middlewares/Third_Party/FreeRTOS/Source/queue.o
                0x0800fe4e                xQueueGenericCreate
 .text.prvInitialiseNewQueue
                0x0800fec4       0x3e ./Middlewares/Third_Party/FreeRTOS/Source/queue.o
 *fill*         0x0800ff02        0x2 
 .text.xQueueGenericSend
                0x0800ff04      0x204 ./Middlewares/Third_Party/FreeRTOS/Source/queue.o
                0x0800ff04                xQueueGenericSend
 .text.xQueueGiveFromISR
                0x08010108      0x120 ./Middlewares/Third_Party/FreeRTOS/Source/queue.o
                0x08010108                xQueueGiveFromISR
 .text.xQueueSemaphoreTake
                0x08010228      0x220 ./Middlewares/Third_Party/FreeRTOS/Source/queue.o
                0x08010228                xQueueSemaphoreTake
 .text.xQueueReceiveFromISR
                0x08010448      0x104 ./Middlewares/Third_Party/FreeRTOS/Source/queue.o
                0x08010448                xQueueReceiveFromISR
 .text.prvGetDisinheritPriorityAfterTimeout
                0x0801054c       0x30 ./Middlewares/Third_Party/FreeRTOS/Source/queue.o
 .text.prvCopyDataToQueue
                0x0801057c       0xd4 ./Middlewares/Third_Party/FreeRTOS/Source/queue.o
 .text.prvCopyDataFromQueue
                0x08010650       0x4c ./Middlewares/Third_Party/FreeRTOS/Source/queue.o
 .text.prvUnlockQueue
                0x0801069c       0xa4 ./Middlewares/Third_Party/FreeRTOS/Source/queue.o
 .text.prvIsQueueEmpty
                0x08010740       0x2c ./Middlewares/Third_Party/FreeRTOS/Source/queue.o
 .text.prvIsQueueFull
                0x0801076c       0x30 ./Middlewares/Third_Party/FreeRTOS/Source/queue.o
 .text.xTaskCreateStatic
                0x0801079c       0xc0 ./Middlewares/Third_Party/FreeRTOS/Source/tasks.o
                0x0801079c                xTaskCreateStatic
 .text.xTaskCreate
                0x0801085c       0x8a ./Middlewares/Third_Party/FreeRTOS/Source/tasks.o
                0x0801085c                xTaskCreate
 .text.prvInitialiseNewTask
                0x080108e6      0x110 ./Middlewares/Third_Party/FreeRTOS/Source/tasks.o
 *fill*         0x080109f6        0x2 
 .text.prvAddNewTaskToReadyList
                0x080109f8       0xd4 ./Middlewares/Third_Party/FreeRTOS/Source/tasks.o
 .text.vTaskDelay
                0x08010acc       0x6c ./Middlewares/Third_Party/FreeRTOS/Source/tasks.o
                0x08010acc                vTaskDelay
 .text.vTaskStartScheduler
                0x08010b38       0xc4 ./Middlewares/Third_Party/FreeRTOS/Source/tasks.o
                0x08010b38                vTaskStartScheduler
 .text.vTaskSuspendAll
                0x08010bfc       0x1c ./Middlewares/Third_Party/FreeRTOS/Source/tasks.o
                0x08010bfc                vTaskSuspendAll
 .text.xTaskResumeAll
                0x08010c18      0x13c ./Middlewares/Third_Party/FreeRTOS/Source/tasks.o
                0x08010c18                xTaskResumeAll
 .text.xTaskGetTickCount
                0x08010d54       0x20 ./Middlewares/Third_Party/FreeRTOS/Source/tasks.o
                0x08010d54                xTaskGetTickCount
 .text.xTaskIncrementTick
                0x08010d74      0x174 ./Middlewares/Third_Party/FreeRTOS/Source/tasks.o
                0x08010d74                xTaskIncrementTick
 .text.vTaskSwitchContext
                0x08010ee8       0xb8 ./Middlewares/Third_Party/FreeRTOS/Source/tasks.o
                0x08010ee8                vTaskSwitchContext
 .text.vTaskPlaceOnEventList
                0x08010fa0       0x4c ./Middlewares/Third_Party/FreeRTOS/Source/tasks.o
                0x08010fa0                vTaskPlaceOnEventList
 .text.xTaskRemoveFromEventList
                0x08010fec       0xc8 ./Middlewares/Third_Party/FreeRTOS/Source/tasks.o
                0x08010fec                xTaskRemoveFromEventList
 .text.vTaskInternalSetTimeOutState
                0x080110b4       0x2c ./Middlewares/Third_Party/FreeRTOS/Source/tasks.o
                0x080110b4                vTaskInternalSetTimeOutState
 .text.xTaskCheckForTimeOut
                0x080110e0       0xc8 ./Middlewares/Third_Party/FreeRTOS/Source/tasks.o
                0x080110e0                xTaskCheckForTimeOut
 .text.vTaskMissedYield
                0x080111a8       0x18 ./Middlewares/Third_Party/FreeRTOS/Source/tasks.o
                0x080111a8                vTaskMissedYield
 .text.prvIdleTask
                0x080111c0       0x30 ./Middlewares/Third_Party/FreeRTOS/Source/tasks.o
 .text.prvInitialiseTaskLists
                0x080111f0       0x80 ./Middlewares/Third_Party/FreeRTOS/Source/tasks.o
 .text.prvCheckTasksWaitingTermination
                0x08011270       0x5c ./Middlewares/Third_Party/FreeRTOS/Source/tasks.o
 .text.prvDeleteTCB
                0x080112cc       0x60 ./Middlewares/Third_Party/FreeRTOS/Source/tasks.o
 .text.prvResetNextTaskUnblockTime
                0x0801132c       0x40 ./Middlewares/Third_Party/FreeRTOS/Source/tasks.o
 .text.xTaskGetSchedulerState
                0x0801136c       0x3c ./Middlewares/Third_Party/FreeRTOS/Source/tasks.o
                0x0801136c                xTaskGetSchedulerState
 .text.xTaskPriorityInherit
                0x080113a8       0xec ./Middlewares/Third_Party/FreeRTOS/Source/tasks.o
                0x080113a8                xTaskPriorityInherit
 .text.xTaskPriorityDisinherit
                0x08011494      0x110 ./Middlewares/Third_Party/FreeRTOS/Source/tasks.o
                0x08011494                xTaskPriorityDisinherit
 .text.vTaskPriorityDisinheritAfterTimeout
                0x080115a4      0x120 ./Middlewares/Third_Party/FreeRTOS/Source/tasks.o
                0x080115a4                vTaskPriorityDisinheritAfterTimeout
 .text.pvTaskIncrementMutexHeldCount
                0x080116c4       0x28 ./Middlewares/Third_Party/FreeRTOS/Source/tasks.o
                0x080116c4                pvTaskIncrementMutexHeldCount
 .text.ulTaskNotifyTake
                0x080116ec       0x90 ./Middlewares/Third_Party/FreeRTOS/Source/tasks.o
                0x080116ec                ulTaskNotifyTake
 .text.xTaskGenericNotify
                0x0801177c      0x170 ./Middlewares/Third_Party/FreeRTOS/Source/tasks.o
                0x0801177c                xTaskGenericNotify
 .text.vTaskNotifyGiveFromISR
                0x080118ec      0x128 ./Middlewares/Third_Party/FreeRTOS/Source/tasks.o
                0x080118ec                vTaskNotifyGiveFromISR
 .text.prvAddCurrentTaskToDelayedList
                0x08011a14       0xcc ./Middlewares/Third_Party/FreeRTOS/Source/tasks.o
 .text.pxPortInitialiseStack
                0x08011ae0       0x68 ./Middlewares/Third_Party/FreeRTOS/Source/portable/GCC/ARM_CM4F/port.o
                0x08011ae0                pxPortInitialiseStack
 .text.prvTaskExitError
                0x08011b48       0x5c ./Middlewares/Third_Party/FreeRTOS/Source/portable/GCC/ARM_CM4F/port.o
 *fill*         0x08011ba4        0xc 
 .text.SVC_Handler
                0x08011bb0       0x28 ./Middlewares/Third_Party/FreeRTOS/Source/portable/GCC/ARM_CM4F/port.o
                0x08011bb0                SVC_Handler
 .text.prvPortStartFirstTask
                0x08011bd8       0x28 ./Middlewares/Third_Party/FreeRTOS/Source/portable/GCC/ARM_CM4F/port.o
 .text.xPortStartScheduler
                0x08011c00      0x148 ./Middlewares/Third_Party/FreeRTOS/Source/portable/GCC/ARM_CM4F/port.o
                0x08011c00                xPortStartScheduler
 .text.vPortEnterCritical
                0x08011d48       0x64 ./Middlewares/Third_Party/FreeRTOS/Source/portable/GCC/ARM_CM4F/port.o
                0x08011d48                vPortEnterCritical
 .text.vPortExitCritical
                0x08011dac       0x54 ./Middlewares/Third_Party/FreeRTOS/Source/portable/GCC/ARM_CM4F/port.o
                0x08011dac                vPortExitCritical
 .text.PendSV_Handler
                0x08011e00       0x68 ./Middlewares/Third_Party/FreeRTOS/Source/portable/GCC/ARM_CM4F/port.o
                0x08011e00                PendSV_Handler
 .text.SysTick_Handler
                0x08011e68       0x44 ./Middlewares/Third_Party/FreeRTOS/Source/portable/GCC/ARM_CM4F/port.o
                0x08011e68                SysTick_Handler
 .text.vPortSetupTimerInterrupt
                0x08011eac       0x48 ./Middlewares/Third_Party/FreeRTOS/Source/portable/GCC/ARM_CM4F/port.o
                0x08011eac                vPortSetupTimerInterrupt
 .text.vPortEnableVFP
                0x08011ef4       0x14 ./Middlewares/Third_Party/FreeRTOS/Source/portable/GCC/ARM_CM4F/port.o
 .text.vPortValidateInterruptPriority
                0x08011f08       0x84 ./Middlewares/Third_Party/FreeRTOS/Source/portable/GCC/ARM_CM4F/port.o
                0x08011f08                vPortValidateInterruptPriority
 .text.pvPortMalloc
                0x08011f8c      0x19c ./Middlewares/Third_Party/FreeRTOS/Source/portable/MemMang/heap_4.o
                0x08011f8c                pvPortMalloc
 .text.vPortFree
                0x08012128       0xc8 ./Middlewares/Third_Party/FreeRTOS/Source/portable/MemMang/heap_4.o
                0x08012128                vPortFree
 .text.prvHeapInit
                0x080121f0       0xc4 ./Middlewares/Third_Party/FreeRTOS/Source/portable/MemMang/heap_4.o
 .text.prvInsertBlockIntoFreeList
                0x080122b4       0xb4 ./Middlewares/Third_Party/FreeRTOS/Source/portable/MemMang/heap_4.o
 .text.MX_USB_DEVICE_Init
                0x08012368       0x60 ./USB_DEVICE/App/usb_device.o
                0x08012368                MX_USB_DEVICE_Init
 .text.CDC_Init_FS
                0x080123c8       0x28 ./USB_DEVICE/App/usbd_cdc_if.o
 .text.CDC_DeInit_FS
                0x080123f0       0x10 ./USB_DEVICE/App/usbd_cdc_if.o
 .text.CDC_Control_FS
                0x08012400       0xbc ./USB_DEVICE/App/usbd_cdc_if.o
 .text.CDC_Receive_FS
                0x080124bc       0x28 ./USB_DEVICE/App/usbd_cdc_if.o
 .text.CDC_TransmitCplt_FS
                0x080124e4       0x22 ./USB_DEVICE/App/usbd_cdc_if.o
 *fill*         0x08012506        0x2 
 .text.USBD_FS_DeviceDescriptor
                0x08012508       0x24 ./USB_DEVICE/App/usbd_desc.o
                0x08012508                USBD_FS_DeviceDescriptor
 .text.USBD_FS_LangIDStrDescriptor
                0x0801252c       0x24 ./USB_DEVICE/App/usbd_desc.o
                0x0801252c                USBD_FS_LangIDStrDescriptor
 .text.USBD_FS_ProductStrDescriptor
                0x08012550       0x3c ./USB_DEVICE/App/usbd_desc.o
                0x08012550                USBD_FS_ProductStrDescriptor
 .text.USBD_FS_ManufacturerStrDescriptor
                0x0801258c       0x28 ./USB_DEVICE/App/usbd_desc.o
                0x0801258c                USBD_FS_ManufacturerStrDescriptor
 .text.USBD_FS_SerialStrDescriptor
                0x080125b4       0x24 ./USB_DEVICE/App/usbd_desc.o
                0x080125b4                USBD_FS_SerialStrDescriptor
 .text.USBD_FS_ConfigStrDescriptor
                0x080125d8       0x3c ./USB_DEVICE/App/usbd_desc.o
                0x080125d8                USBD_FS_ConfigStrDescriptor
 .text.USBD_FS_InterfaceStrDescriptor
                0x08012614       0x3c ./USB_DEVICE/App/usbd_desc.o
                0x08012614                USBD_FS_InterfaceStrDescriptor
 .text.Get_SerialNum
                0x08012650       0x58 ./USB_DEVICE/App/usbd_desc.o
 .text.IntToUnicode
                0x080126a8       0x7e ./USB_DEVICE/App/usbd_desc.o
 *fill*         0x08012726        0x2 
 .text.HAL_PCD_MspInit
                0x08012728       0xa8 ./USB_DEVICE/Target/usbd_conf.o
                0x08012728                HAL_PCD_MspInit
 .text.HAL_PCD_SetupStageCallback
                0x080127d0       0x24 ./USB_DEVICE/Target/usbd_conf.o
                0x080127d0                HAL_PCD_SetupStageCallback
 .text.HAL_PCD_DataOutStageCallback
                0x080127f4       0x36 ./USB_DEVICE/Target/usbd_conf.o
                0x080127f4                HAL_PCD_DataOutStageCallback
 .text.HAL_PCD_DataInStageCallback
                0x0801282a       0x34 ./USB_DEVICE/Target/usbd_conf.o
                0x0801282a                HAL_PCD_DataInStageCallback
 .text.HAL_PCD_SOFCallback
                0x0801285e       0x1c ./USB_DEVICE/Target/usbd_conf.o
                0x0801285e                HAL_PCD_SOFCallback
 .text.HAL_PCD_ResetCallback
                0x0801287a       0x50 ./USB_DEVICE/Target/usbd_conf.o
                0x0801287a                HAL_PCD_ResetCallback
 *fill*         0x080128ca        0x2 
 .text.HAL_PCD_SuspendCallback
                0x080128cc       0x4c ./USB_DEVICE/Target/usbd_conf.o
                0x080128cc                HAL_PCD_SuspendCallback
 .text.HAL_PCD_ResumeCallback
                0x08012918       0x1c ./USB_DEVICE/Target/usbd_conf.o
                0x08012918                HAL_PCD_ResumeCallback
 .text.HAL_PCD_ISOOUTIncompleteCallback
                0x08012934       0x24 ./USB_DEVICE/Target/usbd_conf.o
                0x08012934                HAL_PCD_ISOOUTIncompleteCallback
 .text.HAL_PCD_ISOINIncompleteCallback
                0x08012958       0x24 ./USB_DEVICE/Target/usbd_conf.o
                0x08012958                HAL_PCD_ISOINIncompleteCallback
 .text.HAL_PCD_ConnectCallback
                0x0801297c       0x1c ./USB_DEVICE/Target/usbd_conf.o
                0x0801297c                HAL_PCD_ConnectCallback
 .text.HAL_PCD_DisconnectCallback
                0x08012998       0x1c ./USB_DEVICE/Target/usbd_conf.o
                0x08012998                HAL_PCD_DisconnectCallback
 .text.USBD_LL_Init
                0x080129b4       0x98 ./USB_DEVICE/Target/usbd_conf.o
                0x080129b4                USBD_LL_Init
 .text.USBD_LL_Start
                0x08012a4c       0x36 ./USB_DEVICE/Target/usbd_conf.o
                0x08012a4c                USBD_LL_Start
 .text.USBD_LL_OpenEP
                0x08012a82       0x4c ./USB_DEVICE/Target/usbd_conf.o
                0x08012a82                USBD_LL_OpenEP
 .text.USBD_LL_CloseEP
                0x08012ace       0x3e ./USB_DEVICE/Target/usbd_conf.o
                0x08012ace                USBD_LL_CloseEP
 .text.USBD_LL_StallEP
                0x08012b0c       0x3e ./USB_DEVICE/Target/usbd_conf.o
                0x08012b0c                USBD_LL_StallEP
 .text.USBD_LL_ClearStallEP
                0x08012b4a       0x3e ./USB_DEVICE/Target/usbd_conf.o
                0x08012b4a                USBD_LL_ClearStallEP
 .text.USBD_LL_IsStallEP
                0x08012b88       0x58 ./USB_DEVICE/Target/usbd_conf.o
                0x08012b88                USBD_LL_IsStallEP
 .text.USBD_LL_SetUSBAddress
                0x08012be0       0x3e ./USB_DEVICE/Target/usbd_conf.o
                0x08012be0                USBD_LL_SetUSBAddress
 .text.USBD_LL_Transmit
                0x08012c1e       0x42 ./USB_DEVICE/Target/usbd_conf.o
                0x08012c1e                USBD_LL_Transmit
 .text.USBD_LL_PrepareReceive
                0x08012c60       0x42 ./USB_DEVICE/Target/usbd_conf.o
                0x08012c60                USBD_LL_PrepareReceive
 .text.USBD_LL_GetRxDataSize
                0x08012ca2       0x26 ./USB_DEVICE/Target/usbd_conf.o
                0x08012ca2                USBD_LL_GetRxDataSize
 .text.USBD_static_malloc
                0x08012cc8       0x1c ./USB_DEVICE/Target/usbd_conf.o
                0x08012cc8                USBD_static_malloc
 .text.USBD_static_free
                0x08012ce4       0x14 ./USB_DEVICE/Target/usbd_conf.o
                0x08012ce4                USBD_static_free
 .text.USBD_Get_USB_Status
                0x08012cf8       0x58 ./USB_DEVICE/Target/usbd_conf.o
                0x08012cf8                USBD_Get_USB_Status
 .text.__cvt    0x08012d50       0xca D:/STM32CubeIDE_1.19.0/STM32CubeIDE/plugins/com.st.stm32cube.ide.mcu.externaltools.gnu-tools-for-stm32.13.3.rel1.win32_1.0.100.202509120712/tools/bin/../lib/gcc/arm-none-eabi/13.3.1/../../../../arm-none-eabi/lib/thumb/v7e-m+fp/hard\libc_nano.a(libc_a-nano-vfprintf_float.o)
                0x08012d50                __cvt
 .text.__exponent
                0x08012e1a       0x74 D:/STM32CubeIDE_1.19.0/STM32CubeIDE/plugins/com.st.stm32cube.ide.mcu.externaltools.gnu-tools-for-stm32.13.3.rel1.win32_1.0.100.202509120712/tools/bin/../lib/gcc/arm-none-eabi/13.3.1/../../../../arm-none-eabi/lib/thumb/v7e-m+fp/hard\libc_nano.a(libc_a-nano-vfprintf_float.o)
                0x08012e1a                __exponent
 *fill*         0x08012e8e        0x2 
 .text._printf_float
                0x08012e90      0x454 D:/STM32CubeIDE_1.19.0/STM32CubeIDE/plugins/com.st.stm32cube.ide.mcu.externaltools.gnu-tools-for-stm32.13.3.rel1.win32_1.0.100.202509120712/tools/bin/../lib/gcc/arm-none-eabi/13.3.1/../../../../arm-none-eabi/lib/thumb/v7e-m+fp/hard\libc_nano.a(libc_a-nano-vfprintf_float.o)
                0x08012e90                _printf_float
 .text._printf_common
                0x080132e4       0xda D:/STM32CubeIDE_1.19.0/STM32CubeIDE/plugins/com.st.stm32cube.ide.mcu.externaltools.gnu-tools-for-stm32.13.3.rel1.win32_1.0.100.202509120712/tools/bin/../lib/gcc/arm-none-eabi/13.3.1/../../../../arm-none-eabi/lib/thumb/v7e-m+fp/hard\libc_nano.a(libc_a-nano-vfprintf_i.o)
                0x080132e4                _printf_common
 *fill*         0x080133be        0x2 
 .text._printf_i
                0x080133c0      0x23c D:/STM32CubeIDE_1.19.0/STM32CubeIDE/plugins/com.st.stm32cube.ide.mcu.externaltools.gnu-tools-for-stm32.13.3.rel1.win32_1.0.100.202509120712/tools/bin/../lib/gcc/arm-none-eabi/13.3.1/../../../../arm-none-eabi/lib/thumb/v7e-m+fp/hard\libc_nano.a(libc_a-nano-vfprintf_i.o)
                0x080133c0                _printf_i
 .text.std      0x080135fc       0x6c D:/STM32CubeIDE_1.19.0/STM32CubeIDE/plugins/com.st.stm32cube.ide.mcu.externaltools.gnu-tools-for-stm32.13.3.rel1.win32_1.0.100.202509120712/tools/bin/../lib/gcc/arm-none-eabi/13.3.1/../../../../arm-none-eabi/lib/thumb/v7e-m+fp/hard\libc_nano.a(libc_a-findfp.o)
 .text.stdio_exit_handler
                0x08013668       0x18 D:/STM32CubeIDE_1.19.0/STM32CubeIDE/plugins/com.st.stm32cube.ide.mcu.externaltools.gnu-tools-for-stm32.13.3.rel1.win32_1.0.100.202509120712/tools/bin/../lib/gcc/arm-none-eabi/13.3.1/../../../../arm-none-eabi/lib/thumb/v7e-m+fp/hard\libc_nano.a(libc_a-findfp.o)
 .text.cleanup_stdio
                0x08013680       0x40 D:/STM32CubeIDE_1.19.0/STM32CubeIDE/plugins/com.st.stm32cube.ide.mcu.externaltools.gnu-tools-for-stm32.13.3.rel1.win32_1.0.100.202509120712/tools/bin/../lib/gcc/arm-none-eabi/13.3.1/../../../../arm-none-eabi/lib/thumb/v7e-m+fp/hard\libc_nano.a(libc_a-findfp.o)
 .text.global_stdio_init.part.0
                0x080136c0       0x3c D:/STM32CubeIDE_1.19.0/STM32CubeIDE/plugins/com.st.stm32cube.ide.mcu.externaltools.gnu-tools-for-stm32.13.3.rel1.win32_1.0.100.202509120712/tools/bin/../lib/gcc/arm-none-eabi/13.3.1/../../../../arm-none-eabi/lib/thumb/v7e-m+fp/hard\libc_nano.a(libc_a-findfp.o)
 .text.__sfp_lock_acquire
                0x080136fc        0xc D:/STM32CubeIDE_1.19.0/STM32CubeIDE/plugins/com.st.stm32cube.ide.mcu.externaltools.gnu-tools-for-stm32.13.3.rel1.win32_1.0.100.202509120712/tools/bin/../lib/gcc/arm-none-eabi/13.3.1/../../../../arm-none-eabi/lib/thumb/v7e-m+fp/hard\libc_nano.a(libc_a-findfp.o)
                0x080136fc                __sfp_lock_acquire
 .text.__sfp_lock_release
                0x08013708        0xc D:/STM32CubeIDE_1.19.0/STM32CubeIDE/plugins/com.st.stm32cube.ide.mcu.externaltools.gnu-tools-for-stm32.13.3.rel1.win32_1.0.100.202509120712/tools/bin/../lib/gcc/arm-none-eabi/13.3.1/../../../../arm-none-eabi/lib/thumb/v7e-m+fp/hard\libc_nano.a(libc_a-findfp.o)
                0x08013708                __sfp_lock_release
 .text.__sinit  0x08013714       0x30 D:/STM32CubeIDE_1.19.0/STM32CubeIDE/plugins/com.st.stm32cube.ide.mcu.externaltools.gnu-tools-for-stm32.13.3.rel1.win32_1.0.100.202509120712/tools/bin/../lib/gcc/arm-none-eabi/13.3.1/../../../../arm-none-eabi/lib/thumb/v7e-m+fp/hard\libc_nano.a(libc_a-findfp.o)
                0x08013714                __sinit
 .text._fwalk_sglue
                0x08013744       0x3c D:/STM32CubeIDE_1.19.0/STM32CubeIDE/plugins/com.st.stm32cube.ide.mcu.externaltools.gnu-tools-for-stm32.13.3.rel1.win32_1.0.100.202509120712/tools/bin/../lib/gcc/arm-none-eabi/13.3.1/../../../../arm-none-eabi/lib/thumb/v7e-m+fp/hard\libc_nano.a(libc_a-fwalk.o)
                0x08013744                _fwalk_sglue
 .text.__sread  0x08013780       0x22 D:/STM32CubeIDE_1.19.0/STM32CubeIDE/plugins/com.st.stm32cube.ide.mcu.externaltools.gnu-tools-for-stm32.13.3.rel1.win32_1.0.100.202509120712/tools/bin/../lib/gcc/arm-none-eabi/13.3.1/../../../../arm-none-eabi/lib/thumb/v7e-m+fp/hard\libc_nano.a(libc_a-stdio.o)
                0x08013780                __sread
 .text.__swrite
                0x080137a2       0x38 D:/STM32CubeIDE_1.19.0/STM32CubeIDE/plugins/com.st.stm32cube.ide.mcu.externaltools.gnu-tools-for-stm32.13.3.rel1.win32_1.0.100.202509120712/tools/bin/../lib/gcc/arm-none-eabi/13.3.1/../../../../arm-none-eabi/lib/thumb/v7e-m+fp/hard\libc_nano.a(libc_a-stdio.o)
                0x080137a2                __swrite
 .text.__sseek  0x080137da       0x24 D:/STM32CubeIDE_1.19.0/STM32CubeIDE/plugins/com.st.stm32cube.ide.mcu.externaltools.gnu-tools-for-stm32.13.3.rel1.win32_1.0.100.202509120712/tools/bin/../lib/gcc/arm-none-eabi/13.3.1/../../../../arm-none-eabi/lib/thumb/v7e-m+fp/hard\libc_nano.a(libc_a-stdio.o)
                0x080137da                __sseek
 .text.__sclose
                0x080137fe        0x8 D:/STM32CubeIDE_1.19.0/STM32CubeIDE/plugins/com.st.stm32cube.ide.mcu.externaltools.gnu-tools-for-stm32.13.3.rel1.win32_1.0.100.202509120712/tools/bin/../lib/gcc/arm-none-eabi/13.3.1/../../../../arm-none-eabi/lib/thumb/v7e-m+fp/hard\libc_nano.a(libc_a-stdio.o)
                0x080137fe                __sclose
 .text.memset   0x08013806       0x10 D:/STM32CubeIDE_1.19.0/STM32CubeIDE/plugins/com.st.stm32cube.ide.mcu.externaltools.gnu-tools-for-stm32.13.3.rel1.win32_1.0.100.202509120712/tools/bin/../lib/gcc/arm-none-eabi/13.3.1/../../../../arm-none-eabi/lib/thumb/v7e-m+fp/hard\libc_nano.a(libc_a-memset.o)
                0x08013806                memset
 *fill*         0x08013816        0x2 
 .text._localeconv_r
                0x08013818        0x8 D:/STM32CubeIDE_1.19.0/STM32CubeIDE/plugins/com.st.stm32cube.ide.mcu.externaltools.gnu-tools-for-stm32.13.3.rel1.win32_1.0.100.202509120712/tools/bin/../lib/gcc/arm-none-eabi/13.3.1/../../../../arm-none-eabi/lib/thumb/v7e-m+fp/hard\libc_nano.a(libc_a-localeconv.o)
                0x08013818                _localeconv_r
 .text._close_r
                0x08013820       0x20 D:/STM32CubeIDE_1.19.0/STM32CubeIDE/plugins/com.st.stm32cube.ide.mcu.externaltools.gnu-tools-for-stm32.13.3.rel1.win32_1.0.100.202509120712/tools/bin/../lib/gcc/arm-none-eabi/13.3.1/../../../../arm-none-eabi/lib/thumb/v7e-m+fp/hard\libc_nano.a(libc_a-closer.o)
                0x08013820                _close_r
 .text._lseek_r
                0x08013840       0x24 D:/STM32CubeIDE_1.19.0/STM32CubeIDE/plugins/com.st.stm32cube.ide.mcu.externaltools.gnu-tools-for-stm32.13.3.rel1.win32_1.0.100.202509120712/tools/bin/../lib/gcc/arm-none-eabi/13.3.1/../../../../arm-none-eabi/lib/thumb/v7e-m+fp/hard\libc_nano.a(libc_a-lseekr.o)
                0x08013840                _lseek_r
 .text._read_r  0x08013864       0x24 D:/STM32CubeIDE_1.19.0/STM32CubeIDE/plugins/com.st.stm32cube.ide.mcu.externaltools.gnu-tools-for-stm32.13.3.rel1.win32_1.0.100.202509120712/tools/bin/../lib/gcc/arm-none-eabi/13.3.1/../../../../arm-none-eabi/lib/thumb/v7e-m+fp/hard\libc_nano.a(libc_a-readr.o)
                0x08013864                _read_r
 .text._write_r
                0x08013888       0x24 D:/STM32CubeIDE_1.19.0/STM32CubeIDE/plugins/com.st.stm32cube.ide.mcu.externaltools.gnu-tools-for-stm32.13.3.rel1.win32_1.0.100.202509120712/tools/bin/../lib/gcc/arm-none-eabi/13.3.1/../../../../arm-none-eabi/lib/thumb/v7e-m+fp/hard\libc_nano.a(libc_a-writer.o)
                0x08013888                _write_r
 .text.__errno  0x080138ac        0xc D:/STM32CubeIDE_1.19.0/STM32CubeIDE/plugins/com.st.stm32cube.ide.mcu.externaltools.gnu-tools-for-stm32.13.3.rel1.win32_1.0.100.202509120712/tools/bin/../lib/gcc/arm-none-eabi/13.3.1/../../../../arm-none-eabi/lib/thumb/v7e-m+fp/hard\libc_nano.a(libc_a-errno.o)
                0x080138ac                __errno
 .text.__libc_init_array
                0x080138b8       0x48 D:/STM32CubeIDE_1.19.0/STM32CubeIDE/plugins/com.st.stm32cube.ide.mcu.externaltools.gnu-tools-for-stm32.13.3.rel1.win32_1.0.100.202509120712/tools/bin/../lib/gcc/arm-none-eabi/13.3.1/../../../../arm-none-eabi/lib/thumb/v7e-m+fp/hard\libc_nano.a(libc_a-init.o)
                0x080138b8                __libc_init_array
 .text.__retarget_lock_init_recursive
                0x08013900        0x2 D:/STM32CubeIDE_1.19.0/STM32CubeIDE/plugins/com.st.stm32cube.ide.mcu.externaltools.gnu-tools-for-stm32.13.3.rel1.win32_1.0.100.202509120712/tools/bin/../lib/gcc/arm-none-eabi/13.3.1/../../../../arm-none-eabi/lib/thumb/v7e-m+fp/hard\libc_nano.a(libc_a-lock.o)
                0x08013900                __retarget_lock_init_recursive
 .text.__retarget_lock_acquire_recursive
                0x08013902        0x2 D:/STM32CubeIDE_1.19.0/STM32CubeIDE/plugins/com.st.stm32cube.ide.mcu.externaltools.gnu-tools-for-stm32.13.3.rel1.win32_1.0.100.202509120712/tools/bin/../lib/gcc/arm-none-eabi/13.3.1/../../../../arm-none-eabi/lib/thumb/v7e-m+fp/hard\libc_nano.a(libc_a-lock.o)
                0x08013902                __retarget_lock_acquire_recursive
 .text.__retarget_lock_release_recursive