../Core/Src/main.c:196:6:HAL_TIM_PeriodElapsedCallback	16	static
../Core/Src/main.c:213:6:HAL_ADC_ConvCpltCallback	32	static
../Core/Src/main.c:224:6:HAL_SPI_TxRxCpltCallback	16	static
../Core/Src/main.c:241:6:HAL_TIM_PWM_PulseFinishedHalfCpltCallback	24	static
../Core/Src/main.c:271:21:constrain	24	static
../Core/Src/main.c:282:7:get_pitch	24	static
../Core/Src/main.c:286:7:get_roll	16	static
../Core/Src/main.c:290:6:init_PIDs	8	static
../Core/Src/main.c:305:6:CRSF_IdleHandler	24	static
../Core/Src/main.c:342:5:main	48	static
../Core/Src/main.c:640:6:SystemClock_Config	88	static
../Core/Src/main.c:689:6:Error_Handler	4	static,ignoring_inline_asm
