../Core/Src/main.c:136:6:HAL_TIM_PeriodElapsedCallback	16	static
../Core/Src/main.c:146:6:HAL_SPI_TxRxCpltCallback	16	static
../Core/Src/main.c:158:6:HAL_TIM_PWM_PulseFinishedHalfCpltCallback	24	static
../Core/Src/main.c:187:21:constrain	24	static
../Core/Src/main.c:198:7:get_pitch	24	static
../Core/Src/main.c:202:7:get_roll	16	static
../Core/Src/main.c:206:6:init_PIDs	8	static
../Core/Src/main.c:221:6:CRSF_IdleHandler	24	static
../Core/Src/main.c:253:5:main	72	static
../Core/Src/main.c:420:6:SystemClock_Config	88	static
../Core/Src/main.c:470:6:Error_Handler	4	static,ignoring_inline_asm
