../Core/Src/stm32f4xx_it.c:84:6:NMI_Handler	4	static
../Core/Src/stm32f4xx_it.c:99:6:HardFault_Handler	4	static
../Core/Src/stm32f4xx_it.c:114:6:MemManage_Handler	4	static
../Core/Src/stm32f4xx_it.c:129:6:BusFault_Handler	4	static
../Core/Src/stm32f4xx_it.c:144:6:UsageFault_Handler	4	static
../Core/Src/stm32f4xx_it.c:159:6:SVC_Handler	4	static
../Core/Src/stm32f4xx_it.c:172:6:DebugMon_Handler	4	static
../Core/Src/stm32f4xx_it.c:185:6:PendSV_Handler	4	static
../Core/Src/stm32f4xx_it.c:198:6:SysTick_Handler	8	static
../Core/Src/stm32f4xx_it.c:219:6:DMA1_Stream0_IRQHandler	8	static
../Core/Src/stm32f4xx_it.c:233:6:DMA1_Stream1_IRQHandler	8	static
../Core/Src/stm32f4xx_it.c:247:6:DMA1_Stream2_IRQHandler	8	static
../Core/Src/stm32f4xx_it.c:261:6:DMA1_Stream5_IRQHandler	8	static
../Core/Src/stm32f4xx_it.c:275:6:ADC_IRQHandler	8	static
../Core/Src/stm32f4xx_it.c:289:6:TIM2_IRQHandler	8	static
../Core/Src/stm32f4xx_it.c:303:6:TIM4_IRQHandler	8	static
../Core/Src/stm32f4xx_it.c:317:6:SPI1_IRQHandler	8	static
../Core/Src/stm32f4xx_it.c:331:6:DMA1_Stream7_IRQHandler	8	static
../Core/Src/stm32f4xx_it.c:345:6:SPI3_IRQHandler	8	static
../Core/Src/stm32f4xx_it.c:359:6:DMA2_Stream0_IRQHandler	8	static
../Core/Src/stm32f4xx_it.c:373:6:DMA2_Stream1_IRQHandler	8	static
../Core/Src/stm32f4xx_it.c:387:6:DMA2_Stream3_IRQHandler	8	static
../Core/Src/stm32f4xx_it.c:401:6:DMA2_Stream4_IRQHandler	8	static
../Core/Src/stm32f4xx_it.c:415:6:OTG_FS_IRQHandler	8	static
../Core/Src/stm32f4xx_it.c:429:6:USART6_IRQHandler	16	static
