../Core/Src/w25q256.c:12:6:csLow	8	static
../Core/Src/w25q256.c:15:6:csHigh	8	static
../Core/Src/w25q256.c:18:9:W25Q_ReadStatus1	16	static
../Core/Src/w25q256.c:30:6:W25Q_Reset	16	static
../Core/Src/w25q256.c:42:10:W25Q_ReadID	32	static
../Core/Src/w25q256.c:55:9:W25Q_ReadStatus	16	static
../Core/Src/w25q256.c:67:6:W25Q_Read	32	static
../Core/Src/w25q256.c:80:6:W25Q_EnableWrite	16	static
../Core/Src/w25q256.c:88:6:W25Q_WaitBusy	16	static
../Core/Src/w25q256.c:102:6:W25Q_SectorErase	24	static
../Core/Src/w25q256.c:119:6:W25Q_BlockErase	24	static
../Core/Src/w25q256.c:136:6:W25Q_PageProgram	24	static
